Archive member included to satisfy reference by file (symbol)

F:/Knowledge_Update/STM32CubeIDE_1.19.0/STM32CubeIDE/plugins/com.st.stm32cube.ide.mcu.externaltools.gnu-tools-for-stm32.13.3.rel1.win32_1.0.0.202411081344/tools/bin/../lib/gcc/arm-none-eabi/13.3.1/../../../../arm-none-eabi/lib/thumb/v7e-m+fp/hard\libc_nano.a(libc_a-exit.o)
                              F:/Knowledge_Update/STM32CubeIDE_1.19.0/STM32CubeIDE/plugins/com.st.stm32cube.ide.mcu.externaltools.gnu-tools-for-stm32.13.3.rel1.win32_1.0.0.202411081344/tools/bin/../lib/gcc/arm-none-eabi/13.3.1/../../../../arm-none-eabi/lib/thumb/v7e-m+fp/hard/crt0.o (exit)
F:/Knowledge_Update/STM32CubeIDE_1.19.0/STM32CubeIDE/plugins/com.st.stm32cube.ide.mcu.externaltools.gnu-tools-for-stm32.13.3.rel1.win32_1.0.0.202411081344/tools/bin/../lib/gcc/arm-none-eabi/13.3.1/../../../../arm-none-eabi/lib/thumb/v7e-m+fp/hard\libc_nano.a(libc_a-findfp.o)
                              F:/Knowledge_Update/STM32CubeIDE_1.19.0/STM32CubeIDE/plugins/com.st.stm32cube.ide.mcu.externaltools.gnu-tools-for-stm32.13.3.rel1.win32_1.0.0.202411081344/tools/bin/../lib/gcc/arm-none-eabi/13.3.1/../../../../arm-none-eabi/lib/thumb/v7e-m+fp/hard\libc_nano.a(libc_a-exit.o) (__stdio_exit_handler)
F:/Knowledge_Update/STM32CubeIDE_1.19.0/STM32CubeIDE/plugins/com.st.stm32cube.ide.mcu.externaltools.gnu-tools-for-stm32.13.3.rel1.win32_1.0.0.202411081344/tools/bin/../lib/gcc/arm-none-eabi/13.3.1/../../../../arm-none-eabi/lib/thumb/v7e-m+fp/hard\libc_nano.a(libc_a-fwalk.o)
                              F:/Knowledge_Update/STM32CubeIDE_1.19.0/STM32CubeIDE/plugins/com.st.stm32cube.ide.mcu.externaltools.gnu-tools-for-stm32.13.3.rel1.win32_1.0.0.202411081344/tools/bin/../lib/gcc/arm-none-eabi/13.3.1/../../../../arm-none-eabi/lib/thumb/v7e-m+fp/hard\libc_nano.a(libc_a-findfp.o) (_fwalk_sglue)
F:/Knowledge_Update/STM32CubeIDE_1.19.0/STM32CubeIDE/plugins/com.st.stm32cube.ide.mcu.externaltools.gnu-tools-for-stm32.13.3.rel1.win32_1.0.0.202411081344/tools/bin/../lib/gcc/arm-none-eabi/13.3.1/../../../../arm-none-eabi/lib/thumb/v7e-m+fp/hard\libc_nano.a(libc_a-snprintf.o)
                              ./Core/Src/main.o (snprintf)
F:/Knowledge_Update/STM32CubeIDE_1.19.0/STM32CubeIDE/plugins/com.st.stm32cube.ide.mcu.externaltools.gnu-tools-for-stm32.13.3.rel1.win32_1.0.0.202411081344/tools/bin/../lib/gcc/arm-none-eabi/13.3.1/../../../../arm-none-eabi/lib/thumb/v7e-m+fp/hard\libc_nano.a(libc_a-stdio.o)
                              F:/Knowledge_Update/STM32CubeIDE_1.19.0/STM32CubeIDE/plugins/com.st.stm32cube.ide.mcu.externaltools.gnu-tools-for-stm32.13.3.rel1.win32_1.0.0.202411081344/tools/bin/../lib/gcc/arm-none-eabi/13.3.1/../../../../arm-none-eabi/lib/thumb/v7e-m+fp/hard\libc_nano.a(libc_a-findfp.o) (__sread)
F:/Knowledge_Update/STM32CubeIDE_1.19.0/STM32CubeIDE/plugins/com.st.stm32cube.ide.mcu.externaltools.gnu-tools-for-stm32.13.3.rel1.win32_1.0.0.202411081344/tools/bin/../lib/gcc/arm-none-eabi/13.3.1/../../../../arm-none-eabi/lib/thumb/v7e-m+fp/hard\libc_nano.a(libc_a-memcmp.o)
                              ./RTOS_related_files/ThirdParty/SEGGER/OS/SEGGER_SYSVIEW_FreeRTOS.o (memcmp)
F:/Knowledge_Update/STM32CubeIDE_1.19.0/STM32CubeIDE/plugins/com.st.stm32cube.ide.mcu.externaltools.gnu-tools-for-stm32.13.3.rel1.win32_1.0.0.202411081344/tools/bin/../lib/gcc/arm-none-eabi/13.3.1/../../../../arm-none-eabi/lib/thumb/v7e-m+fp/hard\libc_nano.a(libc_a-memset.o)
                              F:/Knowledge_Update/STM32CubeIDE_1.19.0/STM32CubeIDE/plugins/com.st.stm32cube.ide.mcu.externaltools.gnu-tools-for-stm32.13.3.rel1.win32_1.0.0.202411081344/tools/bin/../lib/gcc/arm-none-eabi/13.3.1/../../../../arm-none-eabi/lib/thumb/v7e-m+fp/hard/crt0.o (memset)
F:/Knowledge_Update/STM32CubeIDE_1.19.0/STM32CubeIDE/plugins/com.st.stm32cube.ide.mcu.externaltools.gnu-tools-for-stm32.13.3.rel1.win32_1.0.0.202411081344/tools/bin/../lib/gcc/arm-none-eabi/13.3.1/../../../../arm-none-eabi/lib/thumb/v7e-m+fp/hard\libc_nano.a(libc_a-closer.o)
                              F:/Knowledge_Update/STM32CubeIDE_1.19.0/STM32CubeIDE/plugins/com.st.stm32cube.ide.mcu.externaltools.gnu-tools-for-stm32.13.3.rel1.win32_1.0.0.202411081344/tools/bin/../lib/gcc/arm-none-eabi/13.3.1/../../../../arm-none-eabi/lib/thumb/v7e-m+fp/hard\libc_nano.a(libc_a-stdio.o) (_close_r)
F:/Knowledge_Update/STM32CubeIDE_1.19.0/STM32CubeIDE/plugins/com.st.stm32cube.ide.mcu.externaltools.gnu-tools-for-stm32.13.3.rel1.win32_1.0.0.202411081344/tools/bin/../lib/gcc/arm-none-eabi/13.3.1/../../../../arm-none-eabi/lib/thumb/v7e-m+fp/hard\libc_nano.a(libc_a-reent.o)
                              F:/Knowledge_Update/STM32CubeIDE_1.19.0/STM32CubeIDE/plugins/com.st.stm32cube.ide.mcu.externaltools.gnu-tools-for-stm32.13.3.rel1.win32_1.0.0.202411081344/tools/bin/../lib/gcc/arm-none-eabi/13.3.1/../../../../arm-none-eabi/lib/thumb/v7e-m+fp/hard\libc_nano.a(libc_a-closer.o) (errno)
[...]
Memory Configuration

Name             Origin             Length             Attributes
RAM              0x20000000         0x00020000         xrw
FLASH            0x08000000         0x00080000         xr
*default*        0x00000000         0xffffffff

Linker script and memory map

LOAD F:/Knowledge_Update/STM32CubeIDE_1.19.0/STM32CubeIDE/plugins/com.st.stm32cube.ide.mcu.externaltools.gnu-tools-for-stm32.13.3.rel1.win32_1.0.0.202411081344/tools/bin/../lib/gcc/arm-none-eabi/13.3.1/thumb/v7e-m+fp/hard/crti.o
LOAD F:/Knowledge_Update/STM32CubeIDE_1.19.0/STM32CubeIDE/plugins/com.st.stm32cube.ide.mcu.externaltools.gnu-tools-for-stm32.13.3.rel1.win32_1.0.0.202411081344/tools/bin/../lib/gcc/arm-none-eabi/13.3.1/thumb/v7e-m+fp/hard/crtbegin.o
LOAD F:/Knowledge_Update/STM32CubeIDE_1.19.0/STM32CubeIDE/plugins/com.st.stm32cube.ide.mcu.externaltools.gnu-tools-for-stm32.13.3.rel1.win32_1.0.0.202411081344/tools/bin/../lib/gcc/arm-none-eabi/13.3.1/../../../../arm-none-eabi/lib/thumb/v7e-m+fp/hard/crt0.o
LOAD ./Core/Src/main.o
LOAD ./Core/Src/stm32f4xx_hal_msp.o
LOAD ./Core/Src/stm32f4xx_hal_timebase_tim.o
LOAD ./Core/Src/stm32f4xx_it.o
LOAD ./Core/Src/syscalls.o
LOAD ./Core/Src/system_stm32f4xx.o
LOAD ./Core/Startup/startup_stm32f446retx.o
LOAD ./Drivers/STM32F4xx_HAL_Driver/Src/stm32f4xx_hal.o
LOAD ./Drivers/STM32F4xx_HAL_Driver/Src/stm32f4xx_hal_cortex.o
LOAD ./Drivers/STM32F4xx_HAL_Driver/Src/stm32f4xx_hal_dma.o
LOAD ./Drivers/STM32F4xx_HAL_Driver/Src/stm32f4xx_hal_dma_ex.o
LOAD ./Drivers/STM32F4xx_HAL_Driver/Src/stm32f4xx_hal_exti.o
LOAD ./Drivers/STM32F4xx_HAL_Driver/Src/stm32f4xx_hal_flash.o
LOAD ./Drivers/STM32F4xx_HAL_Driver/Src/stm32f4xx_hal_flash_ex.o
LOAD ./Drivers/STM32F4xx_HAL_Driver/Src/stm32f4xx_hal_flash_ramfunc.o
LOAD ./Drivers/STM32F4xx_HAL_Driver/Src/stm32f4xx_hal_gpio.o
LOAD ./Drivers/STM32F4xx_HAL_Driver/Src/stm32f4xx_hal_pwr.o
LOAD ./Drivers/STM32F4xx_HAL_Driver/Src/stm32f4xx_hal_pwr_ex.o
LOAD ./Drivers/STM32F4xx_HAL_Driver/Src/stm32f4xx_hal_rcc.o
LOAD ./Drivers/STM32F4xx_HAL_Driver/Src/stm32f4xx_hal_rcc_ex.o
LOAD ./Drivers/STM32F4xx_HAL_Driver/Src/stm32f4xx_hal_tim.o
LOAD ./Drivers/STM32F4xx_HAL_Driver/Src/stm32f4xx_hal_tim_ex.o
LOAD ./RTOS_related_files/ThirdParty/FreeRTOS/croutine.o
LOAD ./RTOS_related_files/ThirdParty/FreeRTOS/event_groups.o
LOAD ./RTOS_related_files/ThirdParty/FreeRTOS/list.o
LOAD ./RTOS_related_files/ThirdParty/FreeRTOS/queue.o
LOAD ./RTOS_related_files/ThirdParty/FreeRTOS/stream_buffer.o
LOAD ./RTOS_related_files/ThirdParty/FreeRTOS/tasks.o
LOAD ./RTOS_related_files/ThirdParty/FreeRTOS/timers.o
LOAD ./RTOS_related_files/ThirdParty/FreeRTOS/portable/GCC/ARM_CM4F/port.o
LOAD ./RTOS_related_files/ThirdParty/FreeRTOS/portable/MemMang/heap_4.o
LOAD ./RTOS_related_files/ThirdParty/SEGGER/Config/SEGGER_SYSVIEW_Config_FreeRTOS.o
LOAD ./RTOS_related_files/ThirdParty/SEGGER/OS/SEGGER_SYSVIEW_FreeRTOS.o
LOAD ./RTOS_related_files/ThirdParty/SEGGER/Rec/segger_uart.o
LOAD ./RTOS_related_files/ThirdParty/SEGGER/SEGGER/SEGGER_RTT.o
LOAD ./RTOS_related_files/ThirdParty/SEGGER/SEGGER/SEGGER_RTT_ASM_ARMv7M.o
LOAD ./RTOS_related_files/ThirdParty/SEGGER/SEGGER/SEGGER_RTT_printf.o
LOAD ./RTOS_related_files/ThirdParty/SEGGER/SEGGER/SEGGER_SYSVIEW.o
LOAD ./RTOS_related_files/ThirdParty/SEGGER/SEGGER/Syscalls/SEGGER_RTT_Syscalls_GCC.o
START GROUP
LOAD F:/Knowledge_Update/STM32CubeIDE_1.19.0/STM32CubeIDE/plugins/com.st.stm32cube.ide.mcu.externaltools.gnu-tools-for-stm32.13.3.rel1.win32_1.0.0.202411081344/tools/bin/../lib/gcc/arm-none-eabi/13.3.1/../../../../arm-none-eabi/lib/thumb/v7e-m+fp/hard\libc_nano.a
LOAD F:/Knowledge_Update/STM32CubeIDE_1.19.0/STM32CubeIDE/plugins/com.st.stm32cube.ide.mcu.externaltools.gnu-tools-for-stm32.13.3.rel1.win32_1.0.0.202411081344/tools/bin/../lib/gcc/arm-none-eabi/13.3.1/../../../../arm-none-eabi/lib/thumb/v7e-m+fp/hard\libm.a
END GROUP
START GROUP
LOAD F:/Knowledge_Update/STM32CubeIDE_1.19.0/STM32CubeIDE/plugins/com.st.stm32cube.ide.mcu.externaltools.gnu-tools-for-stm32.13.3.rel1.win32_1.0.0.202411081344/tools/bin/../lib/gcc/arm-none-eabi/13.3.1/thumb/v7e-m+fp/hard\libgcc.a
LOAD F:/Knowledge_Update/STM32CubeIDE_1.19.0/STM32CubeIDE/plugins/com.st.stm32cube.ide.mcu.externaltools.gnu-tools-for-stm32.13.3.rel1.win32_1.0.0.202411081344/tools/bin/../lib/gcc/arm-none-eabi/13.3.1/../../../../arm-none-eabi/lib/thumb/v7e-m+fp/hard\libc_nano.a
END GROUP
START GROUP
LOAD F:/Knowledge_Update/STM32CubeIDE_1.19.0/STM32CubeIDE/plugins/com.st.stm32cube.ide.mcu.externaltools.gnu-tools-for-stm32.13.3.rel1.win32_1.0.0.202411081344/tools/bin/../lib/gcc/arm-none-eabi/13.3.1/thumb/v7e-m+fp/hard\libgcc.a
LOAD F:/Knowledge_Update/STM32CubeIDE_1.19.0/STM32CubeIDE/plugins/com.st.stm32cube.ide.mcu.externaltools.gnu-tools-for-stm32.13.3.rel1.win32_1.0.0.202411081344/tools/bin/../lib/gcc/arm-none-eabi/13.3.1/../../../../arm-none-eabi/lib/thumb/v7e-m+fp/hard\libc_nano.a
LOAD F:/Knowledge_Update/STM32CubeIDE_1.19.0/STM32CubeIDE/plugins/com.st.stm32cube.ide.mcu.externaltools.gnu-tools-for-stm32.13.3.rel1.win32_1.0.0.202411081344/tools/bin/../lib/gcc/arm-none-eabi/13.3.1/../../../../arm-none-eabi/lib/thumb/v7e-m+fp/hard\libnosys.a
END GROUP
START GROUP
LOAD F:/Knowledge_Update/STM32CubeIDE_1.19.0/STM32CubeIDE/plugins/com.st.stm32cube.ide.mcu.externaltools.gnu-tools-for-stm32.13.3.rel1.win32_1.0.0.202411081344/tools/bin/../lib/gcc/arm-none-eabi/13.3.1/thumb/v7e-m+fp/hard\libgcc.a
LOAD F:/Knowledge_Update/STM32CubeIDE_1.19.0/STM32CubeIDE/plugins/com.st.stm32cube.ide.mcu.externaltools.gnu-tools-for-stm32.13.3.rel1.win32_1.0.0.202411081344/tools/bin/../lib/gcc/arm-none-eabi/13.3.1/../../../../arm-none-eabi/lib/thumb/v7e-m+fp/hard\libc_nano.a
LOAD F:/Knowledge_Update/STM32CubeIDE_1.19.0/STM32CubeIDE/plugins/com.st.stm32cube.ide.mcu.externaltools.gnu-tools-for-stm32.13.3.rel1.win32_1.0.0.202411081344/tools/bin/../lib/gcc/arm-none-eabi/13.3.1/../../../../arm-none-eabi/lib/thumb/v7e-m+fp/hard\libnosys.a
END GROUP
LOAD F:/Knowledge_Update/STM32CubeIDE_1.19.0/STM32CubeIDE/plugins/com.st.stm32cube.ide.mcu.externaltools.gnu-tools-for-stm32.13.3.rel1.win32_1.0.0.202411081344/tools/bin/../lib/gcc/arm-none-eabi/13.3.1/thumb/v7e-m+fp/hard/crtend.o
LOAD F:/Knowledge_Update/STM32CubeIDE_1.19.0/STM32CubeIDE/plugins/com.st.stm32cube.ide.mcu.externaltools.gnu-tools-for-stm32.13.3.rel1.win32_1.0.0.202411081344/tools/bin/../lib/gcc/arm-none-eabi/13.3.1/thumb/v7e-m+fp/hard/crtn.o
                0x20020000                        _estack = (ORIGIN (RAM) + LENGTH (RAM))
                0x00000200                        _Min_Heap_Size = 0x200
                0x00000400                        _Min_Stack_Size = 0x400

.isr_vector     0x08000000      0x1c4
                0x08000000                        . = ALIGN (0x4)
 *(.isr_vector)
 .isr_vector    0x08000000      0x1c4 ./Core/Startup/startup_stm32f446retx.o
                0x08000000                g_pfnVectors
                0x080001c4                        . = ALIGN (0x4)

.text           0x080001d0     0x7ef8
                0x080001d0                        . = ALIGN (0x4)
 *(.text)
 .text          0x080001d0       0x40 F:/Knowledge_Update/STM32CubeIDE_1.19.0/STM32CubeIDE/plugins/com.st.stm32cube.ide.mcu.externaltools.gnu-tools-for-stm32.13.3.rel1.win32_1.0.0.202411081344/tools/bin/../lib/gcc/arm-none-eabi/13.3.1/thumb/v7e-m+fp/hard/crtbegin.o
 .text          0x08000210       0x94 ./RTOS_related_files/ThirdParty/SEGGER/SEGGER/SEGGER_RTT_ASM_ARMv7M.o
                0x08000210                SEGGER_RTT_ASM_WriteSkipNoLock
 *fill*         0x080002a4        0xc 
 .text          0x080002b0       0xa0 F:/Knowledge_Update/STM32CubeIDE_1.19.0/STM32CubeIDE/plugins/com.st.stm32cube.ide.mcu.externaltools.gnu-tools-for-stm32.13.3.rel1.win32_1.0.0.202411081344/tools/bin/../lib/gcc/arm-none-eabi/13.3.1/../../../../arm-none-eabi/lib/thumb/v7e-m+fp/hard\libc_nano.a(libc_a-memchr.o)
                0x080002b0                memchr
 .text          0x08000350       0x30 F:/Knowledge_Update/STM32CubeIDE_1.19.0/STM32CubeIDE/plugins/com.st.stm32cube.ide.mcu.externaltools.gnu-tools-for-stm32.13.3.rel1.win32_1.0.0.202411081344/tools/bin/../lib/gcc/arm-none-eabi/13.3.1/thumb/v7e-m+fp/hard\libgcc.a(_aeabi_uldivmod.o)
                0x08000350                __aeabi_uldivmod
 .text          0x08000380      0x2f8 F:/Knowledge_Update/STM32CubeIDE_1.19.0/STM32CubeIDE/plugins/com.st.stm32cube.ide.mcu.externaltools.gnu-tools-for-stm32.13.3.rel1.win32_1.0.0.202411081344/tools/bin/../lib/gcc/arm-none-eabi/13.3.1/thumb/v7e-m+fp/hard\libgcc.a(_udivmoddi4.o)
                0x08000380                __udivmoddi4
 .text          0x08000678        0x4 F:/Knowledge_Update/STM32CubeIDE_1.19.0/STM32CubeIDE/plugins/com.st.stm32cube.ide.mcu.externaltools.gnu-tools-for-stm32.13.3.rel1.win32_1.0.0.202411081344/tools/bin/../lib/gcc/arm-none-eabi/13.3.1/thumb/v7e-m+fp/hard\libgcc.a(_dvmd_tls.o)
                0x08000678                __aeabi_idiv0
                0x08000678                __aeabi_ldiv0
 *(.text*)
 .text.main     0x0800067c       0xb8 ./Core/Src/main.o
                0x0800067c                main
 .text.SystemClock_Config
                0x08000734       0xd8 ./Core/Src/main.o
                0x08000734                SystemClock_Config
 .text.MX_GPIO_Init
                0x0800080c       0xfc ./Core/Src/main.o
 .text.task1_handler
                0x08000908       0x3c ./Core/Src/main.o
 .text.led_blink
                0x08000944       0x34 ./Core/Src/main.o
 .text.HAL_TIM_PeriodElapsedCallback
                0x08000978       0x24 ./Core/Src/main.o
                0x08000978                HAL_TIM_PeriodElapsedCallback
 .text.Error_Handler
                0x0800099c        0xc ./Core/Src/main.o
                0x0800099c                Error_Handler
 .text.HAL_MspInit
                0x080009a8       0x50 ./Core/Src/stm32f4xx_hal_msp.o
                0x080009a8                HAL_MspInit
 .text.HAL_InitTick
                0x080009f8       0xf8 ./Core/Src/stm32f4xx_hal_timebase_tim.o
                0x080009f8                HAL_InitTick
 .text.NMI_Handler
                0x08000af0        0x8 ./Core/Src/stm32f4xx_it.o
                0x08000af0                NMI_Handler
 .text.HardFault_Handler
                0x08000af8        0x8 ./Core/Src/stm32f4xx_it.o
                0x08000af8                HardFault_Handler
 .text.MemManage_Handler
                0x08000b00        0x8 ./Core/Src/stm32f4xx_it.o
                0x08000b00                MemManage_Handler
 .text.BusFault_Handler
                0x08000b08        0x8 ./Core/Src/stm32f4xx_it.o
                0x08000b08                BusFault_Handler
 .text.UsageFault_Handler
                0x08000b10        0x8 ./Core/Src/stm32f4xx_it.o
                0x08000b10                UsageFault_Handler
 .text.DebugMon_Handler
                0x08000b18        0xe ./Core/Src/stm32f4xx_it.o
                0x08000b18                DebugMon_Handler
 *fill*         0x08000b26        0x2 
 .text.TIM6_DAC_IRQHandler
                0x08000b28       0x14 ./Core/Src/stm32f4xx_it.o
                0x08000b28                TIM6_DAC_IRQHandler
 .text.SystemInit
                0x08000b3c       0x24 ./Core/Src/system_stm32f4xx.o
                0x08000b3c                SystemInit
 .text.Reset_Handler
                0x08000b60       0x50 ./Core/Startup/startup_stm32f446retx.o
                0x08000b60                Reset_Handler
 .text.Default_Handler
                0x08000bb0        0x2 ./Core/Startup/startup_stm32f446retx.o
                0x08000bb0                RTC_Alarm_IRQHandler
                0x08000bb0                EXTI2_IRQHandler
                0x08000bb0                TIM8_CC_IRQHandler
                0x08000bb0                FMPI2C1_EV_IRQHandler
                0x08000bb0                SPI4_IRQHandler
                0x08000bb0                TIM1_CC_IRQHandler
                0x08000bb0                DMA2_Stream5_IRQHandler
                0x08000bb0                DMA1_Stream5_IRQHandler
                0x08000bb0                PVD_IRQHandler
                0x08000bb0                SDIO_IRQHandler
                0x08000bb0                TAMP_STAMP_IRQHandler
                0x08000bb0                CAN2_RX1_IRQHandler
                0x08000bb0                EXTI3_IRQHandler
                0x08000bb0                TIM8_TRG_COM_TIM14_IRQHandler
                0x08000bb0                TIM1_UP_TIM10_IRQHandler
                0x08000bb0                TIM8_UP_TIM13_IRQHandler
                0x08000bb0                I2C3_ER_IRQHandler
                0x08000bb0                EXTI0_IRQHandler
                0x08000bb0                I2C2_EV_IRQHandler
                0x08000bb0                DMA1_Stream2_IRQHandler
                0x08000bb0                CAN1_RX0_IRQHandler
                0x08000bb0                FPU_IRQHandler
                0x08000bb0                OTG_HS_WKUP_IRQHandler
                0x08000bb0                CAN2_SCE_IRQHandler
                0x08000bb0                DMA2_Stream2_IRQHandler
                0x08000bb0                SPI1_IRQHandler
                0x08000bb0                TIM1_BRK_TIM9_IRQHandler
                0x08000bb0                DCMI_IRQHandler
                0x08000bb0                CAN2_RX0_IRQHandler
                0x08000bb0                DMA2_Stream3_IRQHandler
                0x08000bb0                SAI2_IRQHandler
                0x08000bb0                USART6_IRQHandler
                0x08000bb0                USART3_IRQHandler
                0x08000bb0                CAN1_RX1_IRQHandler
                0x08000bb0                UART5_IRQHandler
                0x08000bb0                DMA2_Stream0_IRQHandler
                0x08000bb0                TIM4_IRQHandler
                0x08000bb0                QUADSPI_IRQHandler
                0x08000bb0                I2C1_EV_IRQHandler
                0x08000bb0                DMA1_Stream6_IRQHandler
                0x08000bb0                DMA1_Stream1_IRQHandler
                0x08000bb0                UART4_IRQHandler
                0x08000bb0                TIM3_IRQHandler
                0x08000bb0                RCC_IRQHandler
                0x08000bb0                TIM8_BRK_TIM12_IRQHandler
                0x08000bb0                Default_Handler
                0x08000bb0                CEC_IRQHandler
                0x08000bb0                EXTI15_10_IRQHandler
                0x08000bb0                ADC_IRQHandler
                0x08000bb0                DMA1_Stream7_IRQHandler
                0x08000bb0                TIM7_IRQHandler
                0x08000bb0                CAN2_TX_IRQHandler
                0x08000bb0                TIM5_IRQHandler
                0x08000bb0                DMA2_Stream7_IRQHandler
                0x08000bb0                I2C3_EV_IRQHandler
                0x08000bb0                EXTI9_5_IRQHandler
                0x08000bb0                RTC_WKUP_IRQHandler
                0x08000bb0                SPDIF_RX_IRQHandler
                0x08000bb0                SPI2_IRQHandler
                0x08000bb0                OTG_HS_EP1_IN_IRQHandler
                0x08000bb0                DMA1_Stream0_IRQHandler
                0x08000bb0                CAN1_TX_IRQHandler
                0x08000bb0                FMPI2C1_ER_IRQHandler
                0x08000bb0                EXTI4_IRQHandler
                0x08000bb0                OTG_HS_EP1_OUT_IRQHandler
                0x08000bb0                WWDG_IRQHandler
                0x08000bb0                TIM2_IRQHandler
                0x08000bb0                OTG_FS_WKUP_IRQHandler
                0x08000bb0                TIM1_TRG_COM_TIM11_IRQHandler
                0x08000bb0                OTG_HS_IRQHandler
                0x08000bb0                EXTI1_IRQHandler
                0x08000bb0                I2C2_ER_IRQHandler
                0x08000bb0                DMA2_Stream1_IRQHandler
                0x08000bb0                CAN1_SCE_IRQHandler
                0x08000bb0                FLASH_IRQHandler
                0x08000bb0                DMA2_Stream4_IRQHandler
                0x08000bb0                USART1_IRQHandler
                0x08000bb0                OTG_FS_IRQHandler
                0x08000bb0                SPI3_IRQHandler
                0x08000bb0                DMA1_Stream4_IRQHandler
                0x08000bb0                I2C1_ER_IRQHandler
                0x08000bb0                FMC_IRQHandler
                0x08000bb0                DMA2_Stream6_IRQHandler
                0x08000bb0                SAI1_IRQHandler
                0x08000bb0                DMA1_Stream3_IRQHandler
 *fill*         0x08000bb2        0x2 
 .text.HAL_Init
                0x08000bb4       0x44 ./Drivers/STM32F4xx_HAL_Driver/Src/stm32f4xx_hal.o
                0x08000bb4                HAL_Init
 .text.HAL_IncTick
                0x08000bf8       0x28 ./Drivers/STM32F4xx_HAL_Driver/Src/stm32f4xx_hal.o
                0x08000bf8                HAL_IncTick
 .text.HAL_GetTick
                0x08000c20       0x18 ./Drivers/STM32F4xx_HAL_Driver/Src/stm32f4xx_hal.o
                0x08000c20                HAL_GetTick
 .text.HAL_Delay
                0x08000c38       0x48 ./Drivers/STM32F4xx_HAL_Driver/Src/stm32f4xx_hal.o
                0x08000c38                HAL_Delay
 .text.__NVIC_SetPriorityGrouping
                0x08000c80       0x48 ./Drivers/STM32F4xx_HAL_Driver/Src/stm32f4xx_hal_cortex.o
 .text.__NVIC_GetPriorityGrouping
                0x08000cc8       0x1c ./Drivers/STM32F4xx_HAL_Driver/Src/stm32f4xx_hal_cortex.o
 .text.__NVIC_EnableIRQ
                0x08000ce4       0x3c ./Drivers/STM32F4xx_HAL_Driver/Src/stm32f4xx_hal_cortex.o
 .text.__NVIC_SetPriority
                0x08000d20       0x54 ./Drivers/STM32F4xx_HAL_Driver/Src/stm32f4xx_hal_cortex.o
 .text.NVIC_EncodePriority
                0x08000d74       0x66 ./Drivers/STM32F4xx_HAL_Driver/Src/stm32f4xx_hal_cortex.o
 .text.HAL_NVIC_SetPriorityGrouping
                0x08000dda       0x16 ./Drivers/STM32F4xx_HAL_Driver/Src/stm32f4xx_hal_cortex.o
                0x08000dda                HAL_NVIC_SetPriorityGrouping
 .text.HAL_NVIC_SetPriority
                0x08000df0       0x38 ./Drivers/STM32F4xx_HAL_Driver/Src/stm32f4xx_hal_cortex.o
                0x08000df0                HAL_NVIC_SetPriority
 .text.HAL_NVIC_EnableIRQ
                0x08000e28       0x1c ./Drivers/STM32F4xx_HAL_Driver/Src/stm32f4xx_hal_cortex.o
                0x08000e28                HAL_NVIC_EnableIRQ
 .text.HAL_GPIO_Init
                0x08000e44      0x328 ./Drivers/STM32F4xx_HAL_Driver/Src/stm32f4xx_hal_gpio.o
                0x08000e44                HAL_GPIO_Init
 .text.HAL_GPIO_WritePin
                0x0800116c       0x32 ./Drivers/STM32F4xx_HAL_Driver/Src/stm32f4xx_hal_gpio.o
                0x0800116c                HAL_GPIO_WritePin
 .text.HAL_GPIO_TogglePin
                0x0800119e       0x34 ./Drivers/STM32F4xx_HAL_Driver/Src/stm32f4xx_hal_gpio.o
                0x0800119e                HAL_GPIO_TogglePin
 *fill*         0x080011d2        0x2 
 .text.HAL_RCC_ClockConfig
                0x080011d4      0x1cc ./Drivers/STM32F4xx_HAL_Driver/Src/stm32f4xx_hal_rcc.o
                0x080011d4                HAL_RCC_ClockConfig
 .text.HAL_RCC_GetHCLKFreq
                0x080013a0       0x18 ./Drivers/STM32F4xx_HAL_Driver/Src/stm32f4xx_hal_rcc.o
                0x080013a0                HAL_RCC_GetHCLKFreq
 .text.HAL_RCC_GetPCLK1Freq
                0x080013b8       0x28 ./Drivers/STM32F4xx_HAL_Driver/Src/stm32f4xx_hal_rcc.o
                0x080013b8                HAL_RCC_GetPCLK1Freq
 .text.HAL_RCC_GetClockConfig
                0x080013e0       0x64 ./Drivers/STM32F4xx_HAL_Driver/Src/stm32f4xx_hal_rcc.o
                0x080013e0                HAL_RCC_GetClockConfig
 .text.HAL_RCC_GetSysClockFreq
                0x08001444      0x460 ./Drivers/STM32F4xx_HAL_Driver/Src/stm32f4xx_hal_rcc_ex.o
                0x08001444                HAL_RCC_GetSysClockFreq
 .text.HAL_RCC_OscConfig
                0x080018a4      0x53c ./Drivers/STM32F4xx_HAL_Driver/Src/stm32f4xx_hal_rcc_ex.o
                0x080018a4                HAL_RCC_OscConfig
 .text.HAL_TIM_Base_Init
                0x08001de0       0x9e ./Drivers/STM32F4xx_HAL_Driver/Src/stm32f4xx_hal_tim.o
                0x08001de0                HAL_TIM_Base_Init
 .text.HAL_TIM_Base_MspInit
                0x08001e7e       0x14 ./Drivers/STM32F4xx_HAL_Driver/Src/stm32f4xx_hal_tim.o
                0x08001e7e                HAL_TIM_Base_MspInit
 *fill*         0x08001e92        0x2 
 .text.HAL_TIM_Base_Start_IT
                0x08001e94       0xe0 ./Drivers/STM32F4xx_HAL_Driver/Src/stm32f4xx_hal_tim.o
                0x08001e94                HAL_TIM_Base_Start_IT
 .text.HAL_TIM_IRQHandler
                0x08001f74      0x1e0 ./Drivers/STM32F4xx_HAL_Driver/Src/stm32f4xx_hal_tim.o
                0x08001f74                HAL_TIM_IRQHandler
 .text.HAL_TIM_OC_DelayElapsedCallback
                0x08002154       0x14 ./Drivers/STM32F4xx_HAL_Driver/Src/stm32f4xx_hal_tim.o
                0x08002154                HAL_TIM_OC_DelayElapsedCallback
 .text.HAL_TIM_IC_CaptureCallback
                0x08002168       0x14 ./Drivers/STM32F4xx_HAL_Driver/Src/stm32f4xx_hal_tim.o
                0x08002168                HAL_TIM_IC_CaptureCallback
 .text.HAL_TIM_PWM_PulseFinishedCallback
                0x0800217c       0x14 ./Drivers/STM32F4xx_HAL_Driver/Src/stm32f4xx_hal_tim.o
                0x0800217c                HAL_TIM_PWM_PulseFinishedCallback
 .text.HAL_TIM_TriggerCallback
                0x08002190       0x14 ./Drivers/STM32F4xx_HAL_Driver/Src/stm32f4xx_hal_tim.o
                0x08002190                HAL_TIM_TriggerCallback
 .text.TIM_Base_SetConfig
                0x080021a4      0x14c ./Drivers/STM32F4xx_HAL_Driver/Src/stm32f4xx_hal_tim.o
                0x080021a4                TIM_Base_SetConfig
 .text.HAL_TIMEx_CommutCallback
                0x080022f0       0x14 ./Drivers/STM32F4xx_HAL_Driver/Src/stm32f4xx_hal_tim_ex.o
                0x080022f0                HAL_TIMEx_CommutCallback
 .text.HAL_TIMEx_BreakCallback
                0x08002304       0x14 ./Drivers/STM32F4xx_HAL_Driver/Src/stm32f4xx_hal_tim_ex.o
                0x08002304                HAL_TIMEx_BreakCallback
 .text.vListInitialise
                0x08002318       0x40 ./RTOS_related_files/ThirdParty/FreeRTOS/list.o
                0x08002318                vListInitialise
 .text.vListInitialiseItem
                0x08002358       0x1a ./RTOS_related_files/ThirdParty/FreeRTOS/list.o
                0x08002358                vListInitialiseItem
 .text.vListInsertEnd
                0x08002372       0x48 ./RTOS_related_files/ThirdParty/FreeRTOS/list.o
                0x08002372                vListInsertEnd
 .text.vListInsert
                0x080023ba       0x72 ./RTOS_related_files/ThirdParty/FreeRTOS/list.o
                0x080023ba                vListInsert
 .text.uxListRemove
                0x0800242c       0x54 ./RTOS_related_files/ThirdParty/FreeRTOS/list.o
                0x0800242c                uxListRemove
 .text.xQueueGenericReset
                0x08002480       0xb8 ./RTOS_related_files/ThirdParty/FreeRTOS/queue.o
                0x08002480                xQueueGenericReset
 .text.xQueueGenericCreate
                0x08002538       0xc4 ./RTOS_related_files/ThirdParty/FreeRTOS/queue.o
                0x08002538                xQueueGenericCreate
 .text.prvInitialiseNewQueue
                0x080025fc       0x52 ./RTOS_related_files/ThirdParty/FreeRTOS/queue.o
 *fill*         0x0800264e        0x2 
 .text.xQueueGenericSend
                0x08002650      0x224 ./RTOS_related_files/ThirdParty/FreeRTOS/queue.o
                0x08002650                xQueueGenericSend
 .text.xQueueGenericSendFromISR
                0x08002874      0x184 ./RTOS_related_files/ThirdParty/FreeRTOS/queue.o
                0x08002874                xQueueGenericSendFromISR
 .text.xQueueReceive
                0x080029f8      0x210 ./RTOS_related_files/ThirdParty/FreeRTOS/queue.o
                0x080029f8                xQueueReceive
 .text.prvCopyDataToQueue
                0x08002c08       0xd4 ./RTOS_related_files/ThirdParty/FreeRTOS/queue.o
 .text.prvCopyDataFromQueue
                0x08002cdc       0x4c ./RTOS_related_files/ThirdParty/FreeRTOS/queue.o
 .text.prvUnlockQueue
                0x08002d28       0xa4 ./RTOS_related_files/ThirdParty/FreeRTOS/queue.o
 .text.prvIsQueueEmpty
                0x08002dcc       0x2c ./RTOS_related_files/ThirdParty/FreeRTOS/queue.o
 .text.prvIsQueueFull
                0x08002df8       0x30 ./RTOS_related_files/ThirdParty/FreeRTOS/queue.o
 .text.vQueueAddToRegistry
                0x08002e28       0x64 ./RTOS_related_files/ThirdParty/FreeRTOS/queue.o
                0x08002e28                vQueueAddToRegistry
 .text.vQueueWaitForMessageRestricted
                0x08002e8c       0x68 ./RTOS_related_files/ThirdParty/FreeRTOS/queue.o
                0x08002e8c                vQueueWaitForMessageRestricted
 .text.xTaskCreate
                0x08002ef4       0x82 ./RTOS_related_files/ThirdParty/FreeRTOS/tasks.o
                0x08002ef4                xTaskCreate
 .text.prvInitialiseNewTask
                0x08002f76      0x12e ./RTOS_related_files/ThirdParty/FreeRTOS/tasks.o
 .text.prvAddNewTaskToReadyList
                0x080030a4       0xfc ./RTOS_related_files/ThirdParty/FreeRTOS/tasks.o
 .text.vTaskDelete
                0x080031a0      0x154 ./RTOS_related_files/ThirdParty/FreeRTOS/tasks.o
                0x080031a0                vTaskDelete
 .text.vTaskStartScheduler
                0x080032f4       0xc4 ./RTOS_related_files/ThirdParty/FreeRTOS/tasks.o
                0x080032f4                vTaskStartScheduler
 .text.vTaskSuspendAll
                0x080033b8       0x1c ./RTOS_related_files/ThirdParty/FreeRTOS/tasks.o
                0x080033b8                vTaskSuspendAll
 .text.xTaskResumeAll
                0x080033d4      0x128 ./RTOS_related_files/ThirdParty/FreeRTOS/tasks.o
                0x080033d4                xTaskResumeAll
 .text.xTaskGetTickCount
                0x080034fc       0x20 ./RTOS_related_files/ThirdParty/FreeRTOS/tasks.o
                0x080034fc                xTaskGetTickCount
 .text.xTaskGetTickCountFromISR
                0x0800351c       0x24 ./RTOS_related_files/ThirdParty/FreeRTOS/tasks.o
                0x0800351c                xTaskGetTickCountFromISR
 .text.xTaskIncrementTick
                0x08003540      0x134 ./RTOS_related_files/ThirdParty/FreeRTOS/tasks.o
                0x08003540                xTaskIncrementTick
 .text.vTaskSwitchContext
                0x08003674       0xd4 ./RTOS_related_files/ThirdParty/FreeRTOS/tasks.o
                0x08003674                vTaskSwitchContext
 .text.vTaskPlaceOnEventList
                0x08003748       0x4c ./RTOS_related_files/ThirdParty/FreeRTOS/tasks.o
                0x08003748                vTaskPlaceOnEventList
 .text.vTaskPlaceOnEventListRestricted
                0x08003794       0x60 ./RTOS_related_files/ThirdParty/FreeRTOS/tasks.o
                0x08003794                vTaskPlaceOnEventListRestricted
 .text.xTaskRemoveFromEventList
                0x080037f4       0xd0 ./RTOS_related_files/ThirdParty/FreeRTOS/tasks.o
                0x080037f4                xTaskRemoveFromEventList
 .text.vTaskInternalSetTimeOutState
                0x080038c4       0x2c ./RTOS_related_files/ThirdParty/FreeRTOS/tasks.o
                0x080038c4                vTaskInternalSetTimeOutState
 .text.xTaskCheckForTimeOut
                0x080038f0       0xd0 ./RTOS_related_files/ThirdParty/FreeRTOS/tasks.o
                0x080038f0                xTaskCheckForTimeOut
 .text.vTaskMissedYield
                0x080039c0       0x18 ./RTOS_related_files/ThirdParty/FreeRTOS/tasks.o
                0x080039c0                vTaskMissedYield
 .text.prvIdleTask
                0x080039d8       0x24 ./RTOS_related_files/ThirdParty/FreeRTOS/tasks.o
 .text.prvInitialiseTaskLists
                0x080039fc       0x80 ./RTOS_related_files/ThirdParty/FreeRTOS/tasks.o
 .text.prvCheckTasksWaitingTermination
                0x08003a7c       0x5c ./RTOS_related_files/ThirdParty/FreeRTOS/tasks.o
 .text.prvDeleteTCB
                0x08003ad8       0x20 ./RTOS_related_files/ThirdParty/FreeRTOS/tasks.o
 .text.prvResetNextTaskUnblockTime
                0x08003af8       0x38 ./RTOS_related_files/ThirdParty/FreeRTOS/tasks.o
 .text.xTaskGetSchedulerState
                0x08003b30       0x3c ./RTOS_related_files/ThirdParty/FreeRTOS/tasks.o
                0x08003b30                xTaskGetSchedulerState
 .text.xTaskPriorityDisinherit
                0x08003b6c      0x104 ./RTOS_related_files/ThirdParty/FreeRTOS/tasks.o
                0x08003b6c                xTaskPriorityDisinherit
 .text.prvAddCurrentTaskToDelayedList
                0x08003c70       0xf0 ./RTOS_related_files/ThirdParty/FreeRTOS/tasks.o
 .text.xTimerCreateTimerTask
                0x08003d60       0x68 ./RTOS_related_files/ThirdParty/FreeRTOS/timers.o
                0x08003d60                xTimerCreateTimerTask
 .text.xTimerGenericCommand
                0x08003dc8       0x9c ./RTOS_related_files/ThirdParty/FreeRTOS/timers.o
                0x08003dc8                xTimerGenericCommand
 .text.prvProcessExpiredTimer
                0x08003e64       0x9c ./RTOS_related_files/ThirdParty/FreeRTOS/timers.o
 .text.prvTimerTask
                0x08003f00       0x26 ./RTOS_related_files/ThirdParty/FreeRTOS/timers.o
 *fill*         0x08003f26        0x2 
 .text.prvProcessTimerOrBlockTask
                0x08003f28       0x9c ./RTOS_related_files/ThirdParty/FreeRTOS/timers.o
 .text.prvGetNextExpireTime
                0x08003fc4       0x48 ./RTOS_related_files/ThirdParty/FreeRTOS/timers.o
 .text.prvSampleTimeNow
                0x0800400c       0x40 ./RTOS_related_files/ThirdParty/FreeRTOS/timers.o
 .text.prvInsertTimerInActiveList
                0x0800404c       0x84 ./RTOS_related_files/ThirdParty/FreeRTOS/timers.o
 .text.prvProcessReceivedCommands
                0x080040d0      0x194 ./RTOS_related_files/ThirdParty/FreeRTOS/timers.o
 .text.prvSwitchTimerLists
                0x08004264       0xcc ./RTOS_related_files/ThirdParty/FreeRTOS/timers.o
 .text.prvCheckForValidListAndQueue
                0x08004330       0x6c ./RTOS_related_files/ThirdParty/FreeRTOS/timers.o
 .text.pxPortInitialiseStack
                0x0800439c       0x68 ./RTOS_related_files/ThirdParty/FreeRTOS/portable/GCC/ARM_CM4F/port.o
                0x0800439c                pxPortInitialiseStack
 .text.prvTaskExitError
                0x08004404       0x5c ./RTOS_related_files/ThirdParty/FreeRTOS/portable/GCC/ARM_CM4F/port.o
 .text.SVC_Handler
                0x08004460       0x28 ./RTOS_related_files/ThirdParty/FreeRTOS/portable/GCC/ARM_CM4F/port.o
                0x08004460                SVC_Handler
 .text.prvPortStartFirstTask
                0x08004488       0x2c ./RTOS_related_files/ThirdParty/FreeRTOS/portable/GCC/ARM_CM4F/port.o
 .text.xPortStartScheduler
                0x080044b4      0x148 ./RTOS_related_files/ThirdParty/FreeRTOS/portable/GCC/ARM_CM4F/port.o
                0x080044b4                xPortStartScheduler
 .text.vInitPrioGroupValue
                0x080045fc      0x100 ./RTOS_related_files/ThirdParty/FreeRTOS/portable/GCC/ARM_CM4F/port.o
                0x080045fc                vInitPrioGroupValue
 .text.vPortEnterCritical
                0x080046fc       0x64 ./RTOS_related_files/ThirdParty/FreeRTOS/portable/GCC/ARM_CM4F/port.o
                0x080046fc                vPortEnterCritical
 .text.vPortExitCritical
                0x08004760       0x54 ./RTOS_related_files/ThirdParty/FreeRTOS/portable/GCC/ARM_CM4F/port.o
                0x08004760                vPortExitCritical
 *fill*         0x080047b4        0xc 
 .text.PendSV_Handler
                0x080047c0       0x68 ./RTOS_related_files/ThirdParty/FreeRTOS/portable/GCC/ARM_CM4F/port.o
                0x080047c0                PendSV_Handler
 .text.SysTick_Handler
                0x08004828       0x54 ./RTOS_related_files/ThirdParty/FreeRTOS/portable/GCC/ARM_CM4F/port.o
                0x08004828                SysTick_Handler
 .text.vPortSetupTimerInterrupt
                0x0800487c       0x48 ./RTOS_related_files/ThirdParty/FreeRTOS/portable/GCC/ARM_CM4F/port.o
                0x0800487c                vPortSetupTimerInterrupt
 .text.vPortEnableVFP
                0x080048c4       0x18 ./RTOS_related_files/ThirdParty/FreeRTOS/portable/GCC/ARM_CM4F/port.o
 .text.vPortValidateInterruptPriority
                0x080048dc       0x84 ./RTOS_related_files/ThirdParty/FreeRTOS/portable/GCC/ARM_CM4F/port.o
                0x080048dc                vPortValidateInterruptPriority
 .text.pvPortMalloc
                0x08004960      0x1c4 ./RTOS_related_files/ThirdParty/FreeRTOS/portable/MemMang/heap_4.o
                0x08004960                pvPortMalloc
 .text.vPortFree
                0x08004b24       0xc8 ./RTOS_related_files/ThirdParty/FreeRTOS/portable/MemMang/heap_4.o
                0x08004b24                vPortFree
 .text.prvHeapInit
                0x08004bec       0xc4 ./RTOS_related_files/ThirdParty/FreeRTOS/portable/MemMang/heap_4.o
 .text.prvInsertBlockIntoFreeList
                0x08004cb0       0xb4 ./RTOS_related_files/ThirdParty/FreeRTOS/portable/MemMang/heap_4.o
 .text._cbSendSystemDesc
                0x08004d64       0x1c ./RTOS_related_files/ThirdParty/SEGGER/Config/SEGGER_SYSVIEW_Config_FreeRTOS.o
 .text.SEGGER_SYSVIEW_Conf
                0x08004d80       0x2c ./RTOS_related_files/ThirdParty/SEGGER/Config/SEGGER_SYSVIEW_Config_FreeRTOS.o
                0x08004d80                SEGGER_SYSVIEW_Conf
 .text._cbSendTaskList
                0x08004dac       0x90 ./RTOS_related_files/ThirdParty/SEGGER/OS/SEGGER_SYSVIEW_FreeRTOS.o
 .text._cbGetTime
                0x08004e3c       0x86 ./RTOS_related_files/ThirdParty/SEGGER/OS/SEGGER_SYSVIEW_FreeRTOS.o
 *fill*         0x08004ec2        0x2 
 .text.SYSVIEW_AddTask
                0x08004ec4       0xd0 ./RTOS_related_files/ThirdParty/SEGGER/OS/SEGGER_SYSVIEW_FreeRTOS.o
                0x08004ec4                SYSVIEW_AddTask
 .text.SYSVIEW_DeleteTask
                0x08004f94      0x178 ./RTOS_related_files/ThirdParty/SEGGER/OS/SEGGER_SYSVIEW_FreeRTOS.o
                0x08004f94                SYSVIEW_DeleteTask
 .text.SYSVIEW_SendTaskInfo
                0x0800510c       0x42 ./RTOS_related_files/ThirdParty/SEGGER/OS/SEGGER_SYSVIEW_FreeRTOS.o
                0x0800510c                SYSVIEW_SendTaskInfo
 *fill*         0x0800514e        0x2 
 .text.__NVIC_EnableIRQ
                0x08005150       0x3c ./RTOS_related_files/ThirdParty/SEGGER/Rec/segger_uart.o
 .text.__NVIC_SetPriority
                0x0800518c       0x54 ./RTOS_related_files/ThirdParty/SEGGER/Rec/segger_uart.o
 .text._StartSysView
                0x080051e0       0x1e ./RTOS_related_files/ThirdParty/SEGGER/Rec/segger_uart.o
 *fill*         0x080051fe        0x2 
 .text._cbOnUARTRx
                0x08005200       0x40 ./RTOS_related_files/ThirdParty/SEGGER/Rec/segger_uart.o
 .text._cbOnUARTTx
                0x08005240       0x64 ./RTOS_related_files/ThirdParty/SEGGER/Rec/segger_uart.o
 .text.SEGGER_UART_init
                0x080052a4       0x24 ./RTOS_related_files/ThirdParty/SEGGER/Rec/segger_uart.o
                0x080052a4                SEGGER_UART_init
 .text.USART2_IRQHandler
                0x080052c8       0x94 ./RTOS_related_files/ThirdParty/SEGGER/Rec/segger_uart.o
                0x080052c8                USART2_IRQHandler
 .text.HIF_UART_EnableTXEInterrupt
                0x0800535c       0x20 ./RTOS_related_files/ThirdParty/SEGGER/Rec/segger_uart.o
                0x0800535c                HIF_UART_EnableTXEInterrupt
 .text.HIF_UART_Init
                0x0800537c       0xf4 ./RTOS_related_files/ThirdParty/SEGGER/Rec/segger_uart.o
                0x0800537c                HIF_UART_Init
 .text._DoInit  0x08005470       0xb0 ./RTOS_related_files/ThirdParty/SEGGER/SEGGER/SEGGER_RTT.o
 .text._WriteBlocking
                0x08005520       0xba ./RTOS_related_files/ThirdParty/SEGGER/SEGGER/SEGGER_RTT.o
 .text._WriteNoCheck
                0x080055da       0x90 ./RTOS_related_files/ThirdParty/SEGGER/SEGGER/SEGGER_RTT.o
 .text._GetAvailWriteSpace
                0x0800566a       0x46 ./RTOS_related_files/ThirdParty/SEGGER/SEGGER/SEGGER_RTT.o
 .text.SEGGER_RTT_ReadUpBufferNoLock
                0x080056b0      0x10c ./RTOS_related_files/ThirdParty/SEGGER/SEGGER/SEGGER_RTT.o
                0x080056b0                SEGGER_RTT_ReadUpBufferNoLock
 .text.SEGGER_RTT_ReadNoLock
                0x080057bc      0x10c ./RTOS_related_files/ThirdParty/SEGGER/SEGGER/SEGGER_RTT.o
                0x080057bc                SEGGER_RTT_ReadNoLock
 .text.SEGGER_RTT_WriteDownBufferNoLock
                0x080058c8       0xa0 ./RTOS_related_files/ThirdParty/SEGGER/SEGGER/SEGGER_RTT.o
                0x080058c8                SEGGER_RTT_WriteDownBufferNoLock
 .text.SEGGER_RTT_WriteDownBuffer
                0x08005968       0x4c ./RTOS_related_files/ThirdParty/SEGGER/SEGGER/SEGGER_RTT.o
                0x08005968                SEGGER_RTT_WriteDownBuffer
 .text.SEGGER_RTT_AllocUpBuffer
                0x080059b4      0x108 ./RTOS_related_files/ThirdParty/SEGGER/SEGGER/SEGGER_RTT.o
                0x080059b4                SEGGER_RTT_AllocUpBuffer
 .text.SEGGER_RTT_ConfigDownBuffer
                0x08005abc       0x98 ./RTOS_related_files/ThirdParty/SEGGER/SEGGER/SEGGER_RTT.o
                0x08005abc                SEGGER_RTT_ConfigDownBuffer
 .text._EncodeStr
                0x08005b54       0xa0 ./RTOS_related_files/ThirdParty/SEGGER/SEGGER/SEGGER_SYSVIEW.o
 .text._PreparePacket
                0x08005bf4       0x18 ./RTOS_related_files/ThirdParty/SEGGER/SEGGER/SEGGER_SYSVIEW.o
 .text._HandleIncomingPacket
                0x08005c0c       0xe0 ./RTOS_related_files/ThirdParty/SEGGER/SEGGER/SEGGER_SYSVIEW.o
 .text._TrySendOverflowPacket
                0x08005cec       0xe8 ./RTOS_related_files/ThirdParty/SEGGER/SEGGER/SEGGER_SYSVIEW.o
 .text._SendPacket
                0x08005dd4      0x1d0 ./RTOS_related_files/ThirdParty/SEGGER/SEGGER/SEGGER_SYSVIEW.o
 .text._StoreChar
                0x08005fa4       0xf6 ./RTOS_related_files/ThirdParty/SEGGER/SEGGER/SEGGER_SYSVIEW.o
 *fill*         0x0800609a        0x2 
 .text._PrintUnsigned
                0x0800609c      0x12c ./RTOS_related_files/ThirdParty/SEGGER/SEGGER/SEGGER_SYSVIEW.o
 .text._PrintInt
                0x080061c8      0x11e ./RTOS_related_files/ThirdParty/SEGGER/SEGGER/SEGGER_SYSVIEW.o
 *fill*         0x080062e6        0x2 
 .text._VPrintTarget
                0x080062e8      0x3f0 ./RTOS_related_files/ThirdParty/SEGGER/SEGGER/SEGGER_SYSVIEW.o
 .text.SEGGER_SYSVIEW_Init
                0x080066d8       0x88 ./RTOS_related_files/ThirdParty/SEGGER/SEGGER/SEGGER_SYSVIEW.o
                0x080066d8                SEGGER_SYSVIEW_Init
 .text.SEGGER_SYSVIEW_SetRAMBase
                0x08006760       0x20 ./RTOS_related_files/ThirdParty/SEGGER/SEGGER/SEGGER_SYSVIEW.o
                0x08006760                SEGGER_SYSVIEW_SetRAMBase
 .text.SEGGER_SYSVIEW_RecordVoid
                0x08006780       0x3c ./RTOS_related_files/ThirdParty/SEGGER/SEGGER/SEGGER_SYSVIEW.o
                0x08006780                SEGGER_SYSVIEW_RecordVoid
 .text.SEGGER_SYSVIEW_RecordU32
                0x080067bc       0x78 ./RTOS_related_files/ThirdParty/SEGGER/SEGGER/SEGGER_SYSVIEW.o
                0x080067bc                SEGGER_SYSVIEW_RecordU32
 .text.SEGGER_SYSVIEW_RecordU32x2
                0x08006834       0xb4 ./RTOS_related_files/ThirdParty/SEGGER/SEGGER/SEGGER_SYSVIEW.o
                0x08006834                SEGGER_SYSVIEW_RecordU32x2
 .text.SEGGER_SYSVIEW_RecordU32x3
                0x080068e8       0xec ./RTOS_related_files/ThirdParty/SEGGER/SEGGER/SEGGER_SYSVIEW.o
                0x080068e8                SEGGER_SYSVIEW_RecordU32x3
 .text.SEGGER_SYSVIEW_RecordU32x4
                0x080069d4      0x124 ./RTOS_related_files/ThirdParty/SEGGER/SEGGER/SEGGER_SYSVIEW.o
                0x080069d4                SEGGER_SYSVIEW_RecordU32x4
 .text.SEGGER_SYSVIEW_Start
                0x08006af8      0x178 ./RTOS_related_files/ThirdParty/SEGGER/SEGGER/SEGGER_SYSVIEW.o
                0x08006af8                SEGGER_SYSVIEW_Start
 .text.SEGGER_SYSVIEW_Stop
                0x08006c70       0x4c ./RTOS_related_files/ThirdParty/SEGGER/SEGGER/SEGGER_SYSVIEW.o
                0x08006c70                SEGGER_SYSVIEW_Stop
 .text.SEGGER_SYSVIEW_GetSysDesc
                0x08006cbc      0x134 ./RTOS_related_files/ThirdParty/SEGGER/SEGGER/SEGGER_SYSVIEW.o
                0x08006cbc                SEGGER_SYSVIEW_GetSysDesc
 .text.SEGGER_SYSVIEW_SendTaskInfo
                0x08006df0      0x1c8 ./RTOS_related_files/ThirdParty/SEGGER/SEGGER/SEGGER_SYSVIEW.o
                0x08006df0                SEGGER_SYSVIEW_SendTaskInfo
 .text.SEGGER_SYSVIEW_SendTaskList
                0x08006fb8       0x28 ./RTOS_related_files/ThirdParty/SEGGER/SEGGER/SEGGER_SYSVIEW.o
                0x08006fb8                SEGGER_SYSVIEW_SendTaskList
 .text.SEGGER_SYSVIEW_SendSysDesc
                0x08006fe0       0x48 ./RTOS_related_files/ThirdParty/SEGGER/SEGGER/SEGGER_SYSVIEW.o
                0x08006fe0                SEGGER_SYSVIEW_SendSysDesc
 .text.SEGGER_SYSVIEW_RecordSystime
                0x08007028       0x64 ./RTOS_related_files/ThirdParty/SEGGER/SEGGER/SEGGER_SYSVIEW.o
                0x08007028                SEGGER_SYSVIEW_RecordSystime
 .text.SEGGER_SYSVIEW_RecordEnterISR
                0x0800708c       0x84 ./RTOS_related_files/ThirdParty/SEGGER/SEGGER/SEGGER_SYSVIEW.o
                0x0800708c                SEGGER_SYSVIEW_RecordEnterISR
 .text.SEGGER_SYSVIEW_RecordExitISR
                0x08007110       0x38 ./RTOS_related_files/ThirdParty/SEGGER/SEGGER/SEGGER_SYSVIEW.o
                0x08007110                SEGGER_SYSVIEW_RecordExitISR
 .text.SEGGER_SYSVIEW_RecordExitISRToScheduler
                0x08007148       0x38 ./RTOS_related_files/ThirdParty/SEGGER/SEGGER/SEGGER_SYSVIEW.o
                0x08007148                SEGGER_SYSVIEW_RecordExitISRToScheduler
 .text.SEGGER_SYSVIEW_OnIdle
                0x08007180       0x38 ./RTOS_related_files/ThirdParty/SEGGER/SEGGER/SEGGER_SYSVIEW.o
                0x08007180                SEGGER_SYSVIEW_OnIdle
 .text.SEGGER_SYSVIEW_OnTaskCreate
                0x080071b8       0x84 ./RTOS_related_files/ThirdParty/SEGGER/SEGGER/SEGGER_SYSVIEW.o
                0x080071b8                SEGGER_SYSVIEW_OnTaskCreate
 .text.SEGGER_SYSVIEW_OnTaskStartExec
                0x0800723c       0x84 ./RTOS_related_files/ThirdParty/SEGGER/SEGGER/SEGGER_SYSVIEW.o
                0x0800723c                SEGGER_SYSVIEW_OnTaskStartExec
 .text.SEGGER_SYSVIEW_OnTaskStartReady
                0x080072c0       0x84 ./RTOS_related_files/ThirdParty/SEGGER/SEGGER/SEGGER_SYSVIEW.o
                0x080072c0                SEGGER_SYSVIEW_OnTaskStartReady
 .text.SEGGER_SYSVIEW_OnTaskStopReady
                0x08007344       0xc0 ./RTOS_related_files/ThirdParty/SEGGER/SEGGER/SEGGER_SYSVIEW.o
                0x08007344                SEGGER_SYSVIEW_OnTaskStopReady
 .text.SEGGER_SYSVIEW_ShrinkId
                0x08007404       0x20 ./RTOS_related_files/ThirdParty/SEGGER/SEGGER/SEGGER_SYSVIEW.o
                0x08007404                SEGGER_SYSVIEW_ShrinkId
 .text.SEGGER_SYSVIEW_SendModule
                0x08007424      0x100 ./RTOS_related_files/ThirdParty/SEGGER/SEGGER/SEGGER_SYSVIEW.o
                0x08007424                SEGGER_SYSVIEW_SendModule
 .text.SEGGER_SYSVIEW_SendModuleDescription
                0x08007524       0x3c ./RTOS_related_files/ThirdParty/SEGGER/SEGGER/SEGGER_SYSVIEW.o
                0x08007524                SEGGER_SYSVIEW_SendModuleDescription
 .text.SEGGER_SYSVIEW_SendNumModules
                0x08007560       0x7c ./RTOS_related_files/ThirdParty/SEGGER/SEGGER/SEGGER_SYSVIEW.o
                0x08007560                SEGGER_SYSVIEW_SendNumModules
 .text.SEGGER_SYSVIEW_PrintfTarget
                0x080075dc       0x28 ./RTOS_related_files/ThirdParty/SEGGER/SEGGER/SEGGER_SYSVIEW.o
                0x080075dc                SEGGER_SYSVIEW_PrintfTarget
 .text.SEGGER_SYSVIEW_Warn
                0x08007604       0xb8 ./RTOS_related_files/ThirdParty/SEGGER/SEGGER/SEGGER_SYSVIEW.o
                0x08007604                SEGGER_SYSVIEW_Warn
 .text.SEGGER_SYSVIEW_IsStarted
                0x080076bc       0x5c ./RTOS_related_files/ThirdParty/SEGGER/SEGGER/SEGGER_SYSVIEW.o
                0x080076bc                SEGGER_SYSVIEW_IsStarted
 .text.snprintf
                0x08007718       0x6c F:/Knowledge_Update/STM32CubeIDE_1.19.0/STM32CubeIDE/plugins/com.st.stm32cube.ide.mcu.externaltools.gnu-tools-for-stm32.13.3.rel1.win32_1.0.0.202411081344/tools/bin/../lib/gcc/arm-none-eabi/13.3.1/../../../../arm-none-eabi/lib/thumb/v7e-m+fp/hard\libc_nano.a(libc_a-snprintf.o)
                0x08007718                sniprintf
                0x08007718                snprintf
 .text.memcmp   0x08007784       0x20 F:/Knowledge_Update/STM32CubeIDE_1.19.0/STM32CubeIDE/plugins/com.st.stm32cube.ide.mcu.externaltools.gnu-tools-for-stm32.13.3.rel1.win32_1.0.0.202411081344/tools/bin/../lib/gcc/arm-none-eabi/13.3.1/../../../../arm-none-eabi/lib/thumb/v7e-m+fp/hard\libc_nano.a(libc_a-memcmp.o)
                0x08007784                memcmp
 .text.memset   0x080077a4       0x10 F:/Knowledge_Update/STM32CubeIDE_1.19.0/STM32CubeIDE/plugins/com.st.stm32cube.ide.mcu.externaltools.gnu-tools-for-stm32.13.3.rel1.win32_1.0.0.202411081344/tools/bin/../lib/gcc/arm-none-eabi/13.3.1/../../../../arm-none-eabi/lib/thumb/v7e-m+fp/hard\libc_nano.a(libc_a-memset.o)
                0x080077a4                memset
 .text.__libc_init_array
                0x080077b4       0x48 F:/Knowledge_Update/STM32CubeIDE_1.19.0/STM32CubeIDE/plugins/com.st.stm32cube.ide.mcu.externaltools.gnu-tools-for-stm32.13.3.rel1.win32_1.0.0.202411081344/tools/bin/../lib/gcc/arm-none-eabi/13.3.1/../../../../arm-none-eabi/lib/thumb/v7e-m+fp/hard\libc_nano.a(libc_a-init.o)
                0x080077b4                __libc_init_array
 .text.__retarget_lock_acquire_recursive
                0x080077fc        0x2 F:/Knowledge_Update/STM32CubeIDE_1.19.0/STM32CubeIDE/plugins/com.st.stm32cube.ide.mcu.externaltools.gnu-tools-for-stm32.13.3.rel1.win32_1.0.0.202411081344/tools/bin/../lib/gcc/arm-none-eabi/13.3.1/../../../../arm-none-eabi/lib/thumb/v7e-m+fp/hard\libc_nano.a(libc_a-lock.o)
                0x080077fc                __retarget_lock_acquire_recursive
 .text.__retarget_lock_release_recursive
                0x080077fe        0x2 F:/Knowledge_Update/STM32CubeIDE_1.19.0/STM32CubeIDE/plugins/com.st.stm32cube.ide.mcu.externaltools.gnu-tools-for-stm32.13.3.rel1.win32_1.0.0.202411081344/tools/bin/../lib/gcc/arm-none-eabi/13.3.1/../../../../arm-none-eabi/lib/thumb/v7e-m+fp/hard\libc_nano.a(libc_a-lock.o)
                0x080077fe                __retarget_lock_release_recursive
 .text.memcpy   0x08007800       0x1c F:/Knowledge_Update/STM32CubeIDE_1.19.0/STM32CubeIDE/plugins/com.st.stm32cube.ide.mcu.externaltools.gnu-tools-for-stm32.13.3.rel1.win32_1.0.0.202411081344/tools/bin/../lib/gcc/arm-none-eabi/13.3.1/../../../../arm-none-eabi/lib/thumb/v7e-m+fp/hard\libc_nano.a(libc_a-memcpy-stub.o)
                0x08007800                memcpy
 .text._free_r  0x0800781c       0x94 F:/Knowledge_Update/STM32CubeIDE_1.19.0/STM32CubeIDE/plugins/com.st.stm32cube.ide.mcu.externaltools.gnu-tools-for-stm32.13.3.rel1.win32_1.0.0.202411081344/tools/bin/../lib/gcc/arm-none-eabi/13.3.1/../../../../arm-none-eabi/lib/thumb/v7e-m+fp/hard\libc_nano.a(libc_a-freer.o)
                0x0800781c                _free_r
 .text.sbrk_aligned
                0x080078b0       0x44 F:/Knowledge_Update/STM32CubeIDE_1.19.0/STM32CubeIDE/plugins/com.st.stm32cube.ide.mcu.externaltools.gnu-tools-for-stm32.13.3.rel1.win32_1.0.0.202411081344/tools/bin/../lib/gcc/arm-none-eabi/13.3.1/../../../../arm-none-eabi/lib/thumb/v7e-m+fp/hard\libc_nano.a(libc_a-mallocr.o)
 .text._malloc_r
                0x080078f4      0x100 F:/Knowledge_Update/STM32CubeIDE_1.19.0/STM32CubeIDE/plugins/com.st.stm32cube.ide.mcu.externaltools.gnu-tools-for-stm32.13.3.rel1.win32_1.0.0.202411081344/tools/bin/../lib/gcc/arm-none-eabi/13.3.1/../../../../arm-none-eabi/lib/thumb/v7e-m+fp/hard\libc_nano.a(libc_a-mallocr.o)
                0x080078f4                _malloc_r
 .text.__malloc_lock
                0x080079f4        0xc F:/Knowledge_Update/STM32CubeIDE_1.19.0/STM32CubeIDE/plugins/com.st.stm32cube.ide.mcu.externaltools.gnu-tools-for-stm32.13.3.rel1.win32_1.0.0.202411081344/tools/bin/../lib/gcc/arm-none-eabi/13.3.1/../../../../arm-none-eabi/lib/thumb/v7e-m+fp/hard\libc_nano.a(libc_a-mlock.o)
                0x080079f4                __malloc_lock
 .text.__malloc_unlock
                0x08007a00        0xc F:/Knowledge_Update/STM32CubeIDE_1.19.0/STM32CubeIDE/plugins/com.st.stm32cube.ide.mcu.externaltools.gnu-tools-for-stm32.13.3.rel1.win32_1.0.0.202411081344/tools/bin/../lib/gcc/arm-none-eabi/13.3.1/../../../../arm-none-eabi/lib/thumb/v7e-m+fp/hard\libc_nano.a(libc_a-mlock.o)
                0x08007a00                __malloc_unlock
 .text.__ssputs_r
                0x08007a0c       0xb6 F:/Knowledge_Update/STM32CubeIDE_1.19.0/STM32CubeIDE/plugins/com.st.stm32cube.ide.mcu.externaltools.gnu-tools-for-stm32.13.3.rel1.win32_1.0.0.202411081344/tools/bin/../lib/gcc/arm-none-eabi/13.3.1/../../../../arm-none-eabi/lib/thumb/v7e-m+fp/hard\libc_nano.a(libc_a-nano-svfprintf.o)
                0x08007a0c                __ssputs_r
 *fill*         0x08007ac2        0x2 
 .text._svfprintf_r
                0x08007ac4      0x1f8 F:/Knowledge_Update/STM32CubeIDE_1.19.0/STM32CubeIDE/plugins/com.st.stm32cube.ide.mcu.externaltools.gnu-tools-for-stm32.13.3.rel1.win32_1.0.0.202411081344/tools/bin/../lib/gcc/arm-none-eabi/13.3.1/../../../../arm-none-eabi/lib/thumb/v7e-m+fp/hard\libc_nano.a(libc_a-nano-svfprintf.o)
                0x08007ac4                _svfiprintf_r
                0x08007ac4                _svfprintf_r
 .text._printf_common
                0x08007cbc       0xda F:/Knowledge_Update/STM32CubeIDE_1.19.0/STM32CubeIDE/plugins/com.st.stm32cube.ide.mcu.externaltools.gnu-tools-for-stm32.13.3.rel1.win32_1.0.0.202411081344/tools/bin/../lib/gcc/arm-none-eabi/13.3.1/../../../../arm-none-eabi/lib/thumb/v7e-m+fp/hard\libc_nano.a(libc_a-nano-vfprintf_i.o)
                0x08007cbc                _printf_common
 *fill*         0x08007d96        0x2 
 .text._printf_i
                0x08007d98      0x23c F:/Knowledge_Update/STM32CubeIDE_1.19.0/STM32CubeIDE/plugins/com.st.stm32cube.ide.mcu.externaltools.gnu-tools-for-stm32.13.3.rel1.win32_1.0.0.202411081344/tools/bin/../lib/gcc/arm-none-eabi/13.3.1/../../../../arm-none-eabi/lib/thumb/v7e-m+fp/hard\libc_nano.a(libc_a-nano-vfprintf_i.o)
                0x08007d98                _printf_i
 .text.memmove  0x08007fd4       0x34 F:/Knowledge_Update/STM32CubeIDE_1.19.0/STM32CubeIDE/plugins/com.st.stm32cube.ide.mcu.externaltools.gnu-tools-for-stm32.13.3.rel1.win32_1.0.0.202411081344/tools/bin/../lib/gcc/arm-none-eabi/13.3.1/../../../../arm-none-eabi/lib/thumb/v7e-m+fp/hard\libc_nano.a(libc_a-memmove.o)
                0x08007fd4                memmove
 .text._sbrk_r  0x08008008       0x20 F:/Knowledge_Update/STM32CubeIDE_1.19.0/STM32CubeIDE/plugins/com.st.stm32cube.ide.mcu.externaltools.gnu-tools-for-stm32.13.3.rel1.win32_1.0.0.202411081344/tools/bin/../lib/gcc/arm-none-eabi/13.3.1/../../../../arm-none-eabi/lib/thumb/v7e-m+fp/hard\libc_nano.a(libc_a-sbrkr.o)
                0x08008008                _sbrk_r
 .text._realloc_r
                0x08008028       0x5c F:/Knowledge_Update/STM32CubeIDE_1.19.0/STM32CubeIDE/plugins/com.st.stm32cube.ide.mcu.externaltools.gnu-tools-for-stm32.13.3.rel1.win32_1.0.0.202411081344/tools/bin/../lib/gcc/arm-none-eabi/13.3.1/../../../../arm-none-eabi/lib/thumb/v7e-m+fp/hard\libc_nano.a(libc_a-reallocr.o)
                0x08008028                _realloc_r
 .text._malloc_usable_size_r
                0x08008084       0x10 F:/Knowledge_Update/STM32CubeIDE_1.19.0/STM32CubeIDE/plugins/com.st.stm32cube.ide.mcu.externaltools.gnu-tools-for-stm32.13.3.rel1.win32_1.0.0.202411081344/tools/bin/../lib/gcc/arm-none-eabi/13.3.1/../../../../arm-none-eabi/lib/thumb/v7e-m+fp/hard\libc_nano.a(libc_a-msizer.o)
                0x08008084                _malloc_usable_size_r
 .text._sbrk    0x08008094       0x1c F:/Knowledge_Update/STM32CubeIDE_1.19.0/STM32CubeIDE/plugins/com.st.stm32cube.ide.mcu.externaltools.gnu-tools-for-stm32.13.3.rel1.win32_1.0.0.202411081344/tools/bin/../lib/gcc/arm-none-eabi/13.3.1/../../../../arm-none-eabi/lib/thumb/v7e-m+fp/hard\libnosys.a(sbrk.o)
                0x08008094                _sbrk
 *(.glue_7)
 .glue_7        0x080080b0        0x0 linker stubs
 *(.glue_7t)
 .glue_7t       0x080080b0        0x0 linker stubs
 *(.eh_frame)
 .eh_frame      0x080080b0        0x0 F:/Knowledge_Update/STM32CubeIDE_1.19.0/STM32CubeIDE/plugins/com.st.stm32cube.ide.mcu.externaltools.gnu-tools-for-stm32.13.3.rel1.win32_1.0.0.202411081344/tools/bin/../lib/gcc/arm-none-eabi/13.3.1/thumb/v7e-m+fp/hard/crtbegin.o
 *(.init)
 .init          0x080080b0        0x4 F:/Knowledge_Update/STM32CubeIDE_1.19.0/STM32CubeIDE/plugins/com.st.stm32cube.ide.mcu.externaltools.gnu-tools-for-stm32.13.3.rel1.win32_1.0.0.202411081344/tools/bin/../lib/gcc/arm-none-eabi/13.3.1/thumb/v7e-m+fp/hard/crti.o
                0x080080b0                _init
 .init          0x080080b4        0x8 F:/Knowledge_Update/STM32CubeIDE_1.19.0/STM32CubeIDE/plugins/com.st.stm32cube.ide.mcu.externaltools.gnu-tools-for-stm32.13.3.rel1.win32_1.0.0.202411081344/tools/bin/../lib/gcc/arm-none-eabi/13.3.1/thumb/v7e-m+fp/hard/crtn.o
 *(.fini)
 .fini          0x080080bc        0x4 F:/Knowledge_Update/STM32CubeIDE_1.19.0/STM32CubeIDE/plugins/com.st.stm32cube.ide.mcu.externaltools.gnu-tools-for-stm32.13.3.rel1.win32_1.0.0.202411081344/tools/bin/../lib/gcc/arm-none-eabi/13.3.1/thumb/v7e-m+fp/hard/crti.o
                0x080080bc                _fini
 .fini          0x080080c0        0x8 F:/Knowledge_Update/STM32CubeIDE_1.19.0/STM32CubeIDE/plugins/com.st.stm32cube.ide.mcu.externaltools.gnu-tools-for-stm32.13.3.rel1.win32_1.0.0.202411081344/tools/bin/../lib/gcc/arm-none-eabi/13.3.1/thumb/v7e-m+fp/hard/crtn.o
                0x080080c8                        . = ALIGN (0x4)
                0x080080c8                        _etext = .

.vfp11_veneer   0x080080c8        0x0
 .vfp11_veneer  0x080080c8        0x0 linker stubs

.v4_bx          0x080080c8        0x0
 .v4_bx         0x080080c8        0x0 linker stubs

.iplt           0x080080c8        0x0
 .iplt          0x080080c8        0x0 F:/Knowledge_Update/STM32CubeIDE_1.19.0/STM32CubeIDE/plugins/com.st.stm32cube.ide.mcu.externaltools.gnu-tools-for-stm32.13.3.rel1.win32_1.0.0.202411081344/tools/bin/../lib/gcc/arm-none-eabi/13.3.1/thumb/v7e-m+fp/hard/crtbegin.o

.rodata         0x080080c8      0x188
                0x080080c8                        . = ALIGN (0x4)
 *(.rodata)
 .rodata        0x080080c8       0x34 ./Core/Src/main.o
 .rodata        0x080080fc        0x5 ./RTOS_related_files/ThirdParty/FreeRTOS/tasks.o
 *fill*         0x08008101        0x3 
 .rodata        0x08008104        0xd ./RTOS_related_files/ThirdParty/FreeRTOS/timers.o
 *fill*         0x08008111        0x3 
 .rodata        0x08008114       0x41 ./RTOS_related_files/ThirdParty/SEGGER/Config/SEGGER_SYSVIEW_Config_FreeRTOS.o
 *fill*         0x08008155        0x3 
 .rodata        0x08008158       0x58 ./RTOS_related_files/ThirdParty/SEGGER/OS/SEGGER_SYSVIEW_FreeRTOS.o
 .rodata        0x080081b0        0x9 ./RTOS_related_files/ThirdParty/SEGGER/SEGGER/SEGGER_RTT.o
 *fill*         0x080081b9        0x3 
 .rodata        0x080081bc        0x8 ./RTOS_related_files/ThirdParty/SEGGER/SEGGER/SEGGER_SYSVIEW.o
 *(.rodata*)
 .rodata.AHBPrescTable
                0x080081c4       0x10 ./Core/Src/system_stm32f4xx.o
                0x080081c4                AHBPrescTable
 .rodata.APBPrescTable
                0x080081d4        0x8 ./Core/Src/system_stm32f4xx.o
                0x080081d4                APBPrescTable
 .rodata.uxTopUsedPriority
                0x080081dc        0x4 ./RTOS_related_files/ThirdParty/FreeRTOS/tasks.o
                0x080081dc                uxTopUsedPriority
 .rodata.SYSVIEW_X_OS_TraceAPI
                0x080081e0        0x8 ./RTOS_related_files/ThirdParty/SEGGER/OS/SEGGER_SYSVIEW_FreeRTOS.o
                0x080081e0                SYSVIEW_X_OS_TraceAPI
 .rodata._abHelloMsg
                0x080081e8        0x4 ./RTOS_related_files/ThirdParty/SEGGER/Rec/segger_uart.o
 .rodata._aInitStr.0
                0x080081ec       0x11 ./RTOS_related_files/ThirdParty/SEGGER/SEGGER/SEGGER_RTT.o
 *fill*         0x080081fd        0x3 
 .rodata._abSync
                0x08008200        0xa ./RTOS_related_files/ThirdParty/SEGGER/SEGGER/SEGGER_SYSVIEW.o
 *fill*         0x0800820a        0x2 
 .rodata._aV2C.0
                0x0800820c       0x10 ./RTOS_related_files/ThirdParty/SEGGER/SEGGER/SEGGER_SYSVIEW.o
 .rodata._svfprintf_r.str1.1
                0x0800821c       0x33 F:/Knowledge_Update/STM32CubeIDE_1.19.0/STM32CubeIDE/plugins/com.st.stm32cube.ide.mcu.externaltools.gnu-tools-for-stm32.13.3.rel1.win32_1.0.0.202411081344/tools/bin/../lib/gcc/arm-none-eabi/13.3.1/../../../../arm-none-eabi/lib/thumb/v7e-m+fp/hard\libc_nano.a(libc_a-nano-svfprintf.o)
                                 0x11 (size before relaxing)
 .rodata._printf_i.str1.1
                0x0800824f       0x22 F:/Knowledge_Update/STM32CubeIDE_1.19.0/STM32CubeIDE/plugins/com.st.stm32cube.ide.mcu.externaltools.gnu-tools-for-stm32.13.3.rel1.win32_1.0.0.202411081344/tools/bin/../lib/gcc/arm-none-eabi/13.3.1/../../../../arm-none-eabi/lib/thumb/v7e-m+fp/hard\libc_nano.a(libc_a-nano-vfprintf_i.o)
                0x08008274                        . = ALIGN (0x4)
 *fill*         0x0800824f        0x1 

.ARM.extab      0x08008250        0x0
                0x08008250                        . = ALIGN (0x4)
 *(.ARM.extab* .gnu.linkonce.armextab.*)
                0x08008250                        . = ALIGN (0x4)

.ARM            0x08008250        0x8
                0x08008250                        . = ALIGN (0x4)
                0x08008250                        __exidx_start = .
 *(.ARM.exidx*)
 .ARM.exidx     0x08008250        0x8 F:/Knowledge_Update/STM32CubeIDE_1.19.0/STM32CubeIDE/plugins/com.st.stm32cube.ide.mcu.externaltools.gnu-tools-for-stm32.13.3.rel1.win32_1.0.0.202411081344/tools/bin/../lib/gcc/arm-none-eabi/13.3.1/../../../../arm-none-eabi/lib/thumb/v7e-m+fp/hard\libc_nano.a(libc_a-memchr.o)
 .ARM.exidx     0x08008258        0x0 F:/Knowledge_Update/STM32CubeIDE_1.19.0/STM32CubeIDE/plugins/com.st.stm32cube.ide.mcu.externaltools.gnu-tools-for-stm32.13.3.rel1.win32_1.0.0.202411081344/tools/bin/../lib/gcc/arm-none-eabi/13.3.1/thumb/v7e-m+fp/hard\libgcc.a(_udivmoddi4.o)
                                  0x8 (size before relaxing)
                0x08008258                        __exidx_end = .
                0x08008258                        . = ALIGN (0x4)

.preinit_array  0x08008258        0x0
                0x08008258                        . = ALIGN (0x4)
                0x08008258                        PROVIDE (__preinit_array_start = .)
 *(.preinit_array*)
                0x08008258                        PROVIDE (__preinit_array_end = .)
                0x08008258                        . = ALIGN (0x4)

.init_array     0x08008258        0x4
                0x08008258                        . = ALIGN (0x4)
                0x08008258                        PROVIDE (__init_array_start = .)
 *(SORT_BY_NAME(.init_array.*))
 *(.init_array*)
 .init_array    0x08008258        0x4 F:/Knowledge_Update/STM32CubeIDE_1.19.0/STM32CubeIDE/plugins/com.st.stm32cube.ide.mcu.externaltools.gnu-tools-for-stm32.13.3.rel1.win32_1.0.0.202411081344/tools/bin/../lib/gcc/arm-none-eabi/13.3.1/thumb/v7e-m+fp/hard/crtbegin.o
                0x0800825c                        PROVIDE (__init_array_end = .)
                0x0800825c                        . = ALIGN (0x4)

.fini_array     0x0800825c        0x4
                0x0800825c                        . = ALIGN (0x4)
                [!provide]                        PROVIDE (__fini_array_start = .)
 *(SORT_BY_NAME(.fini_array.*))
 *(.fini_array*)
 .fini_array    0x0800825c        0x4 F:/Knowledge_Update/STM32CubeIDE_1.19.0/STM32CubeIDE/plugins/com.st.stm32cube.ide.mcu.externaltools.gnu-tools-for-stm32.13.3.rel1.win32_1.0.0.202411081344/tools/bin/../lib/gcc/arm-none-eabi/13.3.1/thumb/v7e-m+fp/hard/crtbegin.o
                [!provide]                        PROVIDE (__fini_array_end = .)
                0x08008260                        . = ALIGN (0x4)
                0x08008260                        _sidata = LOADADDR (.data)

.rel.dyn        0x08008260        0x0
 .rel.iplt      0x08008260        0x0 F:/Knowledge_Update/STM32CubeIDE_1.19.0/STM32CubeIDE/plugins/com.st.stm32cube.ide.mcu.externaltools.gnu-tools-for-stm32.13.3.rel1.win32_1.0.0.202411081344/tools/bin/../lib/gcc/arm-none-eabi/13.3.1/thumb/v7e-m+fp/hard/crtbegin.o

.data           0x20000000       0x68 load address 0x08008260
                0x20000000                        . = ALIGN (0x4)
                0x20000000                        _sdata = .
 *(.data)
 *(.data*)
 .data.SystemCoreClock
                0x20000000        0x4 ./Core/Src/system_stm32f4xx.o
                0x20000000                SystemCoreClock
 .data.uwTickPrio
                0x20000004        0x4 ./Drivers/STM32F4xx_HAL_Driver/Src/stm32f4xx_hal.o
                0x20000004                uwTickPrio
 .data.uwTickFreq
                0x20000008        0x1 ./Drivers/STM32F4xx_HAL_Driver/Src/stm32f4xx_hal.o
                0x20000008                uwTickFreq
 *fill*         0x20000009        0x3 
 .data.uxCriticalNesting
                0x2000000c        0x4 ./RTOS_related_files/ThirdParty/FreeRTOS/portable/GCC/ARM_CM4F/port.o
 .data._SVInfo  0x20000010        0x8 ./RTOS_related_files/ThirdParty/SEGGER/Rec/segger_uart.o
 .data._impure_ptr
                0x20000018        0x4 F:/Knowledge_Update/STM32CubeIDE_1.19.0/STM32CubeIDE/plugins/com.st.stm32cube.ide.mcu.externaltools.gnu-tools-for-stm32.13.3.rel1.win32_1.0.0.202411081344/tools/bin/../lib/gcc/arm-none-eabi/13.3.1/../../../../arm-none-eabi/lib/thumb/v7e-m+fp/hard\libc_nano.a(libc_a-impure.o)
                0x20000018                _impure_ptr
 .data._impure_data
                0x2000001c       0x4c F:/Knowledge_Update/STM32CubeIDE_1.19.0/STM32CubeIDE/plugins/com.st.stm32cube.ide.mcu.externaltools.gnu-tools-for-stm32.13.3.rel1.win32_1.0.0.202411081344/tools/bin/../lib/gcc/arm-none-eabi/13.3.1/../../../../arm-none-eabi/lib/thumb/v7e-m+fp/hard\libc_nano.a(libc_a-impure.o)
                0x2000001c                _impure_data
 *(.RamFunc)
 *(.RamFunc*)
                0x20000068                        . = ALIGN (0x4)
                0x20000068                        _edata = .

.igot.plt       0x20000068        0x0 load address 0x080082c8
 .igot.plt      0x20000068        0x0 F:/Knowledge_Update/STM32CubeIDE_1.19.0/STM32CubeIDE/plugins/com.st.stm32cube.ide.mcu.externaltools.gnu-tools-for-stm32.13.3.rel1.win32_1.0.0.202411081344/tools/bin/../lib/gcc/arm-none-eabi/13.3.1/thumb/v7e-m+fp/hard/crtbegin.o
                0x20000068                        . = ALIGN (0x4)

.bss            0x20000068    0x145dc load address 0x080082c8
                0x20000068                        _sbss = .
                0x20000068                        __bss_start__ = _sbss
 *(.bss)
 .bss           0x20000068       0x1c F:/Knowledge_Update/STM32CubeIDE_1.19.0/STM32CubeIDE/plugins/com.st.stm32cube.ide.mcu.externaltools.gnu-tools-for-stm32.13.3.rel1.win32_1.0.0.202411081344/tools/bin/../lib/gcc/arm-none-eabi/13.3.1/thumb/v7e-m+fp/hard/crtbegin.o
 *(.bss*)
 .bss.htim6     0x20000084       0x48 ./Core/Src/stm32f4xx_hal_timebase_tim.o
                0x20000084                htim6
 .bss.uwTick    0x200000cc        0x4 ./Drivers/STM32F4xx_HAL_Driver/Src/stm32f4xx_hal.o
                0x200000cc                uwTick
 .bss.xQueueRegistry
                0x200000d0       0x40 ./RTOS_related_files/ThirdParty/FreeRTOS/queue.o
                0x200000d0                xQueueRegistry
 .bss.pxCurrentTCB
                0x20000110        0x4 ./RTOS_related_files/ThirdParty/FreeRTOS/tasks.o
                0x20000110                pxCurrentTCB
 .bss.pxReadyTasksLists
                0x20000114       0x64 ./RTOS_related_files/ThirdParty/FreeRTOS/tasks.o
 .bss.xDelayedTaskList1
                0x20000178       0x14 ./RTOS_related_files/ThirdParty/FreeRTOS/tasks.o
 .bss.xDelayedTaskList2
                0x2000018c       0x14 ./RTOS_related_files/ThirdParty/FreeRTOS/tasks.o
 .bss.pxDelayedTaskList
                0x200001a0        0x4 ./RTOS_related_files/ThirdParty/FreeRTOS/tasks.o
 .bss.pxOverflowDelayedTaskList
                0x200001a4        0x4 ./RTOS_related_files/ThirdParty/FreeRTOS/tasks.o
 .bss.xPendingReadyList
                0x200001a8       0x14 ./RTOS_related_files/ThirdParty/FreeRTOS/tasks.o
 .bss.xTasksWaitingTermination
                0x200001bc       0x14 ./RTOS_related_files/ThirdParty/FreeRTOS/tasks.o
 .bss.uxDeletedTasksWaitingCleanUp
                0x200001d0        0x4 ./RTOS_related_files/ThirdParty/FreeRTOS/tasks.o
 .bss.xSuspendedTaskList
                0x200001d4       0x14 ./RTOS_related_files/ThirdParty/FreeRTOS/tasks.o
 .bss.uxCurrentNumberOfTasks
                0x200001e8        0x4 ./RTOS_related_files/ThirdParty/FreeRTOS/tasks.o
 .bss.xTickCount
                0x200001ec        0x4 ./RTOS_related_files/ThirdParty/FreeRTOS/tasks.o
 .bss.uxTopReadyPriority
                0x200001f0        0x4 ./RTOS_related_files/ThirdParty/FreeRTOS/tasks.o
 .bss.xSchedulerRunning
                0x200001f4        0x4 ./RTOS_related_files/ThirdParty/FreeRTOS/tasks.o
 .bss.xPendedTicks
                0x200001f8        0x4 ./RTOS_related_files/ThirdParty/FreeRTOS/tasks.o
 .bss.xYieldPending
                0x200001fc        0x4 ./RTOS_related_files/ThirdParty/FreeRTOS/tasks.o
 .bss.xNumOfOverflows
                0x20000200        0x4 ./RTOS_related_files/ThirdParty/FreeRTOS/tasks.o
 .bss.uxTaskNumber
                0x20000204        0x4 ./RTOS_related_files/ThirdParty/FreeRTOS/tasks.o
 .bss.xNextTaskUnblockTime
                0x20000208        0x4 ./RTOS_related_files/ThirdParty/FreeRTOS/tasks.o
 .bss.xIdleTaskHandle
                0x2000020c        0x4 ./RTOS_related_files/ThirdParty/FreeRTOS/tasks.o
 .bss.uxSchedulerSuspended
                0x20000210        0x4 ./RTOS_related_files/ThirdParty/FreeRTOS/tasks.o
 .bss.xActiveTimerList1
                0x20000214       0x14 ./RTOS_related_files/ThirdParty/FreeRTOS/timers.o
 .bss.xActiveTimerList2
                0x20000228       0x14 ./RTOS_related_files/ThirdParty/FreeRTOS/timers.o
 .bss.pxCurrentTimerList
                0x2000023c        0x4 ./RTOS_related_files/ThirdParty/FreeRTOS/timers.o
 .bss.pxOverflowTimerList
                0x20000240        0x4 ./RTOS_related_files/ThirdParty/FreeRTOS/timers.o
 .bss.xTimerQueue
                0x20000244        0x4 ./RTOS_related_files/ThirdParty/FreeRTOS/timers.o
 .bss.xTimerTaskHandle
                0x20000248        0x4 ./RTOS_related_files/ThirdParty/FreeRTOS/timers.o
 .bss.xLastTime.0
                0x2000024c        0x4 ./RTOS_related_files/ThirdParty/FreeRTOS/timers.o
 .bss.ucMaxSysCallPriority
                0x20000250        0x1 ./RTOS_related_files/ThirdParty/FreeRTOS/portable/GCC/ARM_CM4F/port.o
 *fill*         0x20000251        0x3 
 .bss.ulMaxPRIGROUPValue
                0x20000254        0x4 ./RTOS_related_files/ThirdParty/FreeRTOS/portable/GCC/ARM_CM4F/port.o
 .bss.ucHeap    0x20000258    0x12c00 ./RTOS_related_files/ThirdParty/FreeRTOS/portable/MemMang/heap_4.o
 .bss.xStart    0x20012e58        0x8 ./RTOS_related_files/ThirdParty/FreeRTOS/portable/MemMang/heap_4.o
 .bss.pxEnd     0x20012e60        0x4 ./RTOS_related_files/ThirdParty/FreeRTOS/portable/MemMang/heap_4.o
 .bss.xFreeBytesRemaining
                0x20012e64        0x4 ./RTOS_related_files/ThirdParty/FreeRTOS/portable/MemMang/heap_4.o
 .bss.xMinimumEverFreeBytesRemaining
                0x20012e68        0x4 ./RTOS_related_files/ThirdParty/FreeRTOS/portable/MemMang/heap_4.o
 .bss.xNumberOfSuccessfulAllocations
                0x20012e6c        0x4 ./RTOS_related_files/ThirdParty/FreeRTOS/portable/MemMang/heap_4.o
 .bss.xNumberOfSuccessfulFrees
                0x20012e70        0x4 ./RTOS_related_files/ThirdParty/FreeRTOS/portable/MemMang/heap_4.o
 .bss.xBlockAllocatedBit
                0x20012e74        0x4 ./RTOS_related_files/ThirdParty/FreeRTOS/portable/MemMang/heap_4.o
 .bss._aTasks   0x20012e78       0xa0 ./RTOS_related_files/ThirdParty/SEGGER/OS/SEGGER_SYSVIEW_FreeRTOS.o
 .bss._NumTasks
                0x20012f18        0x4 ./RTOS_related_files/ThirdParty/SEGGER/OS/SEGGER_SYSVIEW_FreeRTOS.o
 .bss._cbOnRx   0x20012f1c        0x4 ./RTOS_related_files/ThirdParty/SEGGER/Rec/segger_uart.o
 .bss._cbOnTx   0x20012f20        0x4 ./RTOS_related_files/ThirdParty/SEGGER/Rec/segger_uart.o
 .bss._SEGGER_RTT
                0x20012f24       0xa8 ./RTOS_related_files/ThirdParty/SEGGER/SEGGER/SEGGER_RTT.o
                0x20012f24                _SEGGER_RTT
 .bss._acUpBuffer
                0x20012fcc      0x400 ./RTOS_related_files/ThirdParty/SEGGER/SEGGER/SEGGER_RTT.o
 .bss._acDownBuffer
                0x200133cc       0x10 ./RTOS_related_files/ThirdParty/SEGGER/SEGGER/SEGGER_RTT.o
 .bss._UpBuffer
                0x200133dc     0x1000 ./RTOS_related_files/ThirdParty/SEGGER/SEGGER/SEGGER_SYSVIEW.o
 .bss._DownBuffer
                0x200143dc        0x8 ./RTOS_related_files/ThirdParty/SEGGER/SEGGER/SEGGER_SYSVIEW.o
 .bss._SYSVIEW_Globals
                0x200143e4       0x28 ./RTOS_related_files/ThirdParty/SEGGER/SEGGER/SEGGER_SYSVIEW.o
 .bss._pFirstModule
                0x2001440c        0x4 ./RTOS_related_files/ThirdParty/SEGGER/SEGGER/SEGGER_SYSVIEW.o
 .bss._NumModules
                0x20014410        0x1 ./RTOS_related_files/ThirdParty/SEGGER/SEGGER/SEGGER_SYSVIEW.o
 *fill*         0x20014411        0x3 
 .bss._aPacket  0x20014414       0xe3 ./RTOS_related_files/ThirdParty/SEGGER/SEGGER/SEGGER_SYSVIEW.o
 *fill*         0x200144f7        0x1 
 .bss.__sf      0x200144f8      0x138 F:/Knowledge_Update/STM32CubeIDE_1.19.0/STM32CubeIDE/plugins/com.st.stm32cube.ide.mcu.externaltools.gnu-tools-for-stm32.13.3.rel1.win32_1.0.0.202411081344/tools/bin/../lib/gcc/arm-none-eabi/13.3.1/../../../../arm-none-eabi/lib/thumb/v7e-m+fp/hard\libc_nano.a(libc_a-findfp.o)
                0x200144f8                __sf
 .bss.errno     0x20014630        0x4 F:/Knowledge_Update/STM32CubeIDE_1.19.0/STM32CubeIDE/plugins/com.st.stm32cube.ide.mcu.externaltools.gnu-tools-for-stm32.13.3.rel1.win32_1.0.0.202411081344/tools/bin/../lib/gcc/arm-none-eabi/13.3.1/../../../../arm-none-eabi/lib/thumb/v7e-m+fp/hard\libc_nano.a(libc_a-reent.o)
                0x20014630                errno
 .bss.__lock___malloc_recursive_mutex
                0x20014634        0x1 F:/Knowledge_Update/STM32CubeIDE_1.19.0/STM32CubeIDE/plugins/com.st.stm32cube.ide.mcu.externaltools.gnu-tools-for-stm32.13.3.rel1.win32_1.0.0.202411081344/tools/bin/../lib/gcc/arm-none-eabi/13.3.1/../../../../arm-none-eabi/lib/thumb/v7e-m+fp/hard\libc_nano.a(libc_a-lock.o)
                0x20014634                __lock___malloc_recursive_mutex
 *fill*         0x20014635        0x3 
 .bss.__malloc_sbrk_start
                0x20014638        0x4 F:/Knowledge_Update/STM32CubeIDE_1.19.0/STM32CubeIDE/plugins/com.st.stm32cube.ide.mcu.externaltools.gnu-tools-for-stm32.13.3.rel1.win32_1.0.0.202411081344/tools/bin/../lib/gcc/arm-none-eabi/13.3.1/../../../../arm-none-eabi/lib/thumb/v7e-m+fp/hard\libc_nano.a(libc_a-mallocr.o)
                0x20014638                __malloc_sbrk_start
 .bss.__malloc_free_list
                0x2001463c        0x4 F:/Knowledge_Update/STM32CubeIDE_1.19.0/STM32CubeIDE/plugins/com.st.stm32cube.ide.mcu.externaltools.gnu-tools-for-stm32.13.3.rel1.win32_1.0.0.202411081344/tools/bin/../lib/gcc/arm-none-eabi/13.3.1/../../../../arm-none-eabi/lib/thumb/v7e-m+fp/hard\libc_nano.a(libc_a-mallocr.o)
                0x2001463c                __malloc_free_list
 .bss.heap_end.0
                0x20014640        0x4 F:/Knowledge_Update/STM32CubeIDE_1.19.0/STM32CubeIDE/plugins/com.st.stm32cube.ide.mcu.externaltools.gnu-tools-for-stm32.13.3.rel1.win32_1.0.0.202411081344/tools/bin/../lib/gcc/arm-none-eabi/13.3.1/../../../../arm-none-eabi/lib/thumb/v7e-m+fp/hard\libnosys.a(sbrk.o)
 *(COMMON)
                0x20014644                        . = ALIGN (0x4)
                0x20014644                        _ebss = .
                0x20014644                        __bss_end__ = _ebss

._user_heap_stack
                0x20014644      0x604 load address 0x080082c8
                0x20014648                        . = ALIGN (0x8)
 *fill*         0x20014644        0x4 
                0x20014648                        PROVIDE (end = .)
                [!provide]                        PROVIDE (_end = .)
                0x20014848                        . = (. + _Min_Heap_Size)
 *fill*         0x20014648      0x200 
                0x20014c48                        . = (. + _Min_Stack_Size)
 *fill*         0x20014848      0x400 
                0x20014c48                        . = ALIGN (0x8)

/DISCARD/
 libc.a(*)
 libm.a(*)
 libgcc.a(*)

.ARM.attributes
                0x00000000       0x30
 *(.ARM.attributes)
 .ARM.attributes
                0x00000000       0x22 F:/Knowledge_Update/STM32CubeIDE_1.19.0/STM32CubeIDE/plugins/com.st.stm32cube.ide.mcu.externaltools.gnu-tools-for-stm32.13.3.rel1.win32_1.0.0.202411081344/tools/bin/../lib/gcc/arm-none-eabi/13.3.1/thumb/v7e-m+fp/hard/crti.o
 .ARM.attributes
                0x00000022       0x34 F:/Knowledge_Update/STM32CubeIDE_1.19.0/STM32CubeIDE/plugins/com.st.stm32cube.ide.mcu.externaltools.gnu-tools-for-stm32.13.3.rel1.win32_1.0.0.202411081344/tools/bin/../lib/gcc/arm-none-eabi/13.3.1/thumb/v7e-m+fp/hard/crtbegin.o
 .ARM.attributes
                0x00000056       0x34 ./Core/Src/main.o
 .ARM.attributes
                0x0000008a       0x34 ./Core/Src/stm32f4xx_hal_msp.o
 .ARM.attributes
                0x000000be       0x34 ./Core/Src/stm32f4xx_hal_timebase_tim.o
 .ARM.attributes
                0x000000f2       0x34 ./Core/Src/stm32f4xx_it.o
 .ARM.attributes
                0x00000126       0x34 ./Core/Src/system_stm32f4xx.o
 .ARM.attributes
                0x0000015a       0x21 ./Core/Startup/startup_stm32f446retx.o
 .ARM.attributes
                0x0000017b       0x34 ./Drivers/STM32F4xx_HAL_Driver/Src/stm32f4xx_hal.o
 .ARM.attributes
                0x000001af       0x34 ./Drivers/STM32F4xx_HAL_Driver/Src/stm32f4xx_hal_cortex.o
 .ARM.attributes
                0x000001e3       0x34 ./Drivers/STM32F4xx_HAL_Driver/Src/stm32f4xx_hal_gpio.o
 .ARM.attributes
                0x00000217       0x34 ./Drivers/STM32F4xx_HAL_Driver/Src/stm32f4xx_hal_rcc.o
 .ARM.attributes
                0x0000024b       0x34 ./Drivers/STM32F4xx_HAL_Driver/Src/stm32f4xx_hal_rcc_ex.o
 .ARM.attributes
                0x0000027f       0x34 ./Drivers/STM32F4xx_HAL_Driver/Src/stm32f4xx_hal_tim.o
 .ARM.attributes
                0x000002b3       0x34 ./Drivers/STM32F4xx_HAL_Driver/Src/stm32f4xx_hal_tim_ex.o
 .ARM.attributes
                0x000002e7       0x34 ./RTOS_related_files/ThirdParty/FreeRTOS/list.o
 .ARM.attributes
                0x0000031b       0x34 ./RTOS_related_files/ThirdParty/FreeRTOS/queue.o
 .ARM.attributes
                0x0000034f       0x34 ./RTOS_related_files/ThirdParty/FreeRTOS/tasks.o
 .ARM.attributes
                0x00000383       0x34 ./RTOS_related_files/ThirdParty/FreeRTOS/timers.o
 .ARM.attributes
                0x000003b7       0x34 ./RTOS_related_files/ThirdParty/FreeRTOS/portable/GCC/ARM_CM4F/port.o
 .ARM.attributes
                0x000003eb       0x34 ./RTOS_related_files/ThirdParty/FreeRTOS/portable/MemMang/heap_4.o
 .ARM.attributes
                0x0000041f       0x34 ./RTOS_related_files/ThirdParty/SEGGER/Config/SEGGER_SYSVIEW_Config_FreeRTOS.o
 .ARM.attributes
                0x00000453       0x34 ./RTOS_related_files/ThirdParty/SEGGER/OS/SEGGER_SYSVIEW_FreeRTOS.o
 .ARM.attributes
                0x00000487       0x34 ./RTOS_related_files/ThirdParty/SEGGER/Rec/segger_uart.o
 .ARM.attributes
                0x000004bb       0x34 ./RTOS_related_files/ThirdParty/SEGGER/SEGGER/SEGGER_RTT.o
 .ARM.attributes
                0x000004ef       0x20 ./RTOS_related_files/ThirdParty/SEGGER/SEGGER/SEGGER_RTT_ASM_ARMv7M.o
 .ARM.attributes
                0x0000050f       0x34 ./RTOS_related_files/ThirdParty/SEGGER/SEGGER/SEGGER_SYSVIEW.o
 .ARM.attributes
                0x00000543       0x34 F:/Knowledge_Update/STM32CubeIDE_1.19.0/STM32CubeIDE/plugins/com.st.stm32cube.ide.mcu.externaltools.gnu-tools-for-stm32.13.3.rel1.win32_1.0.0.202411081344/tools/bin/../lib/gcc/arm-none-eabi/13.3.1/../../../../arm-none-eabi/lib/thumb/v7e-m+fp/hard\libc_nano.a(libc_a-findfp.o)
 .ARM.attributes
                0x00000577       0x34 F:/Knowledge_Update/STM32CubeIDE_1.19.0/STM32CubeIDE/plugins/com.st.stm32cube.ide.mcu.externaltools.gnu-tools-for-stm32.13.3.rel1.win32_1.0.0.202411081344/tools/bin/../lib/gcc/arm-none-eabi/13.3.1/../../../../arm-none-eabi/lib/thumb/v7e-m+fp/hard\libc_nano.a(libc_a-snprintf.o)
 .ARM.attributes
                0x000005ab       0x34 F:/Knowledge_Update/STM32CubeIDE_1.19.0/STM32CubeIDE/plugins/com.st.stm32cube.ide.mcu.externaltools.gnu-tools-for-stm32.13.3.rel1.win32_1.0.0.202411081344/tools/bin/../lib/gcc/arm-none-eabi/13.3.1/../../../../arm-none-eabi/lib/thumb/v7e-m+fp/hard\libc_nano.a(libc_a-memcmp.o)
 .ARM.attributes
                0x000005df       0x34 F:/Knowledge_Update/STM32CubeIDE_1.19.0/STM32CubeIDE/plugins/com.st.stm32cube.ide.mcu.externaltools.gnu-tools-for-stm32.13.3.rel1.win32_1.0.0.202411081344/tools/bin/../lib/gcc/arm-none-eabi/13.3.1/../../../../arm-none-eabi/lib/thumb/v7e-m+fp/hard\libc_nano.a(libc_a-memset.o)
 .ARM.attributes
                0x00000613       0x34 F:/Knowledge_Update/STM32CubeIDE_1.19.0/STM32CubeIDE/plugins/com.st.stm32cube.ide.mcu.externaltools.gnu-tools-for-stm32.13.3.rel1.win32_1.0.0.202411081344/tools/bin/../lib/gcc/arm-none-eabi/13.3.1/../../../../arm-none-eabi/lib/thumb/v7e-m+fp/hard\libc_nano.a(libc_a-reent.o)
 .ARM.attributes
                0x00000647       0x34 F:/Knowledge_Update/STM32CubeIDE_1.19.0/STM32CubeIDE/plugins/com.st.stm32cube.ide.mcu.externaltools.gnu-tools-for-stm32.13.3.rel1.win32_1.0.0.202411081344/tools/bin/../lib/gcc/arm-none-eabi/13.3.1/../../../../arm-none-eabi/lib/thumb/v7e-m+fp/hard\libc_nano.a(libc_a-impure.o)
 .ARM.attributes
                0x0000067b       0x34 F:/Knowledge_Update/STM32CubeIDE_1.19.0/STM32CubeIDE/plugins/com.st.stm32cube.ide.mcu.externaltools.gnu-tools-for-stm32.13.3.rel1.win32_1.0.0.202411081344/tools/bin/../lib/gcc/arm-none-eabi/13.3.1/../../../../arm-none-eabi/lib/thumb/v7e-m+fp/hard\libc_nano.a(libc_a-init.o)
 .ARM.attributes
                0x000006af       0x34 F:/Knowledge_Update/STM32CubeIDE_1.19.0/STM32CubeIDE/plugins/com.st.stm32cube.ide.mcu.externaltools.gnu-tools-for-stm32.13.3.rel1.win32_1.0.0.202411081344/tools/bin/../lib/gcc/arm-none-eabi/13.3.1/../../../../arm-none-eabi/lib/thumb/v7e-m+fp/hard\libc_nano.a(libc_a-lock.o)
 .ARM.attributes
                0x000006e3       0x34 F:/Knowledge_Update/STM32CubeIDE_1.19.0/STM32CubeIDE/plugins/com.st.stm32cube.ide.mcu.externaltools.gnu-tools-for-stm32.13.3.rel1.win32_1.0.0.202411081344/tools/bin/../lib/gcc/arm-none-eabi/13.3.1/../../../../arm-none-eabi/lib/thumb/v7e-m+fp/hard\libc_nano.a(libc_a-memcpy-stub.o)
 .ARM.attributes
                0x00000717       0x34 F:/Knowledge_Update/STM32CubeIDE_1.19.0/STM32CubeIDE/plugins/com.st.stm32cube.ide.mcu.externaltools.gnu-tools-for-stm32.13.3.rel1.win32_1.0.0.202411081344/tools/bin/../lib/gcc/arm-none-eabi/13.3.1/../../../../arm-none-eabi/lib/thumb/v7e-m+fp/hard\libc_nano.a(libc_a-freer.o)
 .ARM.attributes
                0x0000074b       0x34 F:/Knowledge_Update/STM32CubeIDE_1.19.0/STM32CubeIDE/plugins/com.st.stm32cube.ide.mcu.externaltools.gnu-tools-for-stm32.13.3.rel1.win32_1.0.0.202411081344/tools/bin/../lib/gcc/arm-none-eabi/13.3.1/../../../../arm-none-eabi/lib/thumb/v7e-m+fp/hard\libc_nano.a(libc_a-mallocr.o)
 .ARM.attributes
                0x0000077f       0x34 F:/Knowledge_Update/STM32CubeIDE_1.19.0/STM32CubeIDE/plugins/com.st.stm32cube.ide.mcu.externaltools.gnu-tools-for-stm32.13.3.rel1.win32_1.0.0.202411081344/tools/bin/../lib/gcc/arm-none-eabi/13.3.1/../../../../arm-none-eabi/lib/thumb/v7e-m+fp/hard\libc_nano.a(libc_a-mlock.o)
 .ARM.attributes
                0x000007b3       0x34 F:/Knowledge_Update/STM32CubeIDE_1.19.0/STM32CubeIDE/plugins/com.st.stm32cube.ide.mcu.externaltools.gnu-tools-for-stm32.13.3.rel1.win32_1.0.0.202411081344/tools/bin/../lib/gcc/arm-none-eabi/13.3.1/../../../../arm-none-eabi/lib/thumb/v7e-m+fp/hard\libc_nano.a(libc_a-nano-svfprintf.o)
 .ARM.attributes
                0x000007e7       0x34 F:/Knowledge_Update/STM32CubeIDE_1.19.0/STM32CubeIDE/plugins/com.st.stm32cube.ide.mcu.externaltools.gnu-tools-for-stm32.13.3.rel1.win32_1.0.0.202411081344/tools/bin/../lib/gcc/arm-none-eabi/13.3.1/../../../../arm-none-eabi/lib/thumb/v7e-m+fp/hard\libc_nano.a(libc_a-nano-vfprintf_i.o)
 .ARM.attributes
                0x0000081b       0x34 F:/Knowledge_Update/STM32CubeIDE_1.19.0/STM32CubeIDE/plugins/com.st.stm32cube.ide.mcu.externaltools.gnu-tools-for-stm32.13.3.rel1.win32_1.0.0.202411081344/tools/bin/../lib/gcc/arm-none-eabi/13.3.1/../../../../arm-none-eabi/lib/thumb/v7e-m+fp/hard\libc_nano.a(libc_a-memmove.o)
 .ARM.attributes
                0x0000084f       0x34 F:/Knowledge_Update/STM32CubeIDE_1.19.0/STM32CubeIDE/plugins/com.st.stm32cube.ide.mcu.externaltools.gnu-tools-for-stm32.13.3.rel1.win32_1.0.0.202411081344/tools/bin/../lib/gcc/arm-none-eabi/13.3.1/../../../../arm-none-eabi/lib/thumb/v7e-m+fp/hard\libc_nano.a(libc_a-sbrkr.o)
 .ARM.attributes
                0x00000883       0x1c F:/Knowledge_Update/STM32CubeIDE_1.19.0/STM32CubeIDE/plugins/com.st.stm32cube.ide.mcu.externaltools.gnu-tools-for-stm32.13.3.rel1.win32_1.0.0.202411081344/tools/bin/../lib/gcc/arm-none-eabi/13.3.1/../../../../arm-none-eabi/lib/thumb/v7e-m+fp/hard\libc_nano.a(libc_a-memchr.o)
 .ARM.attributes
                0x0000089f       0x34 F:/Knowledge_Update/STM32CubeIDE_1.19.0/STM32CubeIDE/plugins/com.st.stm32cube.ide.mcu.externaltools.gnu-tools-for-stm32.13.3.rel1.win32_1.0.0.202411081344/tools/bin/../lib/gcc/arm-none-eabi/13.3.1/../../../../arm-none-eabi/lib/thumb/v7e-m+fp/hard\libc_nano.a(libc_a-reallocr.o)
 .ARM.attributes
                0x000008d3       0x34 F:/Knowledge_Update/STM32CubeIDE_1.19.0/STM32CubeIDE/plugins/com.st.stm32cube.ide.mcu.externaltools.gnu-tools-for-stm32.13.3.rel1.win32_1.0.0.202411081344/tools/bin/../lib/gcc/arm-none-eabi/13.3.1/../../../../arm-none-eabi/lib/thumb/v7e-m+fp/hard\libc_nano.a(libc_a-msizer.o)
 .ARM.attributes
                0x00000907       0x22 F:/Knowledge_Update/STM32CubeIDE_1.19.0/STM32CubeIDE/plugins/com.st.stm32cube.ide.mcu.externaltools.gnu-tools-for-stm32.13.3.rel1.win32_1.0.0.202411081344/tools/bin/../lib/gcc/arm-none-eabi/13.3.1/thumb/v7e-m+fp/hard\libgcc.a(_aeabi_uldivmod.o)
 .ARM.attributes
                0x00000929       0x34 F:/Knowledge_Update/STM32CubeIDE_1.19.0/STM32CubeIDE/plugins/com.st.stm32cube.ide.mcu.externaltools.gnu-tools-for-stm32.13.3.rel1.win32_1.0.0.202411081344/tools/bin/../lib/gcc/arm-none-eabi/13.3.1/thumb/v7e-m+fp/hard\libgcc.a(_udivmoddi4.o)
 .ARM.attributes
                0x0000095d       0x22 F:/Knowledge_Update/STM32CubeIDE_1.19.0/STM32CubeIDE/plugins/com.st.stm32cube.ide.mcu.externaltools.gnu-tools-for-stm32.13.3.rel1.win32_1.0.0.202411081344/tools/bin/../lib/gcc/arm-none-eabi/13.3.1/thumb/v7e-m+fp/hard\libgcc.a(_dvmd_tls.o)
 .ARM.attributes
                0x0000097f       0x34 F:/Knowledge_Update/STM32CubeIDE_1.19.0/STM32CubeIDE/plugins/com.st.stm32cube.ide.mcu.externaltools.gnu-tools-for-stm32.13.3.rel1.win32_1.0.0.202411081344/tools/bin/../lib/gcc/arm-none-eabi/13.3.1/../../../../arm-none-eabi/lib/thumb/v7e-m+fp/hard\libnosys.a(sbrk.o)
 .ARM.attributes
                0x000009b3       0x22 F:/Knowledge_Update/STM32CubeIDE_1.19.0/STM32CubeIDE/plugins/com.st.stm32cube.ide.mcu.externaltools.gnu-tools-for-stm32.13.3.rel1.win32_1.0.0.202411081344/tools/bin/../lib/gcc/arm-none-eabi/13.3.1/thumb/v7e-m+fp/hard/crtn.o
OUTPUT(RTOS_LED_Task.elf elf32-littlearm)
LOAD linker stubs
LOAD F:/Knowledge_Update/STM32CubeIDE_1.19.0/STM32CubeIDE/plugins/com.st.stm32cube.ide.mcu.externaltools.gnu-tools-for-stm32.13.3.rel1.win32_1.0.0.202411081344/tools/bin/../lib/gcc/arm-none-eabi/13.3.1/../../../../arm-none-eabi/lib/thumb/v7e-m+fp/hard\libc.a
LOAD F:/Knowledge_Update/STM32CubeIDE_1.19.0/STM32CubeIDE/plugins/com.st.stm32cube.ide.mcu.externaltools.gnu-tools-for-stm32.13.3.rel1.win32_1.0.0.202411081344/tools/bin/../lib/gcc/arm-none-eabi/13.3.1/../../../../arm-none-eabi/lib/thumb/v7e-m+fp/hard\libm.a
LOAD F:/Knowledge_Update/STM32CubeIDE_1.19.0/STM32CubeIDE/plugins/com.st.stm32cube.ide.mcu.externaltools.gnu-tools-for-stm32.13.3.rel1.win32_1.0.0.202411081344/tools/bin/../lib/gcc/arm-none-eabi/13.3.1/thumb/v7e-m+fp/hard\libgcc.a

.debug_info     0x00000000    0x14769
 .debug_info    0x00000000      0xf24 ./Core/Src/main.o
 .debug_info    0x00000f24      0x2a8 ./Core/Src/stm32f4xx_hal_msp.o
 .debug_info    0x000011cc      0xc44 ./Core/Src/stm32f4xx_hal_timebase_tim.o
 .debug_info    0x00001e10      0x6ab ./Core/Src/stm32f4xx_it.o
 .debug_info    0x000024bb      0x54a ./Core/Src/system_stm32f4xx.o
 .debug_info    0x00002a05       0x30 ./Core/Startup/startup_stm32f446retx.o
 .debug_info    0x00002a35      0x99a ./Drivers/STM32F4xx_HAL_Driver/Src/stm32f4xx_hal.o
 .debug_info    0x000033cf      0xdaa ./Drivers/STM32F4xx_HAL_Driver/Src/stm32f4xx_hal_cortex.o
 .debug_info    0x00004179      0x70b ./Drivers/STM32F4xx_HAL_Driver/Src/stm32f4xx_hal_gpio.o
 .debug_info    0x00004884      0x8ff ./Drivers/STM32F4xx_HAL_Driver/Src/stm32f4xx_hal_rcc.o
 .debug_info    0x00005183      0x960 ./Drivers/STM32F4xx_HAL_Driver/Src/stm32f4xx_hal_rcc_ex.o
 .debug_info    0x00005ae3     0x299d ./Drivers/STM32F4xx_HAL_Driver/Src/stm32f4xx_hal_tim.o
 .debug_info    0x00008480     0x14db ./Drivers/STM32F4xx_HAL_Driver/Src/stm32f4xx_hal_tim_ex.o
 .debug_info    0x0000995b      0x2af ./RTOS_related_files/ThirdParty/FreeRTOS/list.o
 .debug_info    0x00009c0a     0x1878 ./RTOS_related_files/ThirdParty/FreeRTOS/queue.o
 .debug_info    0x0000b482     0x2204 ./RTOS_related_files/ThirdParty/FreeRTOS/tasks.o
 .debug_info    0x0000d686      0xe4d ./RTOS_related_files/ThirdParty/FreeRTOS/timers.o
 .debug_info    0x0000e4d3      0x59d ./RTOS_related_files/ThirdParty/FreeRTOS/portable/GCC/ARM_CM4F/port.o
 .debug_info    0x0000ea70      0x4d5 ./RTOS_related_files/ThirdParty/FreeRTOS/portable/MemMang/heap_4.o
 .debug_info    0x0000ef45      0x173 ./RTOS_related_files/ThirdParty/SEGGER/Config/SEGGER_SYSVIEW_Config_FreeRTOS.o
 .debug_info    0x0000f0b8      0x411 ./RTOS_related_files/ThirdParty/SEGGER/OS/SEGGER_SYSVIEW_FreeRTOS.o
 .debug_info    0x0000f4c9      0x8c2 ./RTOS_related_files/ThirdParty/SEGGER/Rec/segger_uart.o
 .debug_info    0x0000fd8b     0x1497 ./RTOS_related_files/ThirdParty/SEGGER/SEGGER/SEGGER_RTT.o
 .debug_info    0x00011222       0x25 ./RTOS_related_files/ThirdParty/SEGGER/SEGGER/SEGGER_RTT_ASM_ARMv7M.o
 .debug_info    0x00011247     0x3522 ./RTOS_related_files/ThirdParty/SEGGER/SEGGER/SEGGER_SYSVIEW.o

.debug_abbrev   0x00000000     0x332f
 .debug_abbrev  0x00000000      0x319 ./Core/Src/main.o
 .debug_abbrev  0x00000319       0xeb ./Core/Src/stm32f4xx_hal_msp.o
 .debug_abbrev  0x00000404      0x1f4 ./Core/Src/stm32f4xx_hal_timebase_tim.o
 .debug_abbrev  0x000005f8      0x17d ./Core/Src/stm32f4xx_it.o
 .debug_abbrev  0x00000775      0x11a ./Core/Src/system_stm32f4xx.o
 .debug_abbrev  0x0000088f       0x24 ./Core/Startup/startup_stm32f446retx.o
 .debug_abbrev  0x000008b3      0x214 ./Drivers/STM32F4xx_HAL_Driver/Src/stm32f4xx_hal.o
 .debug_abbrev  0x00000ac7      0x31d ./Drivers/STM32F4xx_HAL_Driver/Src/stm32f4xx_hal_cortex.o
 .debug_abbrev  0x00000de4      0x1d4 ./Drivers/STM32F4xx_HAL_Driver/Src/stm32f4xx_hal_gpio.o
 .debug_abbrev  0x00000fb8      0x2b7 ./Drivers/STM32F4xx_HAL_Driver/Src/stm32f4xx_hal_rcc.o
 .debug_abbrev  0x0000126f      0x211 ./Drivers/STM32F4xx_HAL_Driver/Src/stm32f4xx_hal_rcc_ex.o
 .debug_abbrev  0x00001480      0x278 ./Drivers/STM32F4xx_HAL_Driver/Src/stm32f4xx_hal_tim.o
 .debug_abbrev  0x000016f8      0x283 ./Drivers/STM32F4xx_HAL_Driver/Src/stm32f4xx_hal_tim_ex.o
 .debug_abbrev  0x0000197b       0xf5 ./RTOS_related_files/ThirdParty/FreeRTOS/list.o
 .debug_abbrev  0x00001a70      0x321 ./RTOS_related_files/ThirdParty/FreeRTOS/queue.o
 .debug_abbrev  0x00001d91      0x3a1 ./RTOS_related_files/ThirdParty/FreeRTOS/tasks.o
 .debug_abbrev  0x00002132      0x2de ./RTOS_related_files/ThirdParty/FreeRTOS/timers.o
 .debug_abbrev  0x00002410      0x25a ./RTOS_related_files/ThirdParty/FreeRTOS/portable/GCC/ARM_CM4F/port.o
 .debug_abbrev  0x0000266a      0x21e ./RTOS_related_files/ThirdParty/FreeRTOS/portable/MemMang/heap_4.o
 .debug_abbrev  0x00002888       0xdf ./RTOS_related_files/ThirdParty/SEGGER/Config/SEGGER_SYSVIEW_Config_FreeRTOS.o
 .debug_abbrev  0x00002967      0x1a4 ./RTOS_related_files/ThirdParty/SEGGER/OS/SEGGER_SYSVIEW_FreeRTOS.o
 .debug_abbrev  0x00002b0b      0x28c ./RTOS_related_files/ThirdParty/SEGGER/Rec/segger_uart.o
 .debug_abbrev  0x00002d97      0x238 ./RTOS_related_files/ThirdParty/SEGGER/SEGGER/SEGGER_RTT.o
 .debug_abbrev  0x00002fcf       0x14 ./RTOS_related_files/ThirdParty/SEGGER/SEGGER/SEGGER_RTT_ASM_ARMv7M.o
 .debug_abbrev  0x00002fe3      0x34c ./RTOS_related_files/ThirdParty/SEGGER/SEGGER/SEGGER_SYSVIEW.o

.debug_aranges  0x00000000     0x13c8
 .debug_aranges
                0x00000000       0x50 ./Core/Src/main.o
 .debug_aranges
                0x00000050       0x20 ./Core/Src/stm32f4xx_hal_msp.o
 .debug_aranges
                0x00000070       0x30 ./Core/Src/stm32f4xx_hal_timebase_tim.o
 .debug_aranges
                0x000000a0       0x50 ./Core/Src/stm32f4xx_it.o
 .debug_aranges
                0x000000f0       0x28 ./Core/Src/system_stm32f4xx.o
 .debug_aranges
                0x00000118       0x28 ./Core/Startup/startup_stm32f446retx.o
 .debug_aranges
                0x00000140       0xf0 ./Drivers/STM32F4xx_HAL_Driver/Src/stm32f4xx_hal.o
 .debug_aranges
                0x00000230      0x130 ./Drivers/STM32F4xx_HAL_Driver/Src/stm32f4xx_hal_cortex.o
 .debug_aranges
                0x00000360       0x58 ./Drivers/STM32F4xx_HAL_Driver/Src/stm32f4xx_hal_gpio.o
 .debug_aranges
                0x000003b8       0x88 ./Drivers/STM32F4xx_HAL_Driver/Src/stm32f4xx_hal_rcc.o
 .debug_aranges
                0x00000440       0x78 ./Drivers/STM32F4xx_HAL_Driver/Src/stm32f4xx_hal_rcc_ex.o
 .debug_aranges
                0x000004b8      0x3d0 ./Drivers/STM32F4xx_HAL_Driver/Src/stm32f4xx_hal_tim.o
 .debug_aranges
                0x00000888      0x168 ./Drivers/STM32F4xx_HAL_Driver/Src/stm32f4xx_hal_tim_ex.o
 .debug_aranges
                0x000009f0       0x40 ./RTOS_related_files/ThirdParty/FreeRTOS/list.o
 .debug_aranges
                0x00000a30      0x130 ./RTOS_related_files/ThirdParty/FreeRTOS/queue.o
 .debug_aranges
                0x00000b60      0x200 ./RTOS_related_files/ThirdParty/FreeRTOS/tasks.o
 .debug_aranges
                0x00000d60       0xd8 ./RTOS_related_files/ThirdParty/FreeRTOS/timers.o
 .debug_aranges
                0x00000e38       0x88 ./RTOS_related_files/ThirdParty/FreeRTOS/portable/GCC/ARM_CM4F/port.o
 .debug_aranges
                0x00000ec0       0x58 ./RTOS_related_files/ThirdParty/FreeRTOS/portable/MemMang/heap_4.o
 .debug_aranges
                0x00000f18       0x28 ./RTOS_related_files/ThirdParty/SEGGER/Config/SEGGER_SYSVIEW_Config_FreeRTOS.o
 .debug_aranges
                0x00000f40       0x48 ./RTOS_related_files/ThirdParty/SEGGER/OS/SEGGER_SYSVIEW_FreeRTOS.o
 .debug_aranges
                0x00000f88       0x68 ./RTOS_related_files/ThirdParty/SEGGER/Rec/segger_uart.o
 .debug_aranges
                0x00000ff0      0x138 ./RTOS_related_files/ThirdParty/SEGGER/SEGGER/SEGGER_RTT.o
 .debug_aranges
                0x00001128       0x20 ./RTOS_related_files/ThirdParty/SEGGER/SEGGER/SEGGER_RTT_ASM_ARMv7M.o
 .debug_aranges
                0x00001148      0x280 ./RTOS_related_files/ThirdParty/SEGGER/SEGGER/SEGGER_SYSVIEW.o

.debug_rnglists
                0x00000000      0xf31
 .debug_rnglists
                0x00000000       0x3a ./Core/Src/main.o
 .debug_rnglists
                0x0000003a       0x13 ./Core/Src/stm32f4xx_hal_msp.o
 .debug_rnglists
                0x0000004d       0x20 ./Core/Src/stm32f4xx_hal_timebase_tim.o
 .debug_rnglists
                0x0000006d       0x37 ./Core/Src/stm32f4xx_it.o
 .debug_rnglists
                0x000000a4       0x1a ./Core/Src/system_stm32f4xx.o
 .debug_rnglists
                0x000000be       0x19 ./Core/Startup/startup_stm32f446retx.o
 .debug_rnglists
                0x000000d7       0xaf ./Drivers/STM32F4xx_HAL_Driver/Src/stm32f4xx_hal.o
 .debug_rnglists
                0x00000186       0xe0 ./Drivers/STM32F4xx_HAL_Driver/Src/stm32f4xx_hal_cortex.o
 .debug_rnglists
                0x00000266       0x3f ./Drivers/STM32F4xx_HAL_Driver/Src/stm32f4xx_hal_gpio.o
 .debug_rnglists
                0x000002a5       0x66 ./Drivers/STM32F4xx_HAL_Driver/Src/stm32f4xx_hal_rcc.o
 .debug_rnglists
                0x0000030b       0x5e ./Drivers/STM32F4xx_HAL_Driver/Src/stm32f4xx_hal_rcc_ex.o
 .debug_rnglists
                0x00000369      0x31a ./Drivers/STM32F4xx_HAL_Driver/Src/stm32f4xx_hal_tim.o
 .debug_rnglists
                0x00000683      0x125 ./Drivers/STM32F4xx_HAL_Driver/Src/stm32f4xx_hal_tim_ex.o
 .debug_rnglists
                0x000007a8       0x2b ./RTOS_related_files/ThirdParty/FreeRTOS/list.o
 .debug_rnglists
                0x000007d3       0xeb ./RTOS_related_files/ThirdParty/FreeRTOS/queue.o
 .debug_rnglists