Archive member included to satisfy reference by file (symbol)

F:/Knowledge_Update/STM32CubeIDE_1.19.0/STM32CubeIDE/plugins/com.st.stm32cube.ide.mcu.externaltools.gnu-tools-for-stm32.13.3.rel1.win32_1.0.0.202411081344/tools/bin/../lib/gcc/arm-none-eabi/13.3.1/../../../../arm-none-eabi/lib/thumb/v7e-m+fp/hard\libc_nano.a(libc_a-exit.o)
                              F:/Knowledge_Update/STM32CubeIDE_1.19.0/STM32CubeIDE/plugins/com.st.stm32cube.ide.mcu.externaltools.gnu-tools-for-stm32.13.3.rel1.win32_1.0.0.202411081344/tools/bin/../lib/gcc/arm-none-eabi/13.3.1/../../../../arm-none-eabi/lib/thumb/v7e-m+fp/hard/crt0.o (exit)
F:/Knowledge_Update/STM32CubeIDE_1.19.0/STM32CubeIDE/plugins/com.st.stm32cube.ide.mcu.externaltools.gnu-tools-for-stm32.13.3.rel1.win32_1.0.0.202411081344/tools/bin/../lib/gcc/arm-none-eabi/13.3.1/../../../../arm-none-eabi/lib/thumb/v7e-m+fp/hard\libc_nano.a(libc_a-findfp.o)
                              F:/Knowledge_Update/STM32CubeIDE_1.19.0/STM32CubeIDE/plugins/com.st.stm32cube.ide.mcu.externaltools.gnu-tools-for-stm32.13.3.rel1.win32_1.0.0.202411081344/tools/bin/../lib/gcc/arm-none-eabi/13.3.1/../../../../arm-none-eabi/lib/thumb/v7e-m+fp/hard\libc_nano.a(libc_a-exit.o) (__stdio_exit_handler)
F:/Knowledge_Update/STM32CubeIDE_1.19.0/STM32CubeIDE/plugins/com.st.stm32cube.ide.mcu.externaltools.gnu-tools-for-stm32.13.3.rel1.win32_1.0.0.202411081344/tools/bin/../lib/gcc/arm-none-eabi/13.3.1/../../../../arm-none-eabi/lib/thumb/v7e-m+fp/hard\libc_nano.a(libc_a-fwalk.o)
                              F:/Knowledge_Update/STM32CubeIDE_1.19.0/STM32CubeIDE/plugins/com.st.stm32cube.ide.mcu.externaltools.gnu-tools-for-stm32.13.3.rel1.win32_1.0.0.202411081344/tools/bin/../lib/gcc/arm-none-eabi/13.3.1/../../../../arm-none-eabi/lib/thumb/v7e-m+fp/hard\libc_nano.a(libc_a-findfp.o) (_fwalk_sglue)
F:/Knowledge_Update/STM32CubeIDE_1.19.0/STM32CubeIDE/plugins/com.st.stm32cube.ide.mcu.externaltools.gnu-tools-for-stm32.13.3.rel1.win32_1.0.0.202411081344/tools/bin/../lib/gcc/arm-none-eabi/13.3.1/../../../../arm-none-eabi/lib/thumb/v7e-m+fp/hard\libc_nano.a(libc_a-printf.o)
                              ./Core/Src/rtc.o (printf)
F:/Knowledge_Update/STM32CubeIDE_1.19.0/STM32CubeIDE/plugins/com.st.stm32cube.ide.mcu.externaltools.gnu-tools-for-stm32.13.3.rel1.win32_1.0.0.202411081344/tools/bin/../lib/gcc/arm-none-eabi/13.3.1/../../../../arm-none-eabi/lib/thumb/v7e-m+fp/hard\libc_nano.a(libc_a-sprintf.o)
                              ./Core/Src/rtc.o (sprintf)
F:/Knowledge_Update/STM32CubeIDE_1.19.0/STM32CubeIDE/plugins/com.st.stm32cube.ide.mcu.externaltools.gnu-tools-for-stm32.13.3.rel1.win32_1.0.0.202411081344/tools/bin/../lib/gcc/arm-none-eabi/13.3.1/../../../../arm-none-eabi/lib/thumb/v7e-m+fp/hard\libc_nano.a(libc_a-stdio.o)
                              F:/Knowledge_Update/STM32CubeIDE_1.19.0/STM32CubeIDE/plugins/com.st.stm32cube.ide.mcu.externaltools.gnu-tools-for-stm32.13.3.rel1.win32_1.0.0.202411081344/tools/bin/../lib/gcc/arm-none-eabi/13.3.1/../../../../arm-none-eabi/lib/thumb/v7e-m+fp/hard\libc_nano.a(libc_a-findfp.o) (__sread)
F:/Knowledge_Update/STM32CubeIDE_1.19.0/STM32CubeIDE/plugins/com.st.stm32cube.ide.mcu.externaltools.gnu-tools-for-stm32.13.3.rel1.win32_1.0.0.202411081344/tools/bin/../lib/gcc/arm-none-eabi/13.3.1/../../../../arm-none-eabi/lib/thumb/v7e-m+fp/hard\libc_nano.a(libc_a-memset.o)
                              F:/Knowledge_Update/STM32CubeIDE_1.19.0/STM32CubeIDE/plugins/com.st.stm32cube.ide.mcu.externaltools.gnu-tools-for-stm32.13.3.rel1.win32_1.0.0.202411081344/tools/bin/../lib/gcc/arm-none-eabi/13.3.1/../../../../arm-none-eabi/lib/thumb/v7e-m+fp/hard/crt0.o (memset)
F:/Knowledge_Update/STM32CubeIDE_1.19.0/STM32CubeIDE/plugins/com.st.stm32cube.ide.mcu.externaltools.gnu-tools-for-stm32.13.3.rel1.win32_1.0.0.202411081344/tools/bin/../lib/gcc/arm-none-eabi/13.3.1/../../../../arm-none-eabi/lib/thumb/v7e-m+fp/hard\libc_nano.a(libc_a-closer.o)
                              F:/Knowledge_Update/STM32CubeIDE_1.19.0/STM32CubeIDE/plugins/com.st.stm32cube.ide.mcu.externaltools.gnu-tools-for-stm32.13.3.rel1.win32_1.0.0.202411081344/tools/bin/../lib/gcc/arm-none-eabi/13.3.1/../../../../arm-none-eabi/lib/thumb/v7e-m+fp/hard\libc_nano.a(libc_a-stdio.o) (_close_r)
F:/Knowledge_Update/STM32CubeIDE_1.19.0/STM32CubeIDE/plugins/com.st.stm32cube.ide.mcu.externaltools.gnu-tools-for-stm32.13.3.rel1.win32_1.0.0.202411081344/tools/bin/../lib/gcc/arm-none-eabi/13.3.1/../../../../arm-none-eabi/lib/thumb/v7e-m+fp/hard\libc_nano.a(libc_a-reent.o)
                              F:/Knowledge_Update/STM32CubeIDE_1.19.0/STM32CubeIDE/plugins/com.st.stm32cube.ide.mcu.externaltools.gnu-tools-for-stm32.13.3.rel1.win32_1.0.0.202411081344/tools/bin/../lib/gcc/arm-none-eabi/13.3.1/../../../../arm-none-eabi/lib/thumb/v7e-m+fp/hard\libc_nano.a(libc_a-closer.o) (errno)
[...]
Memory Configuration

Name             Origin             Length             Attributes
RAM              0x20000000         0x00020000         xrw
FLASH            0x08000000         0x00080000         xr
*default*        0x00000000         0xffffffff

Linker script and memory map

LOAD F:/Knowledge_Update/STM32CubeIDE_1.19.0/STM32CubeIDE/plugins/com.st.stm32cube.ide.mcu.externaltools.gnu-tools-for-stm32.13.3.rel1.win32_1.0.0.202411081344/tools/bin/../lib/gcc/arm-none-eabi/13.3.1/thumb/v7e-m+fp/hard/crti.o
LOAD F:/Knowledge_Update/STM32CubeIDE_1.19.0/STM32CubeIDE/plugins/com.st.stm32cube.ide.mcu.externaltools.gnu-tools-for-stm32.13.3.rel1.win32_1.0.0.202411081344/tools/bin/../lib/gcc/arm-none-eabi/13.3.1/thumb/v7e-m+fp/hard/crtbegin.o
LOAD F:/Knowledge_Update/STM32CubeIDE_1.19.0/STM32CubeIDE/plugins/com.st.stm32cube.ide.mcu.externaltools.gnu-tools-for-stm32.13.3.rel1.win32_1.0.0.202411081344/tools/bin/../lib/gcc/arm-none-eabi/13.3.1/../../../../arm-none-eabi/lib/thumb/v7e-m+fp/hard/crt0.o
LOAD ./Core/Src/led_effects.o
LOAD ./Core/Src/main.o
LOAD ./Core/Src/rtc.o
LOAD ./Core/Src/stm32f4xx_hal_msp.o
LOAD ./Core/Src/stm32f4xx_hal_timebase_tim.o
LOAD ./Core/Src/stm32f4xx_it.o
LOAD ./Core/Src/syscalls.o
LOAD ./Core/Src/system_stm32f4xx.o
LOAD ./Core/Src/task_handler.o
LOAD ./Core/Startup/startup_stm32f446retx.o
LOAD ./Drivers/STM32F4xx_HAL_Driver/Src/stm32f4xx_hal.o
LOAD ./Drivers/STM32F4xx_HAL_Driver/Src/stm32f4xx_hal_cortex.o
LOAD ./Drivers/STM32F4xx_HAL_Driver/Src/stm32f4xx_hal_dma.o
LOAD ./Drivers/STM32F4xx_HAL_Driver/Src/stm32f4xx_hal_dma_ex.o
LOAD ./Drivers/STM32F4xx_HAL_Driver/Src/stm32f4xx_hal_exti.o
LOAD ./Drivers/STM32F4xx_HAL_Driver/Src/stm32f4xx_hal_flash.o
LOAD ./Drivers/STM32F4xx_HAL_Driver/Src/stm32f4xx_hal_flash_ex.o
LOAD ./Drivers/STM32F4xx_HAL_Driver/Src/stm32f4xx_hal_flash_ramfunc.o
LOAD ./Drivers/STM32F4xx_HAL_Driver/Src/stm32f4xx_hal_gpio.o
LOAD ./Drivers/STM32F4xx_HAL_Driver/Src/stm32f4xx_hal_pwr.o
LOAD ./Drivers/STM32F4xx_HAL_Driver/Src/stm32f4xx_hal_pwr_ex.o
LOAD ./Drivers/STM32F4xx_HAL_Driver/Src/stm32f4xx_hal_rcc.o
LOAD ./Drivers/STM32F4xx_HAL_Driver/Src/stm32f4xx_hal_rcc_ex.o
LOAD ./Drivers/STM32F4xx_HAL_Driver/Src/stm32f4xx_hal_rtc.o
LOAD ./Drivers/STM32F4xx_HAL_Driver/Src/stm32f4xx_hal_rtc_ex.o
LOAD ./Drivers/STM32F4xx_HAL_Driver/Src/stm32f4xx_hal_tim.o
LOAD ./Drivers/STM32F4xx_HAL_Driver/Src/stm32f4xx_hal_tim_ex.o
LOAD ./Drivers/STM32F4xx_HAL_Driver/Src/stm32f4xx_hal_uart.o
LOAD ./RTOS_related_files/ThirdParty/FreeRTOS/croutine.o
LOAD ./RTOS_related_files/ThirdParty/FreeRTOS/event_groups.o
LOAD ./RTOS_related_files/ThirdParty/FreeRTOS/list.o
LOAD ./RTOS_related_files/ThirdParty/FreeRTOS/queue.o
LOAD ./RTOS_related_files/ThirdParty/FreeRTOS/stream_buffer.o
LOAD ./RTOS_related_files/ThirdParty/FreeRTOS/tasks.o
LOAD ./RTOS_related_files/ThirdParty/FreeRTOS/timers.o
LOAD ./RTOS_related_files/ThirdParty/FreeRTOS/portable/GCC/ARM_CM4F/port.o
LOAD ./RTOS_related_files/ThirdParty/FreeRTOS/portable/MemMang/heap_4.o
START GROUP
LOAD F:/Knowledge_Update/STM32CubeIDE_1.19.0/STM32CubeIDE/plugins/com.st.stm32cube.ide.mcu.externaltools.gnu-tools-for-stm32.13.3.rel1.win32_1.0.0.202411081344/tools/bin/../lib/gcc/arm-none-eabi/13.3.1/../../../../arm-none-eabi/lib/thumb/v7e-m+fp/hard\libc_nano.a
LOAD F:/Knowledge_Update/STM32CubeIDE_1.19.0/STM32CubeIDE/plugins/com.st.stm32cube.ide.mcu.externaltools.gnu-tools-for-stm32.13.3.rel1.win32_1.0.0.202411081344/tools/bin/../lib/gcc/arm-none-eabi/13.3.1/../../../../arm-none-eabi/lib/thumb/v7e-m+fp/hard\libm.a
END GROUP
START GROUP
LOAD F:/Knowledge_Update/STM32CubeIDE_1.19.0/STM32CubeIDE/plugins/com.st.stm32cube.ide.mcu.externaltools.gnu-tools-for-stm32.13.3.rel1.win32_1.0.0.202411081344/tools/bin/../lib/gcc/arm-none-eabi/13.3.1/thumb/v7e-m+fp/hard\libgcc.a
LOAD F:/Knowledge_Update/STM32CubeIDE_1.19.0/STM32CubeIDE/plugins/com.st.stm32cube.ide.mcu.externaltools.gnu-tools-for-stm32.13.3.rel1.win32_1.0.0.202411081344/tools/bin/../lib/gcc/arm-none-eabi/13.3.1/../../../../arm-none-eabi/lib/thumb/v7e-m+fp/hard\libc_nano.a
END GROUP
START GROUP
LOAD F:/Knowledge_Update/STM32CubeIDE_1.19.0/STM32CubeIDE/plugins/com.st.stm32cube.ide.mcu.externaltools.gnu-tools-for-stm32.13.3.rel1.win32_1.0.0.202411081344/tools/bin/../lib/gcc/arm-none-eabi/13.3.1/thumb/v7e-m+fp/hard\libgcc.a
LOAD F:/Knowledge_Update/STM32CubeIDE_1.19.0/STM32CubeIDE/plugins/com.st.stm32cube.ide.mcu.externaltools.gnu-tools-for-stm32.13.3.rel1.win32_1.0.0.202411081344/tools/bin/../lib/gcc/arm-none-eabi/13.3.1/../../../../arm-none-eabi/lib/thumb/v7e-m+fp/hard\libc_nano.a
LOAD F:/Knowledge_Update/STM32CubeIDE_1.19.0/STM32CubeIDE/plugins/com.st.stm32cube.ide.mcu.externaltools.gnu-tools-for-stm32.13.3.rel1.win32_1.0.0.202411081344/tools/bin/../lib/gcc/arm-none-eabi/13.3.1/../../../../arm-none-eabi/lib/thumb/v7e-m+fp/hard\libnosys.a
END GROUP
START GROUP
LOAD F:/Knowledge_Update/STM32CubeIDE_1.19.0/STM32CubeIDE/plugins/com.st.stm32cube.ide.mcu.externaltools.gnu-tools-for-stm32.13.3.rel1.win32_1.0.0.202411081344/tools/bin/../lib/gcc/arm-none-eabi/13.3.1/thumb/v7e-m+fp/hard\libgcc.a
LOAD F:/Knowledge_Update/STM32CubeIDE_1.19.0/STM32CubeIDE/plugins/com.st.stm32cube.ide.mcu.externaltools.gnu-tools-for-stm32.13.3.rel1.win32_1.0.0.202411081344/tools/bin/../lib/gcc/arm-none-eabi/13.3.1/../../../../arm-none-eabi/lib/thumb/v7e-m+fp/hard\libc_nano.a
LOAD F:/Knowledge_Update/STM32CubeIDE_1.19.0/STM32CubeIDE/plugins/com.st.stm32cube.ide.mcu.externaltools.gnu-tools-for-stm32.13.3.rel1.win32_1.0.0.202411081344/tools/bin/../lib/gcc/arm-none-eabi/13.3.1/../../../../arm-none-eabi/lib/thumb/v7e-m+fp/hard\libnosys.a
END GROUP
LOAD F:/Knowledge_Update/STM32CubeIDE_1.19.0/STM32CubeIDE/plugins/com.st.stm32cube.ide.mcu.externaltools.gnu-tools-for-stm32.13.3.rel1.win32_1.0.0.202411081344/tools/bin/../lib/gcc/arm-none-eabi/13.3.1/thumb/v7e-m+fp/hard/crtend.o
LOAD F:/Knowledge_Update/STM32CubeIDE_1.19.0/STM32CubeIDE/plugins/com.st.stm32cube.ide.mcu.externaltools.gnu-tools-for-stm32.13.3.rel1.win32_1.0.0.202411081344/tools/bin/../lib/gcc/arm-none-eabi/13.3.1/thumb/v7e-m+fp/hard/crtn.o
                0x20020000                        _estack = (ORIGIN (RAM) + LENGTH (RAM))
                0x00000200                        _Min_Heap_Size = 0x200
                0x00000400                        _Min_Stack_Size = 0x400

.isr_vector     0x08000000      0x1c4
                0x08000000                        . = ALIGN (0x4)
 *(.isr_vector)
 .isr_vector    0x08000000      0x1c4 ./Core/Startup/startup_stm32f446retx.o
                0x08000000                g_pfnVectors
                0x080001c4                        . = ALIGN (0x4)

.text           0x080001d0     0x859c
                0x080001d0                        . = ALIGN (0x4)
 *(.text)
 .text          0x080001d0       0x40 F:/Knowledge_Update/STM32CubeIDE_1.19.0/STM32CubeIDE/plugins/com.st.stm32cube.ide.mcu.externaltools.gnu-tools-for-stm32.13.3.rel1.win32_1.0.0.202411081344/tools/bin/../lib/gcc/arm-none-eabi/13.3.1/thumb/v7e-m+fp/hard/crtbegin.o
 .text          0x08000210       0x14 F:/Knowledge_Update/STM32CubeIDE_1.19.0/STM32CubeIDE/plugins/com.st.stm32cube.ide.mcu.externaltools.gnu-tools-for-stm32.13.3.rel1.win32_1.0.0.202411081344/tools/bin/../lib/gcc/arm-none-eabi/13.3.1/../../../../arm-none-eabi/lib/thumb/v7e-m+fp/hard\libc_nano.a(libc_a-strcmp.o)
                0x08000210                strcmp
 .text          0x08000224       0x10 F:/Knowledge_Update/STM32CubeIDE_1.19.0/STM32CubeIDE/plugins/com.st.stm32cube.ide.mcu.externaltools.gnu-tools-for-stm32.13.3.rel1.win32_1.0.0.202411081344/tools/bin/../lib/gcc/arm-none-eabi/13.3.1/../../../../arm-none-eabi/lib/thumb/v7e-m+fp/hard\libc_nano.a(libc_a-strlen.o)
                0x08000224                strlen
 *fill*         0x08000234        0xc 
 .text          0x08000240       0xa0 F:/Knowledge_Update/STM32CubeIDE_1.19.0/STM32CubeIDE/plugins/com.st.stm32cube.ide.mcu.externaltools.gnu-tools-for-stm32.13.3.rel1.win32_1.0.0.202411081344/tools/bin/../lib/gcc/arm-none-eabi/13.3.1/../../../../arm-none-eabi/lib/thumb/v7e-m+fp/hard\libc_nano.a(libc_a-memchr.o)
                0x08000240                memchr
 .text          0x080002e0       0x30 F:/Knowledge_Update/STM32CubeIDE_1.19.0/STM32CubeIDE/plugins/com.st.stm32cube.ide.mcu.externaltools.gnu-tools-for-stm32.13.3.rel1.win32_1.0.0.202411081344/tools/bin/../lib/gcc/arm-none-eabi/13.3.1/thumb/v7e-m+fp/hard\libgcc.a(_aeabi_uldivmod.o)
                0x080002e0                __aeabi_uldivmod
 .text          0x08000310      0x2f8 F:/Knowledge_Update/STM32CubeIDE_1.19.0/STM32CubeIDE/plugins/com.st.stm32cube.ide.mcu.externaltools.gnu-tools-for-stm32.13.3.rel1.win32_1.0.0.202411081344/tools/bin/../lib/gcc/arm-none-eabi/13.3.1/thumb/v7e-m+fp/hard\libgcc.a(_udivmoddi4.o)
                0x08000310                __udivmoddi4
 .text          0x08000608        0x4 F:/Knowledge_Update/STM32CubeIDE_1.19.0/STM32CubeIDE/plugins/com.st.stm32cube.ide.mcu.externaltools.gnu-tools-for-stm32.13.3.rel1.win32_1.0.0.202411081344/tools/bin/../lib/gcc/arm-none-eabi/13.3.1/thumb/v7e-m+fp/hard\libgcc.a(_dvmd_tls.o)
                0x08000608                __aeabi_idiv0
                0x08000608                __aeabi_ldiv0
 *(.text*)
 .text.led_effect_stop
                0x0800060c       0x4c ./Core/Src/led_effects.o
                0x0800060c                led_effect_stop
 .text.led_effect
                0x08000658       0x38 ./Core/Src/led_effects.o
                0x08000658                led_effect
 .text.led_effect1
                0x08000690       0x2c ./Core/Src/led_effects.o
                0x08000690                led_effect1
 .text.led_effect2
                0x080006bc       0x2c ./Core/Src/led_effects.o
                0x080006bc                led_effect2
 .text.led_effect3
                0x080006e8       0x2c ./Core/Src/led_effects.o
                0x080006e8                led_effect3
 .text.led_effect4
                0x08000714       0x2c ./Core/Src/led_effects.o
                0x08000714                led_effect4
 .text.turn_on_all_leds
                0x08000740       0x18 ./Core/Src/led_effects.o
                0x08000740                turn_on_all_leds
 .text.turn_off_all_leds
                0x08000758       0x18 ./Core/Src/led_effects.o
                0x08000758                turn_off_all_leds
 .text.turn_off_all_leds_500ms
                0x08000770       0x20 ./Core/Src/led_effects.o
                0x08000770                turn_off_all_leds_500ms
 .text.turn_on_all_leds_500ms
                0x08000790       0x20 ./Core/Src/led_effects.o
                0x08000790                turn_on_all_leds_500ms
 .text.turn_off_all_leds_1000ms
                0x080007b0       0x20 ./Core/Src/led_effects.o
                0x080007b0                turn_off_all_leds_1000ms
 .text.turn_on_all_leds_1000ms
                0x080007d0       0x20 ./Core/Src/led_effects.o
                0x080007d0                turn_on_all_leds_1000ms
 .text.turn_off_all_leds_2000ms
                0x080007f0       0x20 ./Core/Src/led_effects.o
                0x080007f0                turn_off_all_leds_2000ms
 .text.turn_on_all_leds_2000ms
                0x08000810       0x20 ./Core/Src/led_effects.o
                0x08000810                turn_on_all_leds_2000ms
 .text.main     0x08000830      0x240 ./Core/Src/main.o
                0x08000830                main
 .text.SystemClock_Config
                0x08000a70       0xe4 ./Core/Src/main.o
                0x08000a70                SystemClock_Config
 .text.MX_RTC_Init
                0x08000b54       0x4c ./Core/Src/main.o
 .text.MX_USART2_UART_Init
                0x08000ba0       0x54 ./Core/Src/main.o
 .text.MX_GPIO_Init
                0x08000bf4       0xb0 ./Core/Src/main.o
 .text.led_effect_callback
                0x08000ca4       0x50 ./Core/Src/main.o
                0x08000ca4                led_effect_callback
 .text.HAL_UART_RxCpltCallback
                0x08000cf4       0x94 ./Core/Src/main.o
                0x08000cf4                HAL_UART_RxCpltCallback
 .text.HAL_TIM_PeriodElapsedCallback
                0x08000d88       0x24 ./Core/Src/main.o
                0x08000d88                HAL_TIM_PeriodElapsedCallback
 .text.Error_Handler
                0x08000dac        0xc ./Core/Src/main.o
                0x08000dac                Error_Handler
 .text.show_time_date
                0x08000db8       0xd8 ./Core/Src/rtc.o
                0x08000db8                show_time_date
 .text.rtc_configure_time
                0x08000e90       0x30 ./Core/Src/rtc.o
                0x08000e90                rtc_configure_time
 .text.rtc_configure_date
                0x08000ec0       0x20 ./Core/Src/rtc.o
                0x08000ec0                rtc_configure_date
 .text.validate_rtc_information
                0x08000ee0       0x64 ./Core/Src/rtc.o
                0x08000ee0                validate_rtc_information
 .text.HAL_MspInit
                0x08000f44       0x50 ./Core/Src/stm32f4xx_hal_msp.o
                0x08000f44                HAL_MspInit
 .text.HAL_RTC_MspInit
                0x08000f94       0x54 ./Core/Src/stm32f4xx_hal_msp.o
                0x08000f94                HAL_RTC_MspInit
 .text.HAL_UART_MspInit
                0x08000fe8       0xa0 ./Core/Src/stm32f4xx_hal_msp.o
                0x08000fe8                HAL_UART_MspInit
 .text.HAL_InitTick
                0x08001088       0xf8 ./Core/Src/stm32f4xx_hal_timebase_tim.o
                0x08001088                HAL_InitTick
 .text.NMI_Handler
                0x08001180        0x8 ./Core/Src/stm32f4xx_it.o
                0x08001180                NMI_Handler
 .text.HardFault_Handler
                0x08001188        0x8 ./Core/Src/stm32f4xx_it.o
                0x08001188                HardFault_Handler
 .text.MemManage_Handler
                0x08001190        0x8 ./Core/Src/stm32f4xx_it.o
                0x08001190                MemManage_Handler
 .text.BusFault_Handler
                0x08001198        0x8 ./Core/Src/stm32f4xx_it.o
                0x08001198                BusFault_Handler
 .text.UsageFault_Handler
                0x080011a0        0x8 ./Core/Src/stm32f4xx_it.o
                0x080011a0                UsageFault_Handler
 .text.DebugMon_Handler
                0x080011a8        0xe ./Core/Src/stm32f4xx_it.o
                0x080011a8                DebugMon_Handler
 *fill*         0x080011b6        0x2 
 .text.USART2_IRQHandler
                0x080011b8       0x14 ./Core/Src/stm32f4xx_it.o
                0x080011b8                USART2_IRQHandler
 .text.TIM6_DAC_IRQHandler
                0x080011cc       0x14 ./Core/Src/stm32f4xx_it.o
                0x080011cc                TIM6_DAC_IRQHandler
 .text.SystemInit
                0x080011e0       0x24 ./Core/Src/system_stm32f4xx.o
                0x080011e0                SystemInit
 .text.menu_task
                0x08001204       0xec ./Core/Src/task_handler.o
                0x08001204                menu_task
 .text.cmd_task
                0x080012f0       0x2e ./Core/Src/task_handler.o
                0x080012f0                cmd_task
 *fill*         0x0800131e        0x2 
 .text.print_task
                0x08001320       0x40 ./Core/Src/task_handler.o
                0x08001320                print_task
 .text.led_task
                0x08001360      0x128 ./Core/Src/task_handler.o
                0x08001360                led_task
 .text.getnumber
                0x08001488       0x48 ./Core/Src/task_handler.o
                0x08001488                getnumber
 .text.rtc_task
                0x080014d0      0x478 ./Core/Src/task_handler.o
                0x080014d0                rtc_task
 .text.process_command
                0x08001948       0x78 ./Core/Src/task_handler.o
                0x08001948                process_command
 .text.extract_command
                0x080019c0       0x70 ./Core/Src/task_handler.o
                0x080019c0                extract_command
 .text.Reset_Handler
                0x08001a30       0x50 ./Core/Startup/startup_stm32f446retx.o
                0x08001a30                Reset_Handler
 .text.Default_Handler
                0x08001a80        0x2 ./Core/Startup/startup_stm32f446retx.o
                0x08001a80                RTC_Alarm_IRQHandler
                0x08001a80                EXTI2_IRQHandler
                0x08001a80                TIM8_CC_IRQHandler
                0x08001a80                FMPI2C1_EV_IRQHandler
                0x08001a80                SPI4_IRQHandler
                0x08001a80                TIM1_CC_IRQHandler
                0x08001a80                DMA2_Stream5_IRQHandler
                0x08001a80                DMA1_Stream5_IRQHandler
                0x08001a80                PVD_IRQHandler
                0x08001a80                SDIO_IRQHandler
                0x08001a80                TAMP_STAMP_IRQHandler
                0x08001a80                CAN2_RX1_IRQHandler
                0x08001a80                EXTI3_IRQHandler
                0x08001a80                TIM8_TRG_COM_TIM14_IRQHandler
                0x08001a80                TIM1_UP_TIM10_IRQHandler
                0x08001a80                TIM8_UP_TIM13_IRQHandler
                0x08001a80                I2C3_ER_IRQHandler
                0x08001a80                EXTI0_IRQHandler
                0x08001a80                I2C2_EV_IRQHandler
                0x08001a80                DMA1_Stream2_IRQHandler
                0x08001a80                CAN1_RX0_IRQHandler
                0x08001a80                FPU_IRQHandler
                0x08001a80                OTG_HS_WKUP_IRQHandler
                0x08001a80                CAN2_SCE_IRQHandler
                0x08001a80                DMA2_Stream2_IRQHandler
                0x08001a80                SPI1_IRQHandler
                0x08001a80                TIM1_BRK_TIM9_IRQHandler
                0x08001a80                DCMI_IRQHandler
                0x08001a80                CAN2_RX0_IRQHandler
                0x08001a80                DMA2_Stream3_IRQHandler
                0x08001a80                SAI2_IRQHandler
                0x08001a80                USART6_IRQHandler
                0x08001a80                USART3_IRQHandler
                0x08001a80                CAN1_RX1_IRQHandler
                0x08001a80                UART5_IRQHandler
                0x08001a80                DMA2_Stream0_IRQHandler
                0x08001a80                TIM4_IRQHandler
                0x08001a80                QUADSPI_IRQHandler
                0x08001a80                I2C1_EV_IRQHandler
                0x08001a80                DMA1_Stream6_IRQHandler
                0x08001a80                DMA1_Stream1_IRQHandler
                0x08001a80                UART4_IRQHandler
                0x08001a80                TIM3_IRQHandler
                0x08001a80                RCC_IRQHandler
                0x08001a80                TIM8_BRK_TIM12_IRQHandler
                0x08001a80                Default_Handler
                0x08001a80                CEC_IRQHandler
                0x08001a80                EXTI15_10_IRQHandler
                0x08001a80                ADC_IRQHandler
                0x08001a80                DMA1_Stream7_IRQHandler
                0x08001a80                TIM7_IRQHandler
                0x08001a80                CAN2_TX_IRQHandler
                0x08001a80                TIM5_IRQHandler
                0x08001a80                DMA2_Stream7_IRQHandler
                0x08001a80                I2C3_EV_IRQHandler
                0x08001a80                EXTI9_5_IRQHandler
                0x08001a80                RTC_WKUP_IRQHandler
                0x08001a80                SPDIF_RX_IRQHandler
                0x08001a80                SPI2_IRQHandler
                0x08001a80                OTG_HS_EP1_IN_IRQHandler
                0x08001a80                DMA1_Stream0_IRQHandler
                0x08001a80                CAN1_TX_IRQHandler
                0x08001a80                FMPI2C1_ER_IRQHandler
                0x08001a80                EXTI4_IRQHandler
                0x08001a80                OTG_HS_EP1_OUT_IRQHandler
                0x08001a80                WWDG_IRQHandler
                0x08001a80                TIM2_IRQHandler
                0x08001a80                OTG_FS_WKUP_IRQHandler
                0x08001a80                TIM1_TRG_COM_TIM11_IRQHandler
                0x08001a80                OTG_HS_IRQHandler
                0x08001a80                EXTI1_IRQHandler
                0x08001a80                I2C2_ER_IRQHandler
                0x08001a80                DMA2_Stream1_IRQHandler
                0x08001a80                CAN1_SCE_IRQHandler
                0x08001a80                FLASH_IRQHandler
                0x08001a80                DMA2_Stream4_IRQHandler
                0x08001a80                USART1_IRQHandler
                0x08001a80                OTG_FS_IRQHandler
                0x08001a80                SPI3_IRQHandler
                0x08001a80                DMA1_Stream4_IRQHandler
                0x08001a80                I2C1_ER_IRQHandler
                0x08001a80                FMC_IRQHandler
                0x08001a80                DMA2_Stream6_IRQHandler
                0x08001a80                SAI1_IRQHandler
                0x08001a80                DMA1_Stream3_IRQHandler
 *fill*         0x08001a82        0x2 
 .text.HAL_Init
                0x08001a84       0x44 ./Drivers/STM32F4xx_HAL_Driver/Src/stm32f4xx_hal.o
                0x08001a84                HAL_Init
 .text.HAL_IncTick
                0x08001ac8       0x28 ./Drivers/STM32F4xx_HAL_Driver/Src/stm32f4xx_hal.o
                0x08001ac8                HAL_IncTick
 .text.HAL_GetTick
                0x08001af0       0x18 ./Drivers/STM32F4xx_HAL_Driver/Src/stm32f4xx_hal.o
                0x08001af0                HAL_GetTick
 .text.HAL_Delay
                0x08001b08       0x48 ./Drivers/STM32F4xx_HAL_Driver/Src/stm32f4xx_hal.o
                0x08001b08                HAL_Delay
 .text.__NVIC_SetPriorityGrouping
                0x08001b50       0x48 ./Drivers/STM32F4xx_HAL_Driver/Src/stm32f4xx_hal_cortex.o
 .text.__NVIC_GetPriorityGrouping
                0x08001b98       0x1c ./Drivers/STM32F4xx_HAL_Driver/Src/stm32f4xx_hal_cortex.o
 .text.__NVIC_EnableIRQ
                0x08001bb4       0x3c ./Drivers/STM32F4xx_HAL_Driver/Src/stm32f4xx_hal_cortex.o
 .text.__NVIC_SetPriority
                0x08001bf0       0x54 ./Drivers/STM32F4xx_HAL_Driver/Src/stm32f4xx_hal_cortex.o
 .text.NVIC_EncodePriority
                0x08001c44       0x66 ./Drivers/STM32F4xx_HAL_Driver/Src/stm32f4xx_hal_cortex.o
 .text.HAL_NVIC_SetPriorityGrouping
                0x08001caa       0x16 ./Drivers/STM32F4xx_HAL_Driver/Src/stm32f4xx_hal_cortex.o
                0x08001caa                HAL_NVIC_SetPriorityGrouping
 .text.HAL_NVIC_SetPriority
                0x08001cc0       0x38 ./Drivers/STM32F4xx_HAL_Driver/Src/stm32f4xx_hal_cortex.o
                0x08001cc0                HAL_NVIC_SetPriority
 .text.HAL_NVIC_EnableIRQ
                0x08001cf8       0x1c ./Drivers/STM32F4xx_HAL_Driver/Src/stm32f4xx_hal_cortex.o
                0x08001cf8                HAL_NVIC_EnableIRQ
 .text.HAL_DMA_Abort
                0x08001d14       0xe0 ./Drivers/STM32F4xx_HAL_Driver/Src/stm32f4xx_hal_dma.o
                0x08001d14                HAL_DMA_Abort
 .text.HAL_DMA_Abort_IT
                0x08001df4       0x44 ./Drivers/STM32F4xx_HAL_Driver/Src/stm32f4xx_hal_dma.o
                0x08001df4                HAL_DMA_Abort_IT
 .text.HAL_GPIO_Init
                0x08001e38      0x328 ./Drivers/STM32F4xx_HAL_Driver/Src/stm32f4xx_hal_gpio.o
                0x08001e38                HAL_GPIO_Init
 .text.HAL_GPIO_WritePin
                0x08002160       0x32 ./Drivers/STM32F4xx_HAL_Driver/Src/stm32f4xx_hal_gpio.o
                0x08002160                HAL_GPIO_WritePin
 *fill*         0x08002192        0x2 
 .text.HAL_RCC_ClockConfig
                0x08002194      0x1cc ./Drivers/STM32F4xx_HAL_Driver/Src/stm32f4xx_hal_rcc.o
                0x08002194                HAL_RCC_ClockConfig
 .text.HAL_RCC_GetHCLKFreq
                0x08002360       0x18 ./Drivers/STM32F4xx_HAL_Driver/Src/stm32f4xx_hal_rcc.o
                0x08002360                HAL_RCC_GetHCLKFreq
 .text.HAL_RCC_GetPCLK1Freq
                0x08002378       0x28 ./Drivers/STM32F4xx_HAL_Driver/Src/stm32f4xx_hal_rcc.o
                0x08002378                HAL_RCC_GetPCLK1Freq
 .text.HAL_RCC_GetPCLK2Freq
                0x080023a0       0x28 ./Drivers/STM32F4xx_HAL_Driver/Src/stm32f4xx_hal_rcc.o
                0x080023a0                HAL_RCC_GetPCLK2Freq
 .text.HAL_RCC_GetClockConfig
                0x080023c8       0x64 ./Drivers/STM32F4xx_HAL_Driver/Src/stm32f4xx_hal_rcc.o
                0x080023c8                HAL_RCC_GetClockConfig
 .text.HAL_RCCEx_PeriphCLKConfig
                0x0800242c      0x654 ./Drivers/STM32F4xx_HAL_Driver/Src/stm32f4xx_hal_rcc_ex.o
                0x0800242c                HAL_RCCEx_PeriphCLKConfig
 .text.HAL_RCC_GetSysClockFreq
                0x08002a80      0x460 ./Drivers/STM32F4xx_HAL_Driver/Src/stm32f4xx_hal_rcc_ex.o
                0x08002a80                HAL_RCC_GetSysClockFreq
 .text.HAL_RCC_OscConfig
                0x08002ee0      0x53c ./Drivers/STM32F4xx_HAL_Driver/Src/stm32f4xx_hal_rcc_ex.o
                0x08002ee0                HAL_RCC_OscConfig
 .text.HAL_RTC_Init
                0x0800341c      0x102 ./Drivers/STM32F4xx_HAL_Driver/Src/stm32f4xx_hal_rtc.o
                0x0800341c                HAL_RTC_Init
 .text.HAL_RTC_SetTime
                0x0800351e      0x134 ./Drivers/STM32F4xx_HAL_Driver/Src/stm32f4xx_hal_rtc.o
                0x0800351e                HAL_RTC_SetTime
 .text.HAL_RTC_GetTime
                0x08003652       0xbc ./Drivers/STM32F4xx_HAL_Driver/Src/stm32f4xx_hal_rtc.o
                0x08003652                HAL_RTC_GetTime
 .text.HAL_RTC_SetDate
                0x0800370e      0x108 ./Drivers/STM32F4xx_HAL_Driver/Src/stm32f4xx_hal_rtc.o
                0x0800370e                HAL_RTC_SetDate
 .text.HAL_RTC_GetDate
                0x08003816       0x9e ./Drivers/STM32F4xx_HAL_Driver/Src/stm32f4xx_hal_rtc.o
                0x08003816                HAL_RTC_GetDate
 .text.HAL_RTC_WaitForSynchro
                0x080038b4       0x4c ./Drivers/STM32F4xx_HAL_Driver/Src/stm32f4xx_hal_rtc.o
                0x080038b4                HAL_RTC_WaitForSynchro
 .text.RTC_EnterInitMode
                0x08003900       0x6e ./Drivers/STM32F4xx_HAL_Driver/Src/stm32f4xx_hal_rtc.o
                0x08003900                RTC_EnterInitMode
 .text.RTC_ExitInitMode
                0x0800396e       0x4a ./Drivers/STM32F4xx_HAL_Driver/Src/stm32f4xx_hal_rtc.o
                0x0800396e                RTC_ExitInitMode
 .text.RTC_ByteToBcd2
                0x080039b8       0x3c ./Drivers/STM32F4xx_HAL_Driver/Src/stm32f4xx_hal_rtc.o
                0x080039b8                RTC_ByteToBcd2
 .text.RTC_Bcd2ToByte
                0x080039f4       0x3c ./Drivers/STM32F4xx_HAL_Driver/Src/stm32f4xx_hal_rtc.o
                0x080039f4                RTC_Bcd2ToByte
 .text.HAL_TIM_Base_Init
                0x08003a30       0x9e ./Drivers/STM32F4xx_HAL_Driver/Src/stm32f4xx_hal_tim.o
                0x08003a30                HAL_TIM_Base_Init
 .text.HAL_TIM_Base_MspInit
                0x08003ace       0x14 ./Drivers/STM32F4xx_HAL_Driver/Src/stm32f4xx_hal_tim.o
                0x08003ace                HAL_TIM_Base_MspInit
 *fill*         0x08003ae2        0x2 
 .text.HAL_TIM_Base_Start_IT
                0x08003ae4       0xe0 ./Drivers/STM32F4xx_HAL_Driver/Src/stm32f4xx_hal_tim.o
                0x08003ae4                HAL_TIM_Base_Start_IT
 .text.HAL_TIM_IRQHandler
                0x08003bc4      0x1e0 ./Drivers/STM32F4xx_HAL_Driver/Src/stm32f4xx_hal_tim.o
                0x08003bc4                HAL_TIM_IRQHandler
 .text.HAL_TIM_OC_DelayElapsedCallback
                0x08003da4       0x14 ./Drivers/STM32F4xx_HAL_Driver/Src/stm32f4xx_hal_tim.o
                0x08003da4                HAL_TIM_OC_DelayElapsedCallback
 .text.HAL_TIM_IC_CaptureCallback
                0x08003db8       0x14 ./Drivers/STM32F4xx_HAL_Driver/Src/stm32f4xx_hal_tim.o
                0x08003db8                HAL_TIM_IC_CaptureCallback
 .text.HAL_TIM_PWM_PulseFinishedCallback
                0x08003dcc       0x14 ./Drivers/STM32F4xx_HAL_Driver/Src/stm32f4xx_hal_tim.o
                0x08003dcc                HAL_TIM_PWM_PulseFinishedCallback
 .text.HAL_TIM_TriggerCallback
                0x08003de0       0x14 ./Drivers/STM32F4xx_HAL_Driver/Src/stm32f4xx_hal_tim.o
                0x08003de0                HAL_TIM_TriggerCallback
 .text.TIM_Base_SetConfig
                0x08003df4      0x14c ./Drivers/STM32F4xx_HAL_Driver/Src/stm32f4xx_hal_tim.o
                0x08003df4                TIM_Base_SetConfig
 .text.HAL_TIMEx_CommutCallback
                0x08003f40       0x14 ./Drivers/STM32F4xx_HAL_Driver/Src/stm32f4xx_hal_tim_ex.o
                0x08003f40                HAL_TIMEx_CommutCallback
 .text.HAL_TIMEx_BreakCallback
                0x08003f54       0x14 ./Drivers/STM32F4xx_HAL_Driver/Src/stm32f4xx_hal_tim_ex.o
                0x08003f54                HAL_TIMEx_BreakCallback
 .text.HAL_UART_Init
                0x08003f68       0xa0 ./Drivers/STM32F4xx_HAL_Driver/Src/stm32f4xx_hal_uart.o
                0x08003f68                HAL_UART_Init
 .text.HAL_UART_Transmit
                0x08004008      0x116 ./Drivers/STM32F4xx_HAL_Driver/Src/stm32f4xx_hal_uart.o
                0x08004008                HAL_UART_Transmit
 .text.HAL_UART_Receive_IT
                0x0800411e       0x4a ./Drivers/STM32F4xx_HAL_Driver/Src/stm32f4xx_hal_uart.o
                0x0800411e                HAL_UART_Receive_IT
 .text.HAL_UART_IRQHandler
                0x08004168      0x554 ./Drivers/STM32F4xx_HAL_Driver/Src/stm32f4xx_hal_uart.o
                0x08004168                HAL_UART_IRQHandler
 .text.HAL_UART_TxCpltCallback
                0x080046bc       0x14 ./Drivers/STM32F4xx_HAL_Driver/Src/stm32f4xx_hal_uart.o
                0x080046bc                HAL_UART_TxCpltCallback
 .text.HAL_UART_ErrorCallback
                0x080046d0       0x14 ./Drivers/STM32F4xx_HAL_Driver/Src/stm32f4xx_hal_uart.o
                0x080046d0                HAL_UART_ErrorCallback
 .text.HAL_UARTEx_RxEventCallback
                0x080046e4       0x18 ./Drivers/STM32F4xx_HAL_Driver/Src/stm32f4xx_hal_uart.o
                0x080046e4                HAL_UARTEx_RxEventCallback
 .text.UART_WaitOnFlagUntilTimeout
                0x080046fc       0xb2 ./Drivers/STM32F4xx_HAL_Driver/Src/stm32f4xx_hal_uart.o
 .text.UART_Start_Receive_IT
                0x080047ae       0x74 ./Drivers/STM32F4xx_HAL_Driver/Src/stm32f4xx_hal_uart.o
                0x080047ae                UART_Start_Receive_IT
 .text.UART_EndRxTransfer
                0x08004822       0xc6 ./Drivers/STM32F4xx_HAL_Driver/Src/stm32f4xx_hal_uart.o
 .text.UART_DMAAbortOnError
                0x080048e8       0x22 ./Drivers/STM32F4xx_HAL_Driver/Src/stm32f4xx_hal_uart.o
 .text.UART_Transmit_IT
                0x0800490a       0xa0 ./Drivers/STM32F4xx_HAL_Driver/Src/stm32f4xx_hal_uart.o
 .text.UART_EndTransmit_IT
                0x080049aa       0x30 ./Drivers/STM32F4xx_HAL_Driver/Src/stm32f4xx_hal_uart.o
 .text.UART_Receive_IT
                0x080049da      0x17c ./Drivers/STM32F4xx_HAL_Driver/Src/stm32f4xx_hal_uart.o
 *fill*         0x08004b56        0x2 
 .text.UART_SetConfig
                0x08004b58      0x4e8 ./Drivers/STM32F4xx_HAL_Driver/Src/stm32f4xx_hal_uart.o
 .text.vListInitialise
                0x08005040       0x40 ./RTOS_related_files/ThirdParty/FreeRTOS/list.o
                0x08005040                vListInitialise
 .text.vListInitialiseItem
                0x08005080       0x1a ./RTOS_related_files/ThirdParty/FreeRTOS/list.o
                0x08005080                vListInitialiseItem
 .text.vListInsertEnd
                0x0800509a       0x48 ./RTOS_related_files/ThirdParty/FreeRTOS/list.o
                0x0800509a                vListInsertEnd
 .text.vListInsert
                0x080050e2       0x72 ./RTOS_related_files/ThirdParty/FreeRTOS/list.o
                0x080050e2                vListInsert
 .text.uxListRemove
                0x08005154       0x54 ./RTOS_related_files/ThirdParty/FreeRTOS/list.o
                0x08005154                uxListRemove
 .text.xQueueGenericReset
                0x080051a8       0xb8 ./RTOS_related_files/ThirdParty/FreeRTOS/queue.o
                0x080051a8                xQueueGenericReset
 .text.xQueueGenericCreate
                0x08005260       0xc4 ./RTOS_related_files/ThirdParty/FreeRTOS/queue.o
                0x08005260                xQueueGenericCreate
 .text.prvInitialiseNewQueue
                0x08005324       0x46 ./RTOS_related_files/ThirdParty/FreeRTOS/queue.o
 *fill*         0x0800536a        0x2 
 .text.xQueueGenericSend
                0x0800536c      0x1d4 ./RTOS_related_files/ThirdParty/FreeRTOS/queue.o
                0x0800536c                xQueueGenericSend
 .text.xQueueGenericSendFromISR
                0x08005540      0x15c ./RTOS_related_files/ThirdParty/FreeRTOS/queue.o
                0x08005540                xQueueGenericSendFromISR
 .text.xQueueReceive
                0x0800569c      0x1b0 ./RTOS_related_files/ThirdParty/FreeRTOS/queue.o
                0x0800569c                xQueueReceive
 .text.xQueueReceiveFromISR
                0x0800584c      0x124 ./RTOS_related_files/ThirdParty/FreeRTOS/queue.o
                0x0800584c                xQueueReceiveFromISR
 .text.uxQueueMessagesWaiting
                0x08005970       0x3e ./RTOS_related_files/ThirdParty/FreeRTOS/queue.o
                0x08005970                uxQueueMessagesWaiting
 .text.prvCopyDataToQueue
                0x080059ae       0xd4 ./RTOS_related_files/ThirdParty/FreeRTOS/queue.o
 .text.prvCopyDataFromQueue
                0x08005a82       0x4c ./RTOS_related_files/ThirdParty/FreeRTOS/queue.o
 .text.prvUnlockQueue
                0x08005ace       0xa4 ./RTOS_related_files/ThirdParty/FreeRTOS/queue.o
 .text.prvIsQueueEmpty
                0x08005b72       0x2c ./RTOS_related_files/ThirdParty/FreeRTOS/queue.o
 .text.prvIsQueueFull
                0x08005b9e       0x30 ./RTOS_related_files/ThirdParty/FreeRTOS/queue.o
 .text.xQueueIsQueueFullFromISR
                0x08005bce       0x4e ./RTOS_related_files/ThirdParty/FreeRTOS/queue.o
                0x08005bce                xQueueIsQueueFullFromISR
 .text.vQueueAddToRegistry
                0x08005c1c       0x54 ./RTOS_related_files/ThirdParty/FreeRTOS/queue.o
                0x08005c1c                vQueueAddToRegistry
 .text.vQueueWaitForMessageRestricted
                0x08005c70       0x68 ./RTOS_related_files/ThirdParty/FreeRTOS/queue.o
                0x08005c70                vQueueWaitForMessageRestricted
 .text.xTaskCreate
                0x08005cd8       0x82 ./RTOS_related_files/ThirdParty/FreeRTOS/tasks.o
                0x08005cd8                xTaskCreate
 .text.prvInitialiseNewTask
                0x08005d5a      0x12e ./RTOS_related_files/ThirdParty/FreeRTOS/tasks.o
 .text.prvAddNewTaskToReadyList
                0x08005e88       0xc0 ./RTOS_related_files/ThirdParty/FreeRTOS/tasks.o
 .text.vTaskStartScheduler
                0x08005f48       0xa4 ./RTOS_related_files/ThirdParty/FreeRTOS/tasks.o
                0x08005f48                vTaskStartScheduler
 .text.vTaskSuspendAll
                0x08005fec       0x1c ./RTOS_related_files/ThirdParty/FreeRTOS/tasks.o
                0x08005fec                vTaskSuspendAll
 .text.xTaskResumeAll
                0x08006008      0x120 ./RTOS_related_files/ThirdParty/FreeRTOS/tasks.o
                0x08006008                xTaskResumeAll
 .text.xTaskGetTickCount
                0x08006128       0x20 ./RTOS_related_files/ThirdParty/FreeRTOS/tasks.o
                0x08006128                xTaskGetTickCount
 .text.xTaskIncrementTick
                0x08006148      0x12c ./RTOS_related_files/ThirdParty/FreeRTOS/tasks.o
                0x08006148                xTaskIncrementTick
 .text.vTaskSwitchContext
                0x08006274       0xb8 ./RTOS_related_files/ThirdParty/FreeRTOS/tasks.o
                0x08006274                vTaskSwitchContext
 .text.vTaskPlaceOnEventList
                0x0800632c       0x4c ./RTOS_related_files/ThirdParty/FreeRTOS/tasks.o
                0x0800632c                vTaskPlaceOnEventList
 .text.vTaskPlaceOnEventListRestricted
                0x08006378       0x58 ./RTOS_related_files/ThirdParty/FreeRTOS/tasks.o
                0x08006378                vTaskPlaceOnEventListRestricted
 .text.xTaskRemoveFromEventList
                0x080063d0       0xc8 ./RTOS_related_files/ThirdParty/FreeRTOS/tasks.o
                0x080063d0                xTaskRemoveFromEventList
 .text.vTaskInternalSetTimeOutState
                0x08006498       0x2c ./RTOS_related_files/ThirdParty/FreeRTOS/tasks.o
                0x08006498                vTaskInternalSetTimeOutState
 .text.xTaskCheckForTimeOut
                0x080064c4       0xd0 ./RTOS_related_files/ThirdParty/FreeRTOS/tasks.o
                0x080064c4                xTaskCheckForTimeOut
 .text.vTaskMissedYield
                0x08006594       0x18 ./RTOS_related_files/ThirdParty/FreeRTOS/tasks.o
                0x08006594                vTaskMissedYield
 .text.prvIdleTask
                0x080065ac       0x24 ./RTOS_related_files/ThirdParty/FreeRTOS/tasks.o
 .text.prvInitialiseTaskLists
                0x080065d0       0x80 ./RTOS_related_files/ThirdParty/FreeRTOS/tasks.o
 .text.prvCheckTasksWaitingTermination
                0x08006650       0x5c ./RTOS_related_files/ThirdParty/FreeRTOS/tasks.o
 .text.prvDeleteTCB
                0x080066ac       0x20 ./RTOS_related_files/ThirdParty/FreeRTOS/tasks.o
 .text.prvResetNextTaskUnblockTime
                0x080066cc       0x38 ./RTOS_related_files/ThirdParty/FreeRTOS/tasks.o
 .text.xTaskGetSchedulerState
                0x08006704       0x3c ./RTOS_related_files/ThirdParty/FreeRTOS/tasks.o
                0x08006704                xTaskGetSchedulerState
 .text.xTaskPriorityDisinherit
                0x08006740       0xf8 ./RTOS_related_files/ThirdParty/FreeRTOS/tasks.o
                0x08006740                xTaskPriorityDisinherit
 .text.xTaskGenericNotifyWait
                0x08006838      0x100 ./RTOS_related_files/ThirdParty/FreeRTOS/tasks.o
                0x08006838                xTaskGenericNotifyWait
 .text.xTaskGenericNotify
                0x08006938      0x1ac ./RTOS_related_files/ThirdParty/FreeRTOS/tasks.o
                0x08006938                xTaskGenericNotify
 .text.xTaskGenericNotifyFromISR
                0x08006ae4      0x20c ./RTOS_related_files/ThirdParty/FreeRTOS/tasks.o
                0x08006ae4                xTaskGenericNotifyFromISR
 .text.prvAddCurrentTaskToDelayedList
                0x08006cf0       0xcc ./RTOS_related_files/ThirdParty/FreeRTOS/tasks.o
 .text.xTimerCreateTimerTask
                0x08006dbc       0x68 ./RTOS_related_files/ThirdParty/FreeRTOS/timers.o
                0x08006dbc                xTimerCreateTimerTask
 .text.xTimerCreate
                0x08006e24       0x42 ./RTOS_related_files/ThirdParty/FreeRTOS/timers.o
                0x08006e24                xTimerCreate
 .text.prvInitialiseNewTimer
                0x08006e66       0x78 ./RTOS_related_files/ThirdParty/FreeRTOS/timers.o
 *fill*         0x08006ede        0x2 
 .text.xTimerGenericCommand
                0x08006ee0       0x9c ./RTOS_related_files/ThirdParty/FreeRTOS/timers.o
                0x08006ee0                xTimerGenericCommand
 .text.prvProcessExpiredTimer
                0x08006f7c       0x9c ./RTOS_related_files/ThirdParty/FreeRTOS/timers.o
 .text.prvTimerTask
                0x08007018       0x26 ./RTOS_related_files/ThirdParty/FreeRTOS/timers.o
 *fill*         0x0800703e        0x2 
 .text.prvProcessTimerOrBlockTask
                0x08007040       0x9c ./RTOS_related_files/ThirdParty/FreeRTOS/timers.o
 .text.prvGetNextExpireTime
                0x080070dc       0x48 ./RTOS_related_files/ThirdParty/FreeRTOS/timers.o
 .text.prvSampleTimeNow
                0x08007124       0x40 ./RTOS_related_files/ThirdParty/FreeRTOS/timers.o
 .text.prvInsertTimerInActiveList
                0x08007164       0x84 ./RTOS_related_files/ThirdParty/FreeRTOS/timers.o
 .text.prvProcessReceivedCommands
                0x080071e8      0x194 ./RTOS_related_files/ThirdParty/FreeRTOS/timers.o
 .text.prvSwitchTimerLists
                0x0800737c       0xcc ./RTOS_related_files/ThirdParty/FreeRTOS/timers.o
 .text.prvCheckForValidListAndQueue
                0x08007448       0x6c ./RTOS_related_files/ThirdParty/FreeRTOS/timers.o
 .text.xTimerIsTimerActive
                0x080074b4       0x54 ./RTOS_related_files/ThirdParty/FreeRTOS/timers.o
                0x080074b4                xTimerIsTimerActive
 .text.pvTimerGetTimerID
                0x08007508       0x42 ./RTOS_related_files/ThirdParty/FreeRTOS/timers.o
                0x08007508                pvTimerGetTimerID
 *fill*         0x0800754a        0x2 
 .text.pxPortInitialiseStack
                0x0800754c       0x68 ./RTOS_related_files/ThirdParty/FreeRTOS/portable/GCC/ARM_CM4F/port.o
                0x0800754c                pxPortInitialiseStack
 .text.prvTaskExitError
                0x080075b4       0x5c ./RTOS_related_files/ThirdParty/FreeRTOS/portable/GCC/ARM_CM4F/port.o
 .text.SVC_Handler
                0x08007610       0x28 ./RTOS_related_files/ThirdParty/FreeRTOS/portable/GCC/ARM_CM4F/port.o
                0x08007610                SVC_Handler
 .text.prvPortStartFirstTask
                0x08007638       0x2c ./RTOS_related_files/ThirdParty/FreeRTOS/portable/GCC/ARM_CM4F/port.o
 .text.xPortStartScheduler
                0x08007664      0x148 ./RTOS_related_files/ThirdParty/FreeRTOS/portable/GCC/ARM_CM4F/port.o
                0x08007664                xPortStartScheduler
 .text.vPortEnterCritical
                0x080077ac       0x64 ./RTOS_related_files/ThirdParty/FreeRTOS/portable/GCC/ARM_CM4F/port.o
                0x080077ac                vPortEnterCritical
 .text.vPortExitCritical
                0x08007810       0x54 ./RTOS_related_files/ThirdParty/FreeRTOS/portable/GCC/ARM_CM4F/port.o
                0x08007810                vPortExitCritical
 *fill*         0x08007864        0xc 
 .text.PendSV_Handler
                0x08007870       0x68 ./RTOS_related_files/ThirdParty/FreeRTOS/portable/GCC/ARM_CM4F/port.o
                0x08007870                PendSV_Handler
 .text.SysTick_Handler
                0x080078d8       0x44 ./RTOS_related_files/ThirdParty/FreeRTOS/portable/GCC/ARM_CM4F/port.o
                0x080078d8                SysTick_Handler
 .text.vPortSetupTimerInterrupt
                0x0800791c       0x48 ./RTOS_related_files/ThirdParty/FreeRTOS/portable/GCC/ARM_CM4F/port.o
                0x0800791c                vPortSetupTimerInterrupt
 .text.vPortEnableVFP
                0x08007964       0x18 ./RTOS_related_files/ThirdParty/FreeRTOS/portable/GCC/ARM_CM4F/port.o
 .text.vPortValidateInterruptPriority
                0x0800797c       0x84 ./RTOS_related_files/ThirdParty/FreeRTOS/portable/GCC/ARM_CM4F/port.o
                0x0800797c                vPortValidateInterruptPriority
 .text.pvPortMalloc
                0x08007a00      0x1c4 ./RTOS_related_files/ThirdParty/FreeRTOS/portable/MemMang/heap_4.o
                0x08007a00                pvPortMalloc
 .text.vPortFree
                0x08007bc4       0xc8 ./RTOS_related_files/ThirdParty/FreeRTOS/portable/MemMang/heap_4.o
                0x08007bc4                vPortFree
 .text.prvHeapInit
                0x08007c8c       0xc4 ./RTOS_related_files/ThirdParty/FreeRTOS/portable/MemMang/heap_4.o
 .text.prvInsertBlockIntoFreeList
                0x08007d50       0xb4 ./RTOS_related_files/ThirdParty/FreeRTOS/portable/MemMang/heap_4.o
 .text.sprintf  0x08007e04       0x44 F:/Knowledge_Update/STM32CubeIDE_1.19.0/STM32CubeIDE/plugins/com.st.stm32cube.ide.mcu.externaltools.gnu-tools-for-stm32.13.3.rel1.win32_1.0.0.202411081344/tools/bin/../lib/gcc/arm-none-eabi/13.3.1/../../../../arm-none-eabi/lib/thumb/v7e-m+fp/hard\libc_nano.a(libc_a-sprintf.o)
                0x08007e04                siprintf
                0x08007e04                sprintf
 .text.memset   0x08007e48       0x10 F:/Knowledge_Update/STM32CubeIDE_1.19.0/STM32CubeIDE/plugins/com.st.stm32cube.ide.mcu.externaltools.gnu-tools-for-stm32.13.3.rel1.win32_1.0.0.202411081344/tools/bin/../lib/gcc/arm-none-eabi/13.3.1/../../../../arm-none-eabi/lib/thumb/v7e-m+fp/hard\libc_nano.a(libc_a-memset.o)
                0x08007e48                memset
 .text.__libc_init_array
                0x08007e58       0x48 F:/Knowledge_Update/STM32CubeIDE_1.19.0/STM32CubeIDE/plugins/com.st.stm32cube.ide.mcu.externaltools.gnu-tools-for-stm32.13.3.rel1.win32_1.0.0.202411081344/tools/bin/../lib/gcc/arm-none-eabi/13.3.1/../../../../arm-none-eabi/lib/thumb/v7e-m+fp/hard\libc_nano.a(libc_a-init.o)
                0x08007e58                __libc_init_array
 .text.__retarget_lock_acquire_recursive
                0x08007ea0        0x2 F:/Knowledge_Update/STM32CubeIDE_1.19.0/STM32CubeIDE/plugins/com.st.stm32cube.ide.mcu.externaltools.gnu-tools-for-stm32.13.3.rel1.win32_1.0.0.202411081344/tools/bin/../lib/gcc/arm-none-eabi/13.3.1/../../../../arm-none-eabi/lib/thumb/v7e-m+fp/hard\libc_nano.a(libc_a-lock.o)
                0x08007ea0                __retarget_lock_acquire_recursive
 .text.__retarget_lock_release_recursive
                0x08007ea2        0x2 F:/Knowledge_Update/STM32CubeIDE_1.19.0/STM32CubeIDE/plugins/com.st.stm32cube.ide.mcu.externaltools.gnu-tools-for-stm32.13.3.rel1.win32_1.0.0.202411081344/tools/bin/../lib/gcc/arm-none-eabi/13.3.1/../../../../arm-none-eabi/lib/thumb/v7e-m+fp/hard\libc_nano.a(libc_a-lock.o)
                0x08007ea2                __retarget_lock_release_recursive
 .text.memcpy   0x08007ea4       0x1c F:/Knowledge_Update/STM32CubeIDE_1.19.0/STM32CubeIDE/plugins/com.st.stm32cube.ide.mcu.externaltools.gnu-tools-for-stm32.13.3.rel1.win32_1.0.0.202411081344/tools/bin/../lib/gcc/arm-none-eabi/13.3.1/../../../../arm-none-eabi/lib/thumb/v7e-m+fp/hard\libc_nano.a(libc_a-memcpy-stub.o)
                0x08007ea4                memcpy
 .text._free_r  0x08007ec0       0x94 F:/Knowledge_Update/STM32CubeIDE_1.19.0/STM32CubeIDE/plugins/com.st.stm32cube.ide.mcu.externaltools.gnu-tools-for-stm32.13.3.rel1.win32_1.0.0.202411081344/tools/bin/../lib/gcc/arm-none-eabi/13.3.1/../../../../arm-none-eabi/lib/thumb/v7e-m+fp/hard\libc_nano.a(libc_a-freer.o)
                0x08007ec0                _free_r
 .text.sbrk_aligned
                0x08007f54       0x44 F:/Knowledge_Update/STM32CubeIDE_1.19.0/STM32CubeIDE/plugins/com.st.stm32cube.ide.mcu.externaltools.gnu-tools-for-stm32.13.3.rel1.win32_1.0.0.202411081344/tools/bin/../lib/gcc/arm-none-eabi/13.3.1/../../../../arm-none-eabi/lib/thumb/v7e-m+fp/hard\libc_nano.a(libc_a-mallocr.o)
 .text._malloc_r
                0x08007f98      0x100 F:/Knowledge_Update/STM32CubeIDE_1.19.0/STM32CubeIDE/plugins/com.st.stm32cube.ide.mcu.externaltools.gnu-tools-for-stm32.13.3.rel1.win32_1.0.0.202411081344/tools/bin/../lib/gcc/arm-none-eabi/13.3.1/../../../../arm-none-eabi/lib/thumb/v7e-m+fp/hard\libc_nano.a(libc_a-mallocr.o)
                0x08007f98                _malloc_r
 .text.__malloc_lock
                0x08008098        0xc F:/Knowledge_Update/STM32CubeIDE_1.19.0/STM32CubeIDE/plugins/com.st.stm32cube.ide.mcu.externaltools.gnu-tools-for-stm32.13.3.rel1.win32_1.0.0.202411081344/tools/bin/../lib/gcc/arm-none-eabi/13.3.1/../../../../arm-none-eabi/lib/thumb/v7e-m+fp/hard\libc_nano.a(libc_a-mlock.o)
                0x08008098                __malloc_lock
 .text.__malloc_unlock
                0x080080a4        0xc F:/Knowledge_Update/STM32CubeIDE_1.19.0/STM32CubeIDE/plugins/com.st.stm32cube.ide.mcu.externaltools.gnu-tools-for-stm32.13.3.rel1.win32_1.0.0.202411081344/tools/bin/../lib/gcc/arm-none-eabi/13.3.1/../../../../arm-none-eabi/lib/thumb/v7e-m+fp/hard\libc_nano.a(libc_a-mlock.o)
                0x080080a4                __malloc_unlock
 .text.__ssputs_r
                0x080080b0       0xb6 F:/Knowledge_Update/STM32CubeIDE_1.19.0/STM32CubeIDE/plugins/com.st.stm32cube.ide.mcu.externaltools.gnu-tools-for-stm32.13.3.rel1.win32_1.0.0.202411081344/tools/bin/../lib/gcc/arm-none-eabi/13.3.1/../../../../arm-none-eabi/lib/thumb/v7e-m+fp/hard\libc_nano.a(libc_a-nano-svfprintf.o)
                0x080080b0                __ssputs_r
 *fill*         0x08008166        0x2 
 .text._svfprintf_r
                0x08008168      0x1f8 F:/Knowledge_Update/STM32CubeIDE_1.19.0/STM32CubeIDE/plugins/com.st.stm32cube.ide.mcu.externaltools.gnu-tools-for-stm32.13.3.rel1.win32_1.0.0.202411081344/tools/bin/../lib/gcc/arm-none-eabi/13.3.1/../../../../arm-none-eabi/lib/thumb/v7e-m+fp/hard\libc_nano.a(libc_a-nano-svfprintf.o)
                0x08008168                _svfiprintf_r
                0x08008168                _svfprintf_r
 .text._printf_common
                0x08008360       0xda F:/Knowledge_Update/STM32CubeIDE_1.19.0/STM32CubeIDE/plugins/com.st.stm32cube.ide.mcu.externaltools.gnu-tools-for-stm32.13.3.rel1.win32_1.0.0.202411081344/tools/bin/../lib/gcc/arm-none-eabi/13.3.1/../../../../arm-none-eabi/lib/thumb/v7e-m+fp/hard\libc_nano.a(libc_a-nano-vfprintf_i.o)
                0x08008360                _printf_common
 *fill*         0x0800843a        0x2 
 .text._printf_i
                0x0800843c      0x23c F:/Knowledge_Update/STM32CubeIDE_1.19.0/STM32CubeIDE/plugins/com.st.stm32cube.ide.mcu.externaltools.gnu-tools-for-stm32.13.3.rel1.win32_1.0.0.202411081344/tools/bin/../lib/gcc/arm-none-eabi/13.3.1/../../../../arm-none-eabi/lib/thumb/v7e-m+fp/hard\libc_nano.a(libc_a-nano-vfprintf_i.o)
                0x0800843c                _printf_i
 .text.memmove  0x08008678       0x34 F:/Knowledge_Update/STM32CubeIDE_1.19.0/STM32CubeIDE/plugins/com.st.stm32cube.ide.mcu.externaltools.gnu-tools-for-stm32.13.3.rel1.win32_1.0.0.202411081344/tools/bin/../lib/gcc/arm-none-eabi/13.3.1/../../../../arm-none-eabi/lib/thumb/v7e-m+fp/hard\libc_nano.a(libc_a-memmove.o)
                0x08008678                memmove
 .text._sbrk_r  0x080086ac       0x20 F:/Knowledge_Update/STM32CubeIDE_1.19.0/STM32CubeIDE/plugins/com.st.stm32cube.ide.mcu.externaltools.gnu-tools-for-stm32.13.3.rel1.win32_1.0.0.202411081344/tools/bin/../lib/gcc/arm-none-eabi/13.3.1/../../../../arm-none-eabi/lib/thumb/v7e-m+fp/hard\libc_nano.a(libc_a-sbrkr.o)
                0x080086ac                _sbrk_r
 .text._realloc_r
                0x080086cc       0x5c F:/Knowledge_Update/STM32CubeIDE_1.19.0/STM32CubeIDE/plugins/com.st.stm32cube.ide.mcu.externaltools.gnu-tools-for-stm32.13.3.rel1.win32_1.0.0.202411081344/tools/bin/../lib/gcc/arm-none-eabi/13.3.1/../../../../arm-none-eabi/lib/thumb/v7e-m+fp/hard\libc_nano.a(libc_a-reallocr.o)
                0x080086cc                _realloc_r
 .text._malloc_usable_size_r
                0x08008728       0x10 F:/Knowledge_Update/STM32CubeIDE_1.19.0/STM32CubeIDE/plugins/com.st.stm32cube.ide.mcu.externaltools.gnu-tools-for-stm32.13.3.rel1.win32_1.0.0.202411081344/tools/bin/../lib/gcc/arm-none-eabi/13.3.1/../../../../arm-none-eabi/lib/thumb/v7e-m+fp/hard\libc_nano.a(libc_a-msizer.o)
                0x08008728                _malloc_usable_size_r
 .text._sbrk    0x08008738       0x1c F:/Knowledge_Update/STM32CubeIDE_1.19.0/STM32CubeIDE/plugins/com.st.stm32cube.ide.mcu.externaltools.gnu-tools-for-stm32.13.3.rel1.win32_1.0.0.202411081344/tools/bin/../lib/gcc/arm-none-eabi/13.3.1/../../../../arm-none-eabi/lib/thumb/v7e-m+fp/hard\libnosys.a(sbrk.o)
                0x08008738                _sbrk
 *(.glue_7)
 .glue_7        0x08008754        0x0 linker stubs
 *(.glue_7t)
 .glue_7t       0x08008754        0x0 linker stubs
 *(.eh_frame)
 .eh_frame      0x08008754        0x0 F:/Knowledge_Update/STM32CubeIDE_1.19.0/STM32CubeIDE/plugins/com.st.stm32cube.ide.mcu.externaltools.gnu-tools-for-stm32.13.3.rel1.win32_1.0.0.202411081344/tools/bin/../lib/gcc/arm-none-eabi/13.3.1/thumb/v7e-m+fp/hard/crtbegin.o
 *(.init)
 .init          0x08008754        0x4 F:/Knowledge_Update/STM32CubeIDE_1.19.0/STM32CubeIDE/plugins/com.st.stm32cube.ide.mcu.externaltools.gnu-tools-for-stm32.13.3.rel1.win32_1.0.0.202411081344/tools/bin/../lib/gcc/arm-none-eabi/13.3.1/thumb/v7e-m+fp/hard/crti.o
                0x08008754                _init
 .init          0x08008758        0x8 F:/Knowledge_Update/STM32CubeIDE_1.19.0/STM32CubeIDE/plugins/com.st.stm32cube.ide.mcu.externaltools.gnu-tools-for-stm32.13.3.rel1.win32_1.0.0.202411081344/tools/bin/../lib/gcc/arm-none-eabi/13.3.1/thumb/v7e-m+fp/hard/crtn.o
 *(.fini)
 .fini          0x08008760        0x4 F:/Knowledge_Update/STM32CubeIDE_1.19.0/STM32CubeIDE/plugins/com.st.stm32cube.ide.mcu.externaltools.gnu-tools-for-stm32.13.3.rel1.win32_1.0.0.202411081344/tools/bin/../lib/gcc/arm-none-eabi/13.3.1/thumb/v7e-m+fp/hard/crti.o
                0x08008760                _fini
 .fini          0x08008764        0x8 F:/Knowledge_Update/STM32CubeIDE_1.19.0/STM32CubeIDE/plugins/com.st.stm32cube.ide.mcu.externaltools.gnu-tools-for-stm32.13.3.rel1.win32_1.0.0.202411081344/tools/bin/../lib/gcc/arm-none-eabi/13.3.1/thumb/v7e-m+fp/hard/crtn.o
                0x0800876c                        . = ALIGN (0x4)
                0x0800876c                        _etext = .

.vfp11_veneer   0x0800876c        0x0
 .vfp11_veneer  0x0800876c        0x0 linker stubs

.v4_bx          0x0800876c        0x0
 .v4_bx         0x0800876c        0x0 linker stubs

.iplt           0x0800876c        0x0
 .iplt          0x0800876c        0x0 F:/Knowledge_Update/STM32CubeIDE_1.19.0/STM32CubeIDE/plugins/com.st.stm32cube.ide.mcu.externaltools.gnu-tools-for-stm32.13.3.rel1.win32_1.0.0.202411081344/tools/bin/../lib/gcc/arm-none-eabi/13.3.1/thumb/v7e-m+fp/hard/crtbegin.o

.rodata         0x0800876c      0x480
                0x0800876c                        . = ALIGN (0x4)
 *(.rodata)
 .rodata        0x0800876c       0x46 ./Core/Src/main.o
 *fill*         0x080087b2        0x2 
 .rodata        0x080087b4       0x58 ./Core/Src/rtc.o
 .rodata        0x0800880c      0x377 ./Core/Src/task_handler.o
 *fill*         0x08008b83        0x1 
 .rodata        0x08008b84        0x5 ./RTOS_related_files/ThirdParty/FreeRTOS/tasks.o
 *fill*         0x08008b89        0x3 
 .rodata        0x08008b8c        0xd ./RTOS_related_files/ThirdParty/FreeRTOS/timers.o
 *(.rodata*)
 *fill*         0x08008b99        0x3 
 .rodata.AHBPrescTable
                0x08008b9c       0x10 ./Core/Src/system_stm32f4xx.o
                0x08008b9c                AHBPrescTable
 .rodata.APBPrescTable
                0x08008bac        0x8 ./Core/Src/system_stm32f4xx.o
                0x08008bac                APBPrescTable
 .rodata.uxTopUsedPriority
                0x08008bb4        0x4 ./RTOS_related_files/ThirdParty/FreeRTOS/tasks.o
                0x08008bb4                uxTopUsedPriority
 .rodata._svfprintf_r.str1.1
                0x08008bb8       0x33 F:/Knowledge_Update/STM32CubeIDE_1.19.0/STM32CubeIDE/plugins/com.st.stm32cube.ide.mcu.externaltools.gnu-tools-for-stm32.13.3.rel1.win32_1.0.0.202411081344/tools/bin/../lib/gcc/arm-none-eabi/13.3.1/../../../../arm-none-eabi/lib/thumb/v7e-m+fp/hard\libc_nano.a(libc_a-nano-svfprintf.o)
                                 0x11 (size before relaxing)
 .rodata._printf_i.str1.1
                0x08008beb       0x22 F:/Knowledge_Update/STM32CubeIDE_1.19.0/STM32CubeIDE/plugins/com.st.stm32cube.ide.mcu.externaltools.gnu-tools-for-stm32.13.3.rel1.win32_1.0.0.202411081344/tools/bin/../lib/gcc/arm-none-eabi/13.3.1/../../../../arm-none-eabi/lib/thumb/v7e-m+fp/hard\libc_nano.a(libc_a-nano-vfprintf_i.o)
                0x08008c10                        . = ALIGN (0x4)
 *fill*         0x08008beb        0x1 

.ARM.extab      0x08008bec        0x0
                0x08008bec                        . = ALIGN (0x4)
 *(.ARM.extab* .gnu.linkonce.armextab.*)
                0x08008bec                        . = ALIGN (0x4)

.ARM            0x08008bec        0x8
                0x08008bec                        . = ALIGN (0x4)
                0x08008bec                        __exidx_start = .
 *(.ARM.exidx*)
 .ARM.exidx     0x08008bec        0x8 F:/Knowledge_Update/STM32CubeIDE_1.19.0/STM32CubeIDE/plugins/com.st.stm32cube.ide.mcu.externaltools.gnu-tools-for-stm32.13.3.rel1.win32_1.0.0.202411081344/tools/bin/../lib/gcc/arm-none-eabi/13.3.1/../../../../arm-none-eabi/lib/thumb/v7e-m+fp/hard\libc_nano.a(libc_a-strcmp.o)
 .ARM.exidx     0x08008bf4        0x0 F:/Knowledge_Update/STM32CubeIDE_1.19.0/STM32CubeIDE/plugins/com.st.stm32cube.ide.mcu.externaltools.gnu-tools-for-stm32.13.3.rel1.win32_1.0.0.202411081344/tools/bin/../lib/gcc/arm-none-eabi/13.3.1/../../../../arm-none-eabi/lib/thumb/v7e-m+fp/hard\libc_nano.a(libc_a-strlen.o)
                                  0x8 (size before relaxing)
 .ARM.exidx     0x08008bf4        0x0 F:/Knowledge_Update/STM32CubeIDE_1.19.0/STM32CubeIDE/plugins/com.st.stm32cube.ide.mcu.externaltools.gnu-tools-for-stm32.13.3.rel1.win32_1.0.0.202411081344/tools/bin/../lib/gcc/arm-none-eabi/13.3.1/../../../../arm-none-eabi/lib/thumb/v7e-m+fp/hard\libc_nano.a(libc_a-memchr.o)
                                  0x8 (size before relaxing)
 .ARM.exidx     0x08008bf4        0x0 F:/Knowledge_Update/STM32CubeIDE_1.19.0/STM32CubeIDE/plugins/com.st.stm32cube.ide.mcu.externaltools.gnu-tools-for-stm32.13.3.rel1.win32_1.0.0.202411081344/tools/bin/../lib/gcc/arm-none-eabi/13.3.1/thumb/v7e-m+fp/hard\libgcc.a(_udivmoddi4.o)
                                  0x8 (size before relaxing)
                0x08008bf4                        __exidx_end = .
                0x08008bf4                        . = ALIGN (0x4)

.preinit_array  0x08008bf4        0x0
                0x08008bf4                        . = ALIGN (0x4)
                0x08008bf4                        PROVIDE (__preinit_array_start = .)
 *(.preinit_array*)
                0x08008bf4                        PROVIDE (__preinit_array_end = .)
                0x08008bf4                        . = ALIGN (0x4)

.init_array     0x08008bf4        0x4
                0x08008bf4                        . = ALIGN (0x4)
                0x08008bf4                        PROVIDE (__init_array_start = .)
 *(SORT_BY_NAME(.init_array.*))
 *(.init_array*)
 .init_array    0x08008bf4        0x4 F:/Knowledge_Update/STM32CubeIDE_1.19.0/STM32CubeIDE/plugins/com.st.stm32cube.ide.mcu.externaltools.gnu-tools-for-stm32.13.3.rel1.win32_1.0.0.202411081344/tools/bin/../lib/gcc/arm-none-eabi/13.3.1/thumb/v7e-m+fp/hard/crtbegin.o
                0x08008bf8                        PROVIDE (__init_array_end = .)
                0x08008bf8                        . = ALIGN (0x4)

.fini_array     0x08008bf8        0x4
                0x08008bf8                        . = ALIGN (0x4)
                [!provide]                        PROVIDE (__fini_array_start = .)
 *(SORT_BY_NAME(.fini_array.*))
 *(.fini_array*)
 .fini_array    0x08008bf8        0x4 F:/Knowledge_Update/STM32CubeIDE_1.19.0/STM32CubeIDE/plugins/com.st.stm32cube.ide.mcu.externaltools.gnu-tools-for-stm32.13.3.rel1.win32_1.0.0.202411081344/tools/bin/../lib/gcc/arm-none-eabi/13.3.1/thumb/v7e-m+fp/hard/crtbegin.o
                [!provide]                        PROVIDE (__fini_array_end = .)
                0x08008bfc                        . = ALIGN (0x4)
                0x08008bfc                        _sidata = LOADADDR (.data)

.rel.dyn        0x08008bfc        0x0
 .rel.iplt      0x08008bfc        0x0 F:/Knowledge_Update/STM32CubeIDE_1.19.0/STM32CubeIDE/plugins/com.st.stm32cube.ide.mcu.externaltools.gnu-tools-for-stm32.13.3.rel1.win32_1.0.0.202411081344/tools/bin/../lib/gcc/arm-none-eabi/13.3.1/thumb/v7e-m+fp/hard/crtbegin.o

.data           0x20000000       0x80 load address 0x08008bfc
                0x20000000                        . = ALIGN (0x4)
                0x20000000                        _sdata = .
 *(.data)
 *(.data*)
 .data.flag.3   0x20000000        0x4 ./Core/Src/led_effects.o
 .data.flag.2   0x20000004        0x4 ./Core/Src/led_effects.o
 .data.flag.1   0x20000008        0x4 ./Core/Src/led_effects.o
 .data.flag.0   0x2000000c        0x4 ./Core/Src/led_effects.o
 .data.time.2   0x20000010        0x4 ./Core/Src/rtc.o
 .data.date.0   0x20000014        0x4 ./Core/Src/rtc.o
 .data.SystemCoreClock
                0x20000018        0x4 ./Core/Src/system_stm32f4xx.o
                0x20000018                SystemCoreClock
 .data.msg_invalid
                0x2000001c        0x4 ./Core/Src/task_handler.o
                0x2000001c                msg_invalid
 .data.msg_inv  0x20000020        0x4 ./Core/Src/task_handler.o
                0x20000020                msg_inv
 .data.uwTickPrio
                0x20000024        0x4 ./Drivers/STM32F4xx_HAL_Driver/Src/stm32f4xx_hal.o
                0x20000024                uwTickPrio
 .data.uwTickFreq
                0x20000028        0x1 ./Drivers/STM32F4xx_HAL_Driver/Src/stm32f4xx_hal.o
                0x20000028                uwTickFreq
 *fill*         0x20000029        0x3 
 .data.uxCriticalNesting
                0x2000002c        0x4 ./RTOS_related_files/ThirdParty/FreeRTOS/portable/GCC/ARM_CM4F/port.o
 .data._impure_ptr
                0x20000030        0x4 F:/Knowledge_Update/STM32CubeIDE_1.19.0/STM32CubeIDE/plugins/com.st.stm32cube.ide.mcu.externaltools.gnu-tools-for-stm32.13.3.rel1.win32_1.0.0.202411081344/tools/bin/../lib/gcc/arm-none-eabi/13.3.1/../../../../arm-none-eabi/lib/thumb/v7e-m+fp/hard\libc_nano.a(libc_a-impure.o)
                0x20000030                _impure_ptr
 .data._impure_data
                0x20000034       0x4c F:/Knowledge_Update/STM32CubeIDE_1.19.0/STM32CubeIDE/plugins/com.st.stm32cube.ide.mcu.externaltools.gnu-tools-for-stm32.13.3.rel1.win32_1.0.0.202411081344/tools/bin/../lib/gcc/arm-none-eabi/13.3.1/../../../../arm-none-eabi/lib/thumb/v7e-m+fp/hard\libc_nano.a(libc_a-impure.o)
                0x20000034                _impure_data
 *(.RamFunc)
 *(.RamFunc*)
                0x20000080                        . = ALIGN (0x4)
                0x20000080                        _edata = .

.igot.plt       0x20000080        0x0 load address 0x08008c7c
 .igot.plt      0x20000080        0x0 F:/Knowledge_Update/STM32CubeIDE_1.19.0/STM32CubeIDE/plugins/com.st.stm32cube.ide.mcu.externaltools.gnu-tools-for-stm32.13.3.rel1.win32_1.0.0.202411081344/tools/bin/../lib/gcc/arm-none-eabi/13.3.1/thumb/v7e-m+fp/hard/crtbegin.o
                0x20000080                        . = ALIGN (0x4)

.bss            0x20000080    0x13050 load address 0x08008c7c
                0x20000080                        _sbss = .
                0x20000080                        __bss_start__ = _sbss
 *(.bss)
 .bss           0x20000080       0x1c F:/Knowledge_Update/STM32CubeIDE_1.19.0/STM32CubeIDE/plugins/com.st.stm32cube.ide.mcu.externaltools.gnu-tools-for-stm32.13.3.rel1.win32_1.0.0.202411081344/tools/bin/../lib/gcc/arm-none-eabi/13.3.1/thumb/v7e-m+fp/hard/crtbegin.o
 *(.bss*)
 .bss.hrtc      0x2000009c       0x20 ./Core/Src/main.o
                0x2000009c                hrtc
 .bss.huart2    0x200000bc       0x48 ./Core/Src/main.o
                0x200000bc                huart2
 .bss.handle_menu_task
                0x20000104        0x4 ./Core/Src/main.o
                0x20000104                handle_menu_task
 .bss.handle_cmd_task
                0x20000108        0x4 ./Core/Src/main.o
                0x20000108                handle_cmd_task
 .bss.handle_print_task
                0x2000010c        0x4 ./Core/Src/main.o
                0x2000010c                handle_print_task
 .bss.handle_led_task
                0x20000110        0x4 ./Core/Src/main.o
                0x20000110                handle_led_task
 .bss.handle_rtc_task
                0x20000114        0x4 ./Core/Src/main.o
                0x20000114                handle_rtc_task
 .bss.q_data    0x20000118        0x4 ./Core/Src/main.o
                0x20000118                q_data
 .bss.q_print   0x2000011c        0x4 ./Core/Src/main.o
                0x2000011c                q_print
 .bss.status    0x20000120        0x4 ./Core/Src/main.o
                0x20000120                status
 .bss.user_data
                0x20000124        0x1 ./Core/Src/main.o
                0x20000124                user_data
 .bss.curr_state
                0x20000125        0x1 ./Core/Src/main.o
                0x20000125                curr_state
 *fill*         0x20000126        0x2 
 .bss.handle_led_timer
                0x20000128       0x10 ./Core/Src/main.o
                0x20000128                handle_led_timer
 .bss.rtc_timer
                0x20000138        0x4 ./Core/Src/main.o
                0x20000138                rtc_timer
 .bss.showtime.3
                0x2000013c       0x28 ./Core/Src/rtc.o
 .bss.showdate.1
                0x20000164       0x28 ./Core/Src/rtc.o
 .bss.htim6     0x2000018c       0x48 ./Core/Src/stm32f4xx_hal_timebase_tim.o
                0x2000018c                htim6
 .bss.rtc_state.0
                0x200001d4        0x4 ./Core/Src/task_handler.o
 .bss.uwTick    0x200001d8        0x4 ./Drivers/STM32F4xx_HAL_Driver/Src/stm32f4xx_hal.o
                0x200001d8                uwTick
 .bss.xQueueRegistry
                0x200001dc       0x40 ./RTOS_related_files/ThirdParty/FreeRTOS/queue.o
                0x200001dc                xQueueRegistry
 .bss.pxCurrentTCB
                0x2000021c        0x4 ./RTOS_related_files/ThirdParty/FreeRTOS/tasks.o
                0x2000021c                pxCurrentTCB
 .bss.pxReadyTasksLists
                0x20000220       0x64 ./RTOS_related_files/ThirdParty/FreeRTOS/tasks.o
 .bss.xDelayedTaskList1
                0x20000284       0x14 ./RTOS_related_files/ThirdParty/FreeRTOS/tasks.o
 .bss.xDelayedTaskList2
                0x20000298       0x14 ./RTOS_related_files/ThirdParty/FreeRTOS/tasks.o
 .bss.pxDelayedTaskList
                0x200002ac        0x4 ./RTOS_related_files/ThirdParty/FreeRTOS/tasks.o
 .bss.pxOverflowDelayedTaskList
                0x200002b0        0x4 ./RTOS_related_files/ThirdParty/FreeRTOS/tasks.o
 .bss.xPendingReadyList
                0x200002b4       0x14 ./RTOS_related_files/ThirdParty/FreeRTOS/tasks.o
 .bss.xTasksWaitingTermination
                0x200002c8       0x14 ./RTOS_related_files/ThirdParty/FreeRTOS/tasks.o
 .bss.uxDeletedTasksWaitingCleanUp
                0x200002dc        0x4 ./RTOS_related_files/ThirdParty/FreeRTOS/tasks.o
 .bss.xSuspendedTaskList
                0x200002e0       0x14 ./RTOS_related_files/ThirdParty/FreeRTOS/tasks.o
 .bss.uxCurrentNumberOfTasks
                0x200002f4        0x4 ./RTOS_related_files/ThirdParty/FreeRTOS/tasks.o
 .bss.xTickCount
                0x200002f8        0x4 ./RTOS_related_files/ThirdParty/FreeRTOS/tasks.o
 .bss.uxTopReadyPriority
                0x200002fc        0x4 ./RTOS_related_files/ThirdParty/FreeRTOS/tasks.o
 .bss.xSchedulerRunning
                0x20000300        0x4 ./RTOS_related_files/ThirdParty/FreeRTOS/tasks.o
 .bss.xPendedTicks
                0x20000304        0x4 ./RTOS_related_files/ThirdParty/FreeRTOS/tasks.o
 .bss.xYieldPending
                0x20000308        0x4 ./RTOS_related_files/ThirdParty/FreeRTOS/tasks.o
 .bss.xNumOfOverflows
                0x2000030c        0x4 ./RTOS_related_files/ThirdParty/FreeRTOS/tasks.o
 .bss.uxTaskNumber
                0x20000310        0x4 ./RTOS_related_files/ThirdParty/FreeRTOS/tasks.o
 .bss.xNextTaskUnblockTime
                0x20000314        0x4 ./RTOS_related_files/ThirdParty/FreeRTOS/tasks.o
 .bss.xIdleTaskHandle
                0x20000318        0x4 ./RTOS_related_files/ThirdParty/FreeRTOS/tasks.o
 .bss.uxSchedulerSuspended
                0x2000031c        0x4 ./RTOS_related_files/ThirdParty/FreeRTOS/tasks.o
 .bss.xActiveTimerList1
                0x20000320       0x14 ./RTOS_related_files/ThirdParty/FreeRTOS/timers.o
 .bss.xActiveTimerList2
                0x20000334       0x14 ./RTOS_related_files/ThirdParty/FreeRTOS/timers.o
 .bss.pxCurrentTimerList
                0x20000348        0x4 ./RTOS_related_files/ThirdParty/FreeRTOS/timers.o
 .bss.pxOverflowTimerList
                0x2000034c        0x4 ./RTOS_related_files/ThirdParty/FreeRTOS/timers.o
 .bss.xTimerQueue
                0x20000350        0x4 ./RTOS_related_files/ThirdParty/FreeRTOS/timers.o
 .bss.xTimerTaskHandle
                0x20000354        0x4 ./RTOS_related_files/ThirdParty/FreeRTOS/timers.o
 .bss.xLastTime.0
                0x20000358        0x4 ./RTOS_related_files/ThirdParty/FreeRTOS/timers.o
 .bss.ucMaxSysCallPriority
                0x2000035c        0x1 ./RTOS_related_files/ThirdParty/FreeRTOS/portable/GCC/ARM_CM4F/port.o
 *fill*         0x2000035d        0x3 
 .bss.ulMaxPRIGROUPValue
                0x20000360        0x4 ./RTOS_related_files/ThirdParty/FreeRTOS/portable/GCC/ARM_CM4F/port.o
 .bss.ucHeap    0x20000364    0x12c00 ./RTOS_related_files/ThirdParty/FreeRTOS/portable/MemMang/heap_4.o
 .bss.xStart    0x20012f64        0x8 ./RTOS_related_files/ThirdParty/FreeRTOS/portable/MemMang/heap_4.o
 .bss.pxEnd     0x20012f6c        0x4 ./RTOS_related_files/ThirdParty/FreeRTOS/portable/MemMang/heap_4.o
 .bss.xFreeBytesRemaining
                0x20012f70        0x4 ./RTOS_related_files/ThirdParty/FreeRTOS/portable/MemMang/heap_4.o
 .bss.xMinimumEverFreeBytesRemaining
                0x20012f74        0x4 ./RTOS_related_files/ThirdParty/FreeRTOS/portable/MemMang/heap_4.o
 .bss.xNumberOfSuccessfulAllocations
                0x20012f78        0x4 ./RTOS_related_files/ThirdParty/FreeRTOS/portable/MemMang/heap_4.o
 .bss.xNumberOfSuccessfulFrees
                0x20012f7c        0x4 ./RTOS_related_files/ThirdParty/FreeRTOS/portable/MemMang/heap_4.o
 .bss.xBlockAllocatedBit
                0x20012f80        0x4 ./RTOS_related_files/ThirdParty/FreeRTOS/portable/MemMang/heap_4.o
 .bss.__sf      0x20012f84      0x138 F:/Knowledge_Update/STM32CubeIDE_1.19.0/STM32CubeIDE/plugins/com.st.stm32cube.ide.mcu.externaltools.gnu-tools-for-stm32.13.3.rel1.win32_1.0.0.202411081344/tools/bin/../lib/gcc/arm-none-eabi/13.3.1/../../../../arm-none-eabi/lib/thumb/v7e-m+fp/hard\libc_nano.a(libc_a-findfp.o)
                0x20012f84                __sf
 .bss.errno     0x200130bc        0x4 F:/Knowledge_Update/STM32CubeIDE_1.19.0/STM32CubeIDE/plugins/com.st.stm32cube.ide.mcu.externaltools.gnu-tools-for-stm32.13.3.rel1.win32_1.0.0.202411081344/tools/bin/../lib/gcc/arm-none-eabi/13.3.1/../../../../arm-none-eabi/lib/thumb/v7e-m+fp/hard\libc_nano.a(libc_a-reent.o)
                0x200130bc                errno
 .bss.__lock___malloc_recursive_mutex
                0x200130c0        0x1 F:/Knowledge_Update/STM32CubeIDE_1.19.0/STM32CubeIDE/plugins/com.st.stm32cube.ide.mcu.externaltools.gnu-tools-for-stm32.13.3.rel1.win32_1.0.0.202411081344/tools/bin/../lib/gcc/arm-none-eabi/13.3.1/../../../../arm-none-eabi/lib/thumb/v7e-m+fp/hard\libc_nano.a(libc_a-lock.o)
                0x200130c0                __lock___malloc_recursive_mutex
 *fill*         0x200130c1        0x3 
 .bss.__malloc_sbrk_start
                0x200130c4        0x4 F:/Knowledge_Update/STM32CubeIDE_1.19.0/STM32CubeIDE/plugins/com.st.stm32cube.ide.mcu.externaltools.gnu-tools-for-stm32.13.3.rel1.win32_1.0.0.202411081344/tools/bin/../lib/gcc/arm-none-eabi/13.3.1/../../../../arm-none-eabi/lib/thumb/v7e-m+fp/hard\libc_nano.a(libc_a-mallocr.o)
                0x200130c4                __malloc_sbrk_start
 .bss.__malloc_free_list
                0x200130c8        0x4 F:/Knowledge_Update/STM32CubeIDE_1.19.0/STM32CubeIDE/plugins/com.st.stm32cube.ide.mcu.externaltools.gnu-tools-for-stm32.13.3.rel1.win32_1.0.0.202411081344/tools/bin/../lib/gcc/arm-none-eabi/13.3.1/../../../../arm-none-eabi/lib/thumb/v7e-m+fp/hard\libc_nano.a(libc_a-mallocr.o)
                0x200130c8                __malloc_free_list
 .bss.heap_end.0
                0x200130cc        0x4 F:/Knowledge_Update/STM32CubeIDE_1.19.0/STM32CubeIDE/plugins/com.st.stm32cube.ide.mcu.externaltools.gnu-tools-for-stm32.13.3.rel1.win32_1.0.0.202411081344/tools/bin/../lib/gcc/arm-none-eabi/13.3.1/../../../../arm-none-eabi/lib/thumb/v7e-m+fp/hard\libnosys.a(sbrk.o)
 *(COMMON)
                0x200130d0                        . = ALIGN (0x4)
                0x200130d0                        _ebss = .
                0x200130d0                        __bss_end__ = _ebss

._user_heap_stack
                0x200130d0      0x600 load address 0x08008c7c
                0x200130d0                        . = ALIGN (0x8)
                0x200130d0                        PROVIDE (end = .)
                [!provide]                        PROVIDE (_end = .)
                0x200132d0                        . = (. + _Min_Heap_Size)
 *fill*         0x200130d0      0x200 
                0x200136d0                        . = (. + _Min_Stack_Size)
 *fill*         0x200132d0      0x400 
                0x200136d0                        . = ALIGN (0x8)

/DISCARD/
 libc.a(*)
 libm.a(*)
 libgcc.a(*)

.ARM.attributes
                0x00000000       0x30
 *(.ARM.attributes)
 .ARM.attributes
                0x00000000       0x22 F:/Knowledge_Update/STM32CubeIDE_1.19.0/STM32CubeIDE/plugins/com.st.stm32cube.ide.mcu.externaltools.gnu-tools-for-stm32.13.3.rel1.win32_1.0.0.202411081344/tools/bin/../lib/gcc/arm-none-eabi/13.3.1/thumb/v7e-m+fp/hard/crti.o
 .ARM.attributes
                0x00000022       0x34 F:/Knowledge_Update/STM32CubeIDE_1.19.0/STM32CubeIDE/plugins/com.st.stm32cube.ide.mcu.externaltools.gnu-tools-for-stm32.13.3.rel1.win32_1.0.0.202411081344/tools/bin/../lib/gcc/arm-none-eabi/13.3.1/thumb/v7e-m+fp/hard/crtbegin.o
 .ARM.attributes
                0x00000056       0x34 ./Core/Src/led_effects.o
 .ARM.attributes
                0x0000008a       0x34 ./Core/Src/main.o
 .ARM.attributes
                0x000000be       0x34 ./Core/Src/rtc.o
 .ARM.attributes
                0x000000f2       0x34 ./Core/Src/stm32f4xx_hal_msp.o
 .ARM.attributes
                0x00000126       0x34 ./Core/Src/stm32f4xx_hal_timebase_tim.o
 .ARM.attributes
                0x0000015a       0x34 ./Core/Src/stm32f4xx_it.o
 .ARM.attributes
                0x0000018e       0x34 ./Core/Src/system_stm32f4xx.o
 .ARM.attributes
                0x000001c2       0x34 ./Core/Src/task_handler.o
 .ARM.attributes
                0x000001f6       0x21 ./Core/Startup/startup_stm32f446retx.o
 .ARM.attributes
                0x00000217       0x34 ./Drivers/STM32F4xx_HAL_Driver/Src/stm32f4xx_hal.o
 .ARM.attributes
                0x0000024b       0x34 ./Drivers/STM32F4xx_HAL_Driver/Src/stm32f4xx_hal_cortex.o
 .ARM.attributes
                0x0000027f       0x34 ./Drivers/STM32F4xx_HAL_Driver/Src/stm32f4xx_hal_dma.o
 .ARM.attributes
                0x000002b3       0x34 ./Drivers/STM32F4xx_HAL_Driver/Src/stm32f4xx_hal_gpio.o
 .ARM.attributes
                0x000002e7       0x34 ./Drivers/STM32F4xx_HAL_Driver/Src/stm32f4xx_hal_rcc.o
 .ARM.attributes
                0x0000031b       0x34 ./Drivers/STM32F4xx_HAL_Driver/Src/stm32f4xx_hal_rcc_ex.o
 .ARM.attributes
                0x0000034f       0x34 ./Drivers/STM32F4xx_HAL_Driver/Src/stm32f4xx_hal_rtc.o
 .ARM.attributes
                0x00000383       0x34 ./Drivers/STM32F4xx_HAL_Driver/Src/stm32f4xx_hal_tim.o
 .ARM.attributes
                0x000003b7       0x34 ./Drivers/STM32F4xx_HAL_Driver/Src/stm32f4xx_hal_tim_ex.o
 .ARM.attributes
                0x000003eb       0x34 ./Drivers/STM32F4xx_HAL_Driver/Src/stm32f4xx_hal_uart.o
 .ARM.attributes
                0x0000041f       0x34 ./RTOS_related_files/ThirdParty/FreeRTOS/list.o
 .ARM.attributes
                0x00000453       0x34 ./RTOS_related_files/ThirdParty/FreeRTOS/queue.o
 .ARM.attributes
                0x00000487       0x34 ./RTOS_related_files/ThirdParty/FreeRTOS/tasks.o
 .ARM.attributes
                0x000004bb       0x34 ./RTOS_related_files/ThirdParty/FreeRTOS/timers.o
 .ARM.attributes
                0x000004ef       0x34 ./RTOS_related_files/ThirdParty/FreeRTOS/portable/GCC/ARM_CM4F/port.o
 .ARM.attributes
                0x00000523       0x34 ./RTOS_related_files/ThirdParty/FreeRTOS/portable/MemMang/heap_4.o
 .ARM.attributes
                0x00000557       0x34 F:/Knowledge_Update/STM32CubeIDE_1.19.0/STM32CubeIDE/plugins/com.st.stm32cube.ide.mcu.externaltools.gnu-tools-for-stm32.13.3.rel1.win32_1.0.0.202411081344/tools/bin/../lib/gcc/arm-none-eabi/13.3.1/../../../../arm-none-eabi/lib/thumb/v7e-m+fp/hard\libc_nano.a(libc_a-findfp.o)
 .ARM.attributes
                0x0000058b       0x34 F:/Knowledge_Update/STM32CubeIDE_1.19.0/STM32CubeIDE/plugins/com.st.stm32cube.ide.mcu.externaltools.gnu-tools-for-stm32.13.3.rel1.win32_1.0.0.202411081344/tools/bin/../lib/gcc/arm-none-eabi/13.3.1/../../../../arm-none-eabi/lib/thumb/v7e-m+fp/hard\libc_nano.a(libc_a-sprintf.o)
 .ARM.attributes
                0x000005bf       0x34 F:/Knowledge_Update/STM32CubeIDE_1.19.0/STM32CubeIDE/plugins/com.st.stm32cube.ide.mcu.externaltools.gnu-tools-for-stm32.13.3.rel1.win32_1.0.0.202411081344/tools/bin/../lib/gcc/arm-none-eabi/13.3.1/../../../../arm-none-eabi/lib/thumb/v7e-m+fp/hard\libc_nano.a(libc_a-memset.o)
 .ARM.attributes
                0x000005f3       0x34 F:/Knowledge_Update/STM32CubeIDE_1.19.0/STM32CubeIDE/plugins/com.st.stm32cube.ide.mcu.externaltools.gnu-tools-for-stm32.13.3.rel1.win32_1.0.0.202411081344/tools/bin/../lib/gcc/arm-none-eabi/13.3.1/../../../../arm-none-eabi/lib/thumb/v7e-m+fp/hard\libc_nano.a(libc_a-reent.o)
 .ARM.attributes
                0x00000627       0x34 F:/Knowledge_Update/STM32CubeIDE_1.19.0/STM32CubeIDE/plugins/com.st.stm32cube.ide.mcu.externaltools.gnu-tools-for-stm32.13.3.rel1.win32_1.0.0.202411081344/tools/bin/../lib/gcc/arm-none-eabi/13.3.1/../../../../arm-none-eabi/lib/thumb/v7e-m+fp/hard\libc_nano.a(libc_a-impure.o)
 .ARM.attributes
                0x0000065b       0x34 F:/Knowledge_Update/STM32CubeIDE_1.19.0/STM32CubeIDE/plugins/com.st.stm32cube.ide.mcu.externaltools.gnu-tools-for-stm32.13.3.rel1.win32_1.0.0.202411081344/tools/bin/../lib/gcc/arm-none-eabi/13.3.1/../../../../arm-none-eabi/lib/thumb/v7e-m+fp/hard\libc_nano.a(libc_a-init.o)
 .ARM.attributes
                0x0000068f       0x34 F:/Knowledge_Update/STM32CubeIDE_1.19.0/STM32CubeIDE/plugins/com.st.stm32cube.ide.mcu.externaltools.gnu-tools-for-stm32.13.3.rel1.win32_1.0.0.202411081344/tools/bin/../lib/gcc/arm-none-eabi/13.3.1/../../../../arm-none-eabi/lib/thumb/v7e-m+fp/hard\libc_nano.a(libc_a-lock.o)
 .ARM.attributes
                0x000006c3       0x20 F:/Knowledge_Update/STM32CubeIDE_1.19.0/STM32CubeIDE/plugins/com.st.stm32cube.ide.mcu.externaltools.gnu-tools-for-stm32.13.3.rel1.win32_1.0.0.202411081344/tools/bin/../lib/gcc/arm-none-eabi/13.3.1/../../../../arm-none-eabi/lib/thumb/v7e-m+fp/hard\libc_nano.a(libc_a-strcmp.o)
 .ARM.attributes
                0x000006e3       0x34 F:/Knowledge_Update/STM32CubeIDE_1.19.0/STM32CubeIDE/plugins/com.st.stm32cube.ide.mcu.externaltools.gnu-tools-for-stm32.13.3.rel1.win32_1.0.0.202411081344/tools/bin/../lib/gcc/arm-none-eabi/13.3.1/../../../../arm-none-eabi/lib/thumb/v7e-m+fp/hard\libc_nano.a(libc_a-memcpy-stub.o)
 .ARM.attributes
                0x00000717       0x17 F:/Knowledge_Update/STM32CubeIDE_1.19.0/STM32CubeIDE/plugins/com.st.stm32cube.ide.mcu.externaltools.gnu-tools-for-stm32.13.3.rel1.win32_1.0.0.202411081344/tools/bin/../lib/gcc/arm-none-eabi/13.3.1/../../../../arm-none-eabi/lib/thumb/v7e-m+fp/hard\libc_nano.a(libc_a-strlen.o)
 .ARM.attributes
                0x0000072e       0x34 F:/Knowledge_Update/STM32CubeIDE_1.19.0/STM32CubeIDE/plugins/com.st.stm32cube.ide.mcu.externaltools.gnu-tools-for-stm32.13.3.rel1.win32_1.0.0.202411081344/tools/bin/../lib/gcc/arm-none-eabi/13.3.1/../../../../arm-none-eabi/lib/thumb/v7e-m+fp/hard\libc_nano.a(libc_a-freer.o)
 .ARM.attributes
                0x00000762       0x34 F:/Knowledge_Update/STM32CubeIDE_1.19.0/STM32CubeIDE/plugins/com.st.stm32cube.ide.mcu.externaltools.gnu-tools-for-stm32.13.3.rel1.win32_1.0.0.202411081344/tools/bin/../lib/gcc/arm-none-eabi/13.3.1/../../../../arm-none-eabi/lib/thumb/v7e-m+fp/hard\libc_nano.a(libc_a-mallocr.o)
 .ARM.attributes
                0x00000796       0x34 F:/Knowledge_Update/STM32CubeIDE_1.19.0/STM32CubeIDE/plugins/com.st.stm32cube.ide.mcu.externaltools.gnu-tools-for-stm32.13.3.rel1.win32_1.0.0.202411081344/tools/bin/../lib/gcc/arm-none-eabi/13.3.1/../../../../arm-none-eabi/lib/thumb/v7e-m+fp/hard\libc_nano.a(libc_a-mlock.o)
 .ARM.attributes
                0x000007ca       0x34 F:/Knowledge_Update/STM32CubeIDE_1.19.0/STM32CubeIDE/plugins/com.st.stm32cube.ide.mcu.externaltools.gnu-tools-for-stm32.13.3.rel1.win32_1.0.0.202411081344/tools/bin/../lib/gcc/arm-none-eabi/13.3.1/../../../../arm-none-eabi/lib/thumb/v7e-m+fp/hard\libc_nano.a(libc_a-nano-svfprintf.o)
 .ARM.attributes
                0x000007fe       0x34 F:/Knowledge_Update/STM32CubeIDE_1.19.0/STM32CubeIDE/plugins/com.st.stm32cube.ide.mcu.externaltools.gnu-tools-for-stm32.13.3.rel1.win32_1.0.0.202411081344/tools/bin/../lib/gcc/arm-none-eabi/13.3.1/../../../../arm-none-eabi/lib/thumb/v7e-m+fp/hard\libc_nano.a(libc_a-nano-vfprintf_i.o)
 .ARM.attributes
                0x00000832       0x34 F:/Knowledge_Update/STM32CubeIDE_1.19.0/STM32CubeIDE/plugins/com.st.stm32cube.ide.mcu.externaltools.gnu-tools-for-stm32.13.3.rel1.win32_1.0.0.202411081344/tools/bin/../lib/gcc/arm-none-eabi/13.3.1/../../../../arm-none-eabi/lib/thumb/v7e-m+fp/hard\libc_nano.a(libc_a-memmove.o)
 .ARM.attributes
                0x00000866       0x34 F:/Knowledge_Update/STM32CubeIDE_1.19.0/STM32CubeIDE/plugins/com.st.stm32cube.ide.mcu.externaltools.gnu-tools-for-stm32.13.3.rel1.win32_1.0.0.202411081344/tools/bin/../lib/gcc/arm-none-eabi/13.3.1/../../../../arm-none-eabi/lib/thumb/v7e-m+fp/hard\libc_nano.a(libc_a-sbrkr.o)
 .ARM.attributes
                0x0000089a       0x1c F:/Knowledge_Update/STM32CubeIDE_1.19.0/STM32CubeIDE/plugins/com.st.stm32cube.ide.mcu.externaltools.gnu-tools-for-stm32.13.3.rel1.win32_1.0.0.202411081344/tools/bin/../lib/gcc/arm-none-eabi/13.3.1/../../../../arm-none-eabi/lib/thumb/v7e-m+fp/hard\libc_nano.a(libc_a-memchr.o)
 .ARM.attributes
                0x000008b6       0x34 F:/Knowledge_Update/STM32CubeIDE_1.19.0/STM32CubeIDE/plugins/com.st.stm32cube.ide.mcu.externaltools.gnu-tools-for-stm32.13.3.rel1.win32_1.0.0.202411081344/tools/bin/../lib/gcc/arm-none-eabi/13.3.1/../../../../arm-none-eabi/lib/thumb/v7e-m+fp/hard\libc_nano.a(libc_a-reallocr.o)
 .ARM.attributes
                0x000008ea       0x34 F:/Knowledge_Update/STM32CubeIDE_1.19.0/STM32CubeIDE/plugins/com.st.stm32cube.ide.mcu.externaltools.gnu-tools-for-stm32.13.3.rel1.win32_1.0.0.202411081344/tools/bin/../lib/gcc/arm-none-eabi/13.3.1/../../../../arm-none-eabi/lib/thumb/v7e-m+fp/hard\libc_nano.a(libc_a-msizer.o)
 .ARM.attributes
                0x0000091e       0x22 F:/Knowledge_Update/STM32CubeIDE_1.19.0/STM32CubeIDE/plugins/com.st.stm32cube.ide.mcu.externaltools.gnu-tools-for-stm32.13.3.rel1.win32_1.0.0.202411081344/tools/bin/../lib/gcc/arm-none-eabi/13.3.1/thumb/v7e-m+fp/hard\libgcc.a(_aeabi_uldivmod.o)
 .ARM.attributes
                0x00000940       0x34 F:/Knowledge_Update/STM32CubeIDE_1.19.0/STM32CubeIDE/plugins/com.st.stm32cube.ide.mcu.externaltools.gnu-tools-for-stm32.13.3.rel1.win32_1.0.0.202411081344/tools/bin/../lib/gcc/arm-none-eabi/13.3.1/thumb/v7e-m+fp/hard\libgcc.a(_udivmoddi4.o)
 .ARM.attributes
                0x00000974       0x22 F:/Knowledge_Update/STM32CubeIDE_1.19.0/STM32CubeIDE/plugins/com.st.stm32cube.ide.mcu.externaltools.gnu-tools-for-stm32.13.3.rel1.win32_1.0.0.202411081344/tools/bin/../lib/gcc/arm-none-eabi/13.3.1/thumb/v7e-m+fp/hard\libgcc.a(_dvmd_tls.o)
 .ARM.attributes
                0x00000996       0x34 F:/Knowledge_Update/STM32CubeIDE_1.19.0/STM32CubeIDE/plugins/com.st.stm32cube.ide.mcu.externaltools.gnu-tools-for-stm32.13.3.rel1.win32_1.0.0.202411081344/tools/bin/../lib/gcc/arm-none-eabi/13.3.1/../../../../arm-none-eabi/lib/thumb/v7e-m+fp/hard\libnosys.a(sbrk.o)
 .ARM.attributes
                0x000009ca       0x22 F:/Knowledge_Update/STM32CubeIDE_1.19.0/STM32CubeIDE/plugins/com.st.stm32cube.ide.mcu.externaltools.gnu-tools-for-stm32.13.3.rel1.win32_1.0.0.202411081344/tools/bin/../lib/gcc/arm-none-eabi/13.3.1/thumb/v7e-m+fp/hard/crtn.o
OUTPUT(Queue_and_Timer.elf elf32-littlearm)
LOAD linker stubs
LOAD F:/Knowledge_Update/STM32CubeIDE_1.19.0/STM32CubeIDE/plugins/com.st.stm32cube.ide.mcu.externaltools.gnu-tools-for-stm32.13.3.rel1.win32_1.0.0.202411081344/tools/bin/../lib/gcc/arm-none-eabi/13.3.1/../../../../arm-none-eabi/lib/thumb/v7e-m+fp/hard\libc.a
LOAD F:/Knowledge_Update/STM32CubeIDE_1.19.0/STM32CubeIDE/plugins/com.st.stm32cube.ide.mcu.externaltools.gnu-tools-for-stm32.13.3.rel1.win32_1.0.0.202411081344/tools/bin/../lib/gcc/arm-none-eabi/13.3.1/../../../../arm-none-eabi/lib/thumb/v7e-m+fp/hard\libm.a
LOAD F:/Knowledge_Update/STM32CubeIDE_1.19.0/STM32CubeIDE/plugins/com.st.stm32cube.ide.mcu.externaltools.gnu-tools-for-stm32.13.3.rel1.win32_1.0.0.202411081344/tools/bin/../lib/gcc/arm-none-eabi/13.3.1/thumb/v7e-m+fp/hard\libgcc.a

.debug_info     0x00000000    0x164ef
 .debug_info    0x00000000      0x39b ./Core/Src/led_effects.o
 .debug_info    0x0000039b     0x1867 ./Core/Src/main.o
 .debug_info    0x00001c02      0x773 ./Core/Src/rtc.o
 .debug_info    0x00002375     0x1125 ./Core/Src/stm32f4xx_hal_msp.o
 .debug_info    0x0000349a      0xc44 ./Core/Src/stm32f4xx_hal_timebase_tim.o
 .debug_info    0x000040de      0x95c ./Core/Src/stm32f4xx_it.o
 .debug_info    0x00004a3a      0x54a ./Core/Src/system_stm32f4xx.o
 .debug_info    0x00004f84      0xdf4 ./Core/Src/task_handler.o
 .debug_info    0x00005d78       0x30 ./Core/Startup/startup_stm32f446retx.o
 .debug_info    0x00005da8      0x99a ./Drivers/STM32F4xx_HAL_Driver/Src/stm32f4xx_hal.o
 .debug_info    0x00006742      0xdaa ./Drivers/STM32F4xx_HAL_Driver/Src/stm32f4xx_hal_cortex.o
 .debug_info    0x000074ec      0x8e7 ./Drivers/STM32F4xx_HAL_Driver/Src/stm32f4xx_hal_dma.o
 .debug_info    0x00007dd3      0x70b ./Drivers/STM32F4xx_HAL_Driver/Src/stm32f4xx_hal_gpio.o
 .debug_info    0x000084de      0x8ff ./Drivers/STM32F4xx_HAL_Driver/Src/stm32f4xx_hal_rcc.o
 .debug_info    0x00008ddd      0x960 ./Drivers/STM32F4xx_HAL_Driver/Src/stm32f4xx_hal_rcc_ex.o
 .debug_info    0x0000973d      0xc20 ./Drivers/STM32F4xx_HAL_Driver/Src/stm32f4xx_hal_rtc.o
 .debug_info    0x0000a35d     0x299d ./Drivers/STM32F4xx_HAL_Driver/Src/stm32f4xx_hal_tim.o
 .debug_info    0x0000ccfa     0x14db ./Drivers/STM32F4xx_HAL_Driver/Src/stm32f4xx_hal_tim_ex.o
 .debug_info    0x0000e1d5     0x2f4f ./Drivers/STM32F4xx_HAL_Driver/Src/stm32f4xx_hal_uart.o
 .debug_info    0x00011124      0x2af ./RTOS_related_files/ThirdParty/FreeRTOS/list.o
 .debug_info    0x000113d3     0x17d9 ./RTOS_related_files/ThirdParty/FreeRTOS/queue.o
 .debug_info    0x00012bac     0x209f ./RTOS_related_files/ThirdParty/FreeRTOS/tasks.o
 .debug_info    0x00014c4b      0xe4d ./RTOS_related_files/ThirdParty/FreeRTOS/timers.o
 .debug_info    0x00015a98      0x582 ./RTOS_related_files/ThirdParty/FreeRTOS/portable/GCC/ARM_CM4F/port.o
 .debug_info    0x0001601a      0x4d5 ./RTOS_related_files/ThirdParty/FreeRTOS/portable/MemMang/heap_4.o

.debug_abbrev   0x00000000     0x37d8
 .debug_abbrev  0x00000000      0x1b9 ./Core/Src/led_effects.o
 .debug_abbrev  0x000001b9      0x37f ./Core/Src/main.o
 .debug_abbrev  0x00000538      0x1d9 ./Core/Src/rtc.o
 .debug_abbrev  0x00000711      0x210 ./Core/Src/stm32f4xx_hal_msp.o
 .debug_abbrev  0x00000921      0x1f4 ./Core/Src/stm32f4xx_hal_timebase_tim.o
 .debug_abbrev  0x00000b15      0x188 ./Core/Src/stm32f4xx_it.o
 .debug_abbrev  0x00000c9d      0x11a ./Core/Src/system_stm32f4xx.o
 .debug_abbrev  0x00000db7      0x2e9 ./Core/Src/task_handler.o
 .debug_abbrev  0x000010a0       0x24 ./Core/Startup/startup_stm32f446retx.o
 .debug_abbrev  0x000010c4      0x214 ./Drivers/STM32F4xx_HAL_Driver/Src/stm32f4xx_hal.o
 .debug_abbrev  0x000012d8      0x31d ./Drivers/STM32F4xx_HAL_Driver/Src/stm32f4xx_hal_cortex.o
 .debug_abbrev  0x000015f5      0x264 ./Drivers/STM32F4xx_HAL_Driver/Src/stm32f4xx_hal_dma.o
 .debug_abbrev  0x00001859      0x1d4 ./Drivers/STM32F4xx_HAL_Driver/Src/stm32f4xx_hal_gpio.o
 .debug_abbrev  0x00001a2d      0x2b7 ./Drivers/STM32F4xx_HAL_Driver/Src/stm32f4xx_hal_rcc.o
 .debug_abbrev  0x00001ce4      0x211 ./Drivers/STM32F4xx_HAL_Driver/Src/stm32f4xx_hal_rcc_ex.o
 .debug_abbrev  0x00001ef5      0x1dd ./Drivers/STM32F4xx_HAL_Driver/Src/stm32f4xx_hal_rtc.o
 .debug_abbrev  0x000020d2      0x278 ./Drivers/STM32F4xx_HAL_Driver/Src/stm32f4xx_hal_tim.o
 .debug_abbrev  0x0000234a      0x283 ./Drivers/STM32F4xx_HAL_Driver/Src/stm32f4xx_hal_tim_ex.o
 .debug_abbrev  0x000025cd      0x30e ./Drivers/STM32F4xx_HAL_Driver/Src/stm32f4xx_hal_uart.o
 .debug_abbrev  0x000028db       0xf5 ./RTOS_related_files/ThirdParty/FreeRTOS/list.o
 .debug_abbrev  0x000029d0      0x323 ./RTOS_related_files/ThirdParty/FreeRTOS/queue.o
 .debug_abbrev  0x00002cf3      0x38f ./RTOS_related_files/ThirdParty/FreeRTOS/tasks.o
 .debug_abbrev  0x00003082      0x2de ./RTOS_related_files/ThirdParty/FreeRTOS/timers.o
 .debug_abbrev  0x00003360      0x25a ./RTOS_related_files/ThirdParty/FreeRTOS/portable/GCC/ARM_CM4F/port.o
 .debug_abbrev  0x000035ba      0x21e ./RTOS_related_files/ThirdParty/FreeRTOS/portable/MemMang/heap_4.o

.debug_aranges  0x00000000     0x13f0
 .debug_aranges
                0x00000000       0x88 ./Core/Src/led_effects.o
 .debug_aranges
                0x00000088       0x60 ./Core/Src/main.o
 .debug_aranges
                0x000000e8       0x40 ./Core/Src/rtc.o
 .debug_aranges
                0x00000128       0x40 ./Core/Src/stm32f4xx_hal_msp.o
 .debug_aranges
                0x00000168       0x30 ./Core/Src/stm32f4xx_hal_timebase_tim.o
 .debug_aranges
                0x00000198       0x58 ./Core/Src/stm32f4xx_it.o
 .debug_aranges
                0x000001f0       0x28 ./Core/Src/system_stm32f4xx.o
 .debug_aranges
                0x00000218       0x58 ./Core/Src/task_handler.o
 .debug_aranges
                0x00000270       0x28 ./Core/Startup/startup_stm32f446retx.o
 .debug_aranges
                0x00000298       0xf0 ./Drivers/STM32F4xx_HAL_Driver/Src/stm32f4xx_hal.o
 .debug_aranges
                0x00000388      0x130 ./Drivers/STM32F4xx_HAL_Driver/Src/stm32f4xx_hal_cortex.o
 .debug_aranges
                0x000004b8       0x90 ./Drivers/STM32F4xx_HAL_Driver/Src/stm32f4xx_hal_dma.o
 .debug_aranges
                0x00000548       0x58 ./Drivers/STM32F4xx_HAL_Driver/Src/stm32f4xx_hal_gpio.o
 .debug_aranges
                0x000005a0       0x88 ./Drivers/STM32F4xx_HAL_Driver/Src/stm32f4xx_hal_rcc.o
 .debug_aranges
                0x00000628       0x78 ./Drivers/STM32F4xx_HAL_Driver/Src/stm32f4xx_hal_rcc_ex.o
 .debug_aranges
                0x000006a0       0xe8 ./Drivers/STM32F4xx_HAL_Driver/Src/stm32f4xx_hal_rtc.o
 .debug_aranges
                0x00000788      0x3d0 ./Drivers/STM32F4xx_HAL_Driver/Src/stm32f4xx_hal_tim.o
 .debug_aranges
                0x00000b58      0x168 ./Drivers/STM32F4xx_HAL_Driver/Src/stm32f4xx_hal_tim_ex.o
 .debug_aranges
                0x00000cc0      0x208 ./Drivers/STM32F4xx_HAL_Driver/Src/stm32f4xx_hal_uart.o
 .debug_aranges
                0x00000ec8       0x40 ./RTOS_related_files/ThirdParty/FreeRTOS/list.o
 .debug_aranges
                0x00000f08      0x130 ./RTOS_related_files/ThirdParty/FreeRTOS/queue.o
 .debug_aranges
                0x00001038      0x200 ./RTOS_related_files/ThirdParty/FreeRTOS/tasks.o
 .debug_aranges
                0x00001238       0xd8 ./RTOS_related_files/ThirdParty/FreeRTOS/timers.o
 .debug_aranges
                0x00001310       0x88 ./RTOS_related_files/ThirdParty/FreeRTOS/portable/GCC/ARM_CM4F/port.o
 .debug_aranges
                0x00001398       0x58 ./RTOS_related_files/ThirdParty/FreeRTOS/portable/MemMang/heap_4.o

.debug_rnglists
                0x00000000      0xf7a
 .debug_rnglists
                0x00000000       0x61 ./Core/Src/led_effects.o
 .debug_rnglists
                0x00000061       0x47 ./Core/Src/main.o
 .debug_rnglists
                0x000000a8       0x2d ./Core/Src/rtc.o
 .debug_rnglists
                0x000000d5       0x2c ./Core/Src/stm32f4xx_hal_msp.o
 .debug_rnglists
                0x00000101       0x20 ./Core/Src/stm32f4xx_hal_timebase_tim.o
 .debug_rnglists
                0x00000121       0x3d ./Core/Src/stm32f4xx_it.o
 .debug_rnglists
                0x0000015e       0x1a ./Core/Src/system_stm32f4xx.o
 .debug_rnglists
                0x00000178       0x40 ./Core/Src/task_handler.o
 .debug_rnglists
                0x000001b8       0x19 ./Core/Startup/startup_stm32f446retx.o
 .debug_rnglists
                0x000001d1       0xaf ./Drivers/STM32F4xx_HAL_Driver/Src/stm32f4xx_hal.o
 .debug_rnglists
                0x00000280       0xe0 ./Drivers/STM32F4xx_HAL_Driver/Src/stm32f4xx_hal_cortex.o
 .debug_rnglists
                0x00000360       0x70 ./Drivers/STM32F4xx_HAL_Driver/Src/stm32f4xx_hal_dma.o
 .debug_rnglists
                0x000003d0       0x3f ./Drivers/STM32F4xx_HAL_Driver/Src/stm32f4xx_hal_gpio.o
 .debug_rnglists
                0x0000040f       0x66 ./Drivers/STM32F4xx_HAL_Driver/Src/stm32f4xx_hal_rcc.o
 .debug_rnglists
                0x00000475       0x5e ./Drivers/STM32F4xx_HAL_Driver/Src/stm32f4xx_hal_rcc_ex.o
 .debug_rnglists
                0x000004d3       0xb4 ./Drivers/STM32F4xx_HAL_Driver/Src/stm32f4xx_hal_rtc.o
 .debug_rnglists
                0x00000587      0x31a ./Drivers/STM32F4xx_HAL_Driver/Src/stm32f4xx_hal_tim.o
 .debug_rnglists
                0x000008a1      0x125 ./Drivers/STM32F4xx_HAL_Driver/Src/stm32f4xx_hal_tim_ex.o
 .debug_rnglists
                0x000009c6      0x1bc ./Drivers/STM32F4xx_HAL_Driver/Src/stm32f4xx_hal_uart.o
 .debug_rnglists
                0x00000b82       0x2b ./RTOS_related_files/ThirdParty/FreeRTOS/list.o
 .debug_rnglists
                0x00000bad       0xeb ./RTOS_related_files/ThirdParty/FreeRTOS/queue.o
 .debug_rnglists
                0x00000c98      0x199 ./RTOS_related_files/ThirdParty/FreeRTOS/tasks.o
 .debug_rnglists
                0x00000e31       0xa3 ./RTOS_related_files/ThirdParty/FreeRTOS/timers.o
 .debug_rnglists
                0x00000ed4       0x64 ./RTOS_related_files/ThirdParty/FreeRTOS/portable/GCC/ARM_CM4F/port.o
 .debug_rnglists