14:00:46 **** Build of configuration Debug for project Debug_Practice ****
make -j8 all 
arm-none-eabi-gcc "../Drivers/STM32F4xx_HAL_Driver/Src/stm32f4xx_hal.c" -mcpu=cortex-m4 -std=gnu11 -g3 -DDEBUG -DUSE_HAL_DRIVER -DSTM32F446xx -c -I../Core/Inc -I../Drivers/STM32F4xx_HAL_Driver/Inc -I../Drivers/STM32F4xx_HAL_Driver/Inc/Legacy -I../Drivers/CMSIS/Device/ST/STM32F4xx/Include -I../Drivers/CMSIS/Include -I"F:/Knowledge_Update/workspace_1.19.0/RTOS_Workspace/Debug_Practice/RTOS_related_files/ThirdParty/FreeRTOS" -I"F:/Knowledge_Update/workspace_1.19.0/RTOS_Workspace/Debug_Practice/RTOS_related_files/ThirdParty/FreeRTOS/include" -I"F:/Knowledge_Update/workspace_1.19.0/RTOS_Workspace/Debug_Practice/RTOS_related_files/ThirdParty/FreeRTOS/portable/GCC/ARM_CM4F" -I"F:/Knowledge_Update/workspace_1.19.0/RTOS_Workspace/Debug_Practice/RTOS_related_files/ThirdParty/SEGGER" -I"F:/Knowledge_Update/workspace_1.19.0/RTOS_Workspace/Debug_Practice/RTOS_related_files/ThirdParty/SEGGER/Config" -I"F:/Knowledge_Update/workspace_1.19.0/RTOS_Workspace/Debug_Practice/RTOS_related_files/ThirdParty/SEGGER/OS" -I"F:/Knowledge_Update/workspace_1.19.0/RTOS_Workspace/Debug_Practice/RTOS_related_files/ThirdParty/SEGGER/SEGGER" -O0 -ffunction-sections -fdata-sections -Wall -fstack-usage -fcyclomatic-complexity -MMD -MP -MF"Drivers/STM32F4xx_HAL_Driver/Src/stm32f4xx_hal.d" -MT"Drivers/STM32F4xx_HAL_Driver/Src/stm32f4xx_hal.o" --specs=nano.specs -mfpu=fpv4-sp-d16 -mfloat-abi=hard -mthumb -o "Drivers/STM32F4xx_HAL_Driver/Src/stm32f4xx_hal.o"
arm-none-eabi-gcc "../Drivers/STM32F4xx_HAL_Driver/Src/stm32f4xx_hal_cortex.c" -mcpu=cortex-m4 -std=gnu11 -g3 -DDEBUG -DUSE_HAL_DRIVER -DSTM32F446xx -c -I../Core/Inc -I../Drivers/STM32F4xx_HAL_Driver/Inc -I../Drivers/STM32F4xx_HAL_Driver/Inc/Legacy -I../Drivers/CMSIS/Device/ST/STM32F4xx/Include -I../Drivers/CMSIS/Include -I"F:/Knowledge_Update/workspace_1.19.0/RTOS_Workspace/Debug_Practice/RTOS_related_files/ThirdParty/FreeRTOS" -I"F:/Knowledge_Update/workspace_1.19.0/RTOS_Workspace/Debug_Practice/RTOS_related_files/ThirdParty/FreeRTOS/include" -I"F:/Knowledge_Update/workspace_1.19.0/RTOS_Workspace/Debug_Practice/RTOS_related_files/ThirdParty/FreeRTOS/portable/GCC/ARM_CM4F" -I"F:/Knowledge_Update/workspace_1.19.0/RTOS_Workspace/Debug_Practice/RTOS_related_files/ThirdParty/SEGGER" -I"F:/Knowledge_Update/workspace_1.19.0/RTOS_Workspace/Debug_Practice/RTOS_related_files/ThirdParty/SEGGER/Config" -I"F:/Knowledge_Update/workspace_1.19.0/RTOS_Workspace/Debug_Practice/RTOS_related_files/ThirdParty/SEGGER/OS" -I"F:/Knowledge_Update/workspace_1.19.0/RTOS_Workspace/Debug_Practice/RTOS_related_files/ThirdParty/SEGGER/SEGGER" -O0 -ffunction-sections -fdata-sections -Wall -fstack-usage -fcyclomatic-complexity -MMD -MP -MF"Drivers/STM32F4xx_HAL_Driver/Src/stm32f4xx_hal_cortex.d" -MT"Drivers/STM32F4xx_HAL_Driver/Src/stm32f4xx_hal_cortex.o" --specs=nano.specs -mfpu=fpv4-sp-d16 -mfloat-abi=hard -mthumb -o "Drivers/STM32F4xx_HAL_Driver/Src/stm32f4xx_hal_cortex.o"
arm-none-eabi-gcc "../Drivers/STM32F4xx_HAL_Driver/Src/stm32f4xx_hal_dma.c" -mcpu=cortex-m4 -std=gnu11 -g3 -DDEBUG -DUSE_HAL_DRIVER -DSTM32F446xx -c -I../Core/Inc -I../Drivers/STM32F4xx_HAL_Driver/Inc -I../Drivers/STM32F4xx_HAL_Driver/Inc/Legacy -I../Drivers/CMSIS/Device/ST/STM32F4xx/Include -I../Drivers/CMSIS/Include -I"F:/Knowledge_Update/workspace_1.19.0/RTOS_Workspace/Debug_Practice/RTOS_related_files/ThirdParty/FreeRTOS" -I"F:/Knowledge_Update/workspace_1.19.0/RTOS_Workspace/Debug_Practice/RTOS_related_files/ThirdParty/FreeRTOS/include" -I"F:/Knowledge_Update/workspace_1.19.0/RTOS_Workspace/Debug_Practice/RTOS_related_files/ThirdParty/FreeRTOS/portable/GCC/ARM_CM4F" -I"F:/Knowledge_Update/workspace_1.19.0/RTOS_Workspace/Debug_Practice/RTOS_related_files/ThirdParty/SEGGER" -I"F:/Knowledge_Update/workspace_1.19.0/RTOS_Workspace/Debug_Practice/RTOS_related_files/ThirdParty/SEGGER/Config" -I"F:/Knowledge_Update/workspace_1.19.0/RTOS_Workspace/Debug_Practice/RTOS_related_files/ThirdParty/SEGGER/OS" -I"F:/Knowledge_Update/workspace_1.19.0/RTOS_Workspace/Debug_Practice/RTOS_related_files/ThirdParty/SEGGER/SEGGER" -O0 -ffunction-sections -fdata-sections -Wall -fstack-usage -fcyclomatic-complexity -MMD -MP -MF"Drivers/STM32F4xx_HAL_Driver/Src/stm32f4xx_hal_dma.d" -MT"Drivers/STM32F4xx_HAL_Driver/Src/stm32f4xx_hal_dma.o" --specs=nano.specs -mfpu=fpv4-sp-d16 -mfloat-abi=hard -mthumb -o "Drivers/STM32F4xx_HAL_Driver/Src/stm32f4xx_hal_dma.o"
arm-none-eabi-gcc "../Drivers/STM32F4xx_HAL_Driver/Src/stm32f4xx_hal_dma_ex.c" -mcpu=cortex-m4 -std=gnu11 -g3 -DDEBUG -DUSE_HAL_DRIVER -DSTM32F446xx -c -I../Core/Inc -I../Drivers/STM32F4xx_HAL_Driver/Inc -I../Drivers/STM32F4xx_HAL_Driver/Inc/Legacy -I../Drivers/CMSIS/Device/ST/STM32F4xx/Include -I../Drivers/CMSIS/Include -I"F:/Knowledge_Update/workspace_1.19.0/RTOS_Workspace/Debug_Practice/RTOS_related_files/ThirdParty/FreeRTOS" -I"F:/Knowledge_Update/workspace_1.19.0/RTOS_Workspace/Debug_Practice/RTOS_related_files/ThirdParty/FreeRTOS/include" -I"F:/Knowledge_Update/workspace_1.19.0/RTOS_Workspace/Debug_Practice/RTOS_related_files/ThirdParty/FreeRTOS/portable/GCC/ARM_CM4F" -I"F:/Knowledge_Update/workspace_1.19.0/RTOS_Workspace/Debug_Practice/RTOS_related_files/ThirdParty/SEGGER" -I"F:/Knowledge_Update/workspace_1.19.0/RTOS_Workspace/Debug_Practice/RTOS_related_files/ThirdParty/SEGGER/Config" -I"F:/Knowledge_Update/workspace_1.19.0/RTOS_Workspace/Debug_Practice/RTOS_related_files/ThirdParty/SEGGER/OS" -I"F:/Knowledge_Update/workspace_1.19.0/RTOS_Workspace/Debug_Practice/RTOS_related_files/ThirdParty/SEGGER/SEGGER" -O0 -ffunction-sections -fdata-sections -Wall -fstack-usage -fcyclomatic-complexity -MMD -MP -MF"Drivers/STM32F4xx_HAL_Driver/Src/stm32f4xx_hal_dma_ex.d" -MT"Drivers/STM32F4xx_HAL_Driver/Src/stm32f4xx_hal_dma_ex.o" --specs=nano.specs -mfpu=fpv4-sp-d16 -mfloat-abi=hard -mthumb -o "Drivers/STM32F4xx_HAL_Driver/Src/stm32f4xx_hal_dma_ex.o"
arm-none-eabi-gcc "../Drivers/STM32F4xx_HAL_Driver/Src/stm32f4xx_hal_exti.c" -mcpu=cortex-m4 -std=gnu11 -g3 -DDEBUG -DUSE_HAL_DRIVER -DSTM32F446xx -c -I../Core/Inc -I../Drivers/STM32F4xx_HAL_Driver/Inc -I../Drivers/STM32F4xx_HAL_Driver/Inc/Legacy -I../Drivers/CMSIS/Device/ST/STM32F4xx/Include -I../Drivers/CMSIS/Include -I"F:/Knowledge_Update/workspace_1.19.0/RTOS_Workspace/Debug_Practice/RTOS_related_files/ThirdParty/FreeRTOS" -I"F:/Knowledge_Update/workspace_1.19.0/RTOS_Workspace/Debug_Practice/RTOS_related_files/ThirdParty/FreeRTOS/include" -I"F:/Knowledge_Update/workspace_1.19.0/RTOS_Workspace/Debug_Practice/RTOS_related_files/ThirdParty/FreeRTOS/portable/GCC/ARM_CM4F" -I"F:/Knowledge_Update/workspace_1.19.0/RTOS_Workspace/Debug_Practice/RTOS_related_files/ThirdParty/SEGGER" -I"F:/Knowledge_Update/workspace_1.19.0/RTOS_Workspace/Debug_Practice/RTOS_related_files/ThirdParty/SEGGER/Config" -I"F:/Knowledge_Update/workspace_1.19.0/RTOS_Workspace/Debug_Practice/RTOS_related_files/ThirdParty/SEGGER/OS" -I"F:/Knowledge_Update/workspace_1.19.0/RTOS_Workspace/Debug_Practice/RTOS_related_files/ThirdParty/SEGGER/SEGGER" -O0 -ffunction-sections -fdata-sections -Wall -fstack-usage -fcyclomatic-complexity -MMD -MP -MF"Drivers/STM32F4xx_HAL_Driver/Src/stm32f4xx_hal_exti.d" -MT"Drivers/STM32F4xx_HAL_Driver/Src/stm32f4xx_hal_exti.o" --specs=nano.specs -mfpu=fpv4-sp-d16 -mfloat-abi=hard -mthumb -o "Drivers/STM32F4xx_HAL_Driver/Src/stm32f4xx_hal_exti.o"
arm-none-eabi-gcc "../Drivers/STM32F4xx_HAL_Driver/Src/stm32f4xx_hal_flash.c" -mcpu=cortex-m4 -std=gnu11 -g3 -DDEBUG -DUSE_HAL_DRIVER -DSTM32F446xx -c -I../Core/Inc -I../Drivers/STM32F4xx_HAL_Driver/Inc -I../Drivers/STM32F4xx_HAL_Driver/Inc/Legacy -I../Drivers/CMSIS/Device/ST/STM32F4xx/Include -I../Drivers/CMSIS/Include -I"F:/Knowledge_Update/workspace_1.19.0/RTOS_Workspace/Debug_Practice/RTOS_related_files/ThirdParty/FreeRTOS" -I"F:/Knowledge_Update/workspace_1.19.0/RTOS_Workspace/Debug_Practice/RTOS_related_files/ThirdParty/FreeRTOS/include" -I"F:/Knowledge_Update/workspace_1.19.0/RTOS_Workspace/Debug_Practice/RTOS_related_files/ThirdParty/FreeRTOS/portable/GCC/ARM_CM4F" -I"F:/Knowledge_Update/workspace_1.19.0/RTOS_Workspace/Debug_Practice/RTOS_related_files/ThirdParty/SEGGER" -I"F:/Knowledge_Update/workspace_1.19.0/RTOS_Workspace/Debug_Practice/RTOS_related_files/ThirdParty/SEGGER/Config" -I"F:/Knowledge_Update/workspace_1.19.0/RTOS_Workspace/Debug_Practice/RTOS_related_files/ThirdParty/SEGGER/OS" -I"F:/Knowledge_Update/workspace_1.19.0/RTOS_Workspace/Debug_Practice/RTOS_related_files/ThirdParty/SEGGER/SEGGER" -O0 -ffunction-sections -fdata-sections -Wall -fstack-usage -fcyclomatic-complexity -MMD -MP -MF"Drivers/STM32F4xx_HAL_Driver/Src/stm32f4xx_hal_flash.d" -MT"Drivers/STM32F4xx_HAL_Driver/Src/stm32f4xx_hal_flash.o" --specs=nano.specs -mfpu=fpv4-sp-d16 -mfloat-abi=hard -mthumb -o "Drivers/STM32F4xx_HAL_Driver/Src/stm32f4xx_hal_flash.o"
arm-none-eabi-gcc "../Drivers/STM32F4xx_HAL_Driver/Src/stm32f4xx_hal_flash_ex.c" -mcpu=cortex-m4 -std=gnu11 -g3 -DDEBUG -DUSE_HAL_DRIVER -DSTM32F446xx -c -I../Core/Inc -I../Drivers/STM32F4xx_HAL_Driver/Inc -I../Drivers/STM32F4xx_HAL_Driver/Inc/Legacy -I../Drivers/CMSIS/Device/ST/STM32F4xx/Include -I../Drivers/CMSIS/Include -I"F:/Knowledge_Update/workspace_1.19.0/RTOS_Workspace/Debug_Practice/RTOS_related_files/ThirdParty/FreeRTOS" -I"F:/Knowledge_Update/workspace_1.19.0/RTOS_Workspace/Debug_Practice/RTOS_related_files/ThirdParty/FreeRTOS/include" -I"F:/Knowledge_Update/workspace_1.19.0/RTOS_Workspace/Debug_Practice/RTOS_related_files/ThirdParty/FreeRTOS/portable/GCC/ARM_CM4F" -I"F:/Knowledge_Update/workspace_1.19.0/RTOS_Workspace/Debug_Practice/RTOS_related_files/ThirdParty/SEGGER" -I"F:/Knowledge_Update/workspace_1.19.0/RTOS_Workspace/Debug_Practice/RTOS_related_files/ThirdParty/SEGGER/Config" -I"F:/Knowledge_Update/workspace_1.19.0/RTOS_Workspace/Debug_Practice/RTOS_related_files/ThirdParty/SEGGER/OS" -I"F:/Knowledge_Update/workspace_1.19.0/RTOS_Workspace/Debug_Practice/RTOS_related_files/ThirdParty/SEGGER/SEGGER" -O0 -ffunction-sections -fdata-sections -Wall -fstack-usage -fcyclomatic-complexity -MMD -MP -MF"Drivers/STM32F4xx_HAL_Driver/Src/stm32f4xx_hal_flash_ex.d" -MT"Drivers/STM32F4xx_HAL_Driver/Src/stm32f4xx_hal_flash_ex.o" --specs=nano.specs -mfpu=fpv4-sp-d16 -mfloat-abi=hard -mthumb -o "Drivers/STM32F4xx_HAL_Driver/Src/stm32f4xx_hal_flash_ex.o"
arm-none-eabi-gcc "../Drivers/STM32F4xx_HAL_Driver/Src/stm32f4xx_hal_flash_ramfunc.c" -mcpu=cortex-m4 -std=gnu11 -g3 -DDEBUG -DUSE_HAL_DRIVER -DSTM32F446xx -c -I../Core/Inc -I../Drivers/STM32F4xx_HAL_Driver/Inc -I../Drivers/STM32F4xx_HAL_Driver/Inc/Legacy -I../Drivers/CMSIS/Device/ST/STM32F4xx/Include -I../Drivers/CMSIS/Include -I"F:/Knowledge_Update/workspace_1.19.0/RTOS_Workspace/Debug_Practice/RTOS_related_files/ThirdParty/FreeRTOS" -I"F:/Knowledge_Update/workspace_1.19.0/RTOS_Workspace/Debug_Practice/RTOS_related_files/ThirdParty/FreeRTOS/include" -I"F:/Knowledge_Update/workspace_1.19.0/RTOS_Workspace/Debug_Practice/RTOS_related_files/ThirdParty/FreeRTOS/portable/GCC/ARM_CM4F" -I"F:/Knowledge_Update/workspace_1.19.0/RTOS_Workspace/Debug_Practice/RTOS_related_files/ThirdParty/SEGGER" -I"F:/Knowledge_Update/workspace_1.19.0/RTOS_Workspace/Debug_Practice/RTOS_related_files/ThirdParty/SEGGER/Config" -I"F:/Knowledge_Update/workspace_1.19.0/RTOS_Workspace/Debug_Practice/RTOS_related_files/ThirdParty/SEGGER/OS" -I"F:/Knowledge_Update/workspace_1.19.0/RTOS_Workspace/Debug_Practice/RTOS_related_files/ThirdParty/SEGGER/SEGGER" -O0 -ffunction-sections -fdata-sections -Wall -fstack-usage -fcyclomatic-complexity -MMD -MP -MF"Drivers/STM32F4xx_HAL_Driver/Src/stm32f4xx_hal_flash_ramfunc.d" -MT"Drivers/STM32F4xx_HAL_Driver/Src/stm32f4xx_hal_flash_ramfunc.o" --specs=nano.specs -mfpu=fpv4-sp-d16 -mfloat-abi=hard -mthumb -o "Drivers/STM32F4xx_HAL_Driver/Src/stm32f4xx_hal_flash_ramfunc.o"
arm-none-eabi-gcc "../Drivers/STM32F4xx_HAL_Driver/Src/stm32f4xx_hal_gpio.c" -mcpu=cortex-m4 -std=gnu11 -g3 -DDEBUG -DUSE_HAL_DRIVER -DSTM32F446xx -c -I../Core/Inc -I../Drivers/STM32F4xx_HAL_Driver/Inc -I../Drivers/STM32F4xx_HAL_Driver/Inc/Legacy -I../Drivers/CMSIS/Device/ST/STM32F4xx/Include -I../Drivers/CMSIS/Include -I"F:/Knowledge_Update/workspace_1.19.0/RTOS_Workspace/Debug_Practice/RTOS_related_files/ThirdParty/FreeRTOS" -I"F:/Knowledge_Update/workspace_1.19.0/RTOS_Workspace/Debug_Practice/RTOS_related_files/ThirdParty/FreeRTOS/include" -I"F:/Knowledge_Update/workspace_1.19.0/RTOS_Workspace/Debug_Practice/RTOS_related_files/ThirdParty/FreeRTOS/portable/GCC/ARM_CM4F" -I"F:/Knowledge_Update/workspace_1.19.0/RTOS_Workspace/Debug_Practice/RTOS_related_files/ThirdParty/SEGGER" -I"F:/Knowledge_Update/workspace_1.19.0/RTOS_Workspace/Debug_Practice/RTOS_related_files/ThirdParty/SEGGER/Config" -I"F:/Knowledge_Update/workspace_1.19.0/RTOS_Workspace/Debug_Practice/RTOS_related_files/ThirdParty/SEGGER/OS" -I"F:/Knowledge_Update/workspace_1.19.0/RTOS_Workspace/Debug_Practice/RTOS_related_files/ThirdParty/SEGGER/SEGGER" -O0 -ffunction-sections -fdata-sections -Wall -fstack-usage -fcyclomatic-complexity -MMD -MP -MF"Drivers/STM32F4xx_HAL_Driver/Src/stm32f4xx_hal_gpio.d" -MT"Drivers/STM32F4xx_HAL_Driver/Src/stm32f4xx_hal_gpio.o" --specs=nano.specs -mfpu=fpv4-sp-d16 -mfloat-abi=hard -mthumb -o "Drivers/STM32F4xx_HAL_Driver/Src/stm32f4xx_hal_gpio.o"
arm-none-eabi-gcc "../Drivers/STM32F4xx_HAL_Driver/Src/stm32f4xx_hal_pwr.c" -mcpu=cortex-m4 -std=gnu11 -g3 -DDEBUG -DUSE_HAL_DRIVER -DSTM32F446xx -c -I../Core/Inc -I../Drivers/STM32F4xx_HAL_Driver/Inc -I../Drivers/STM32F4xx_HAL_Driver/Inc/Legacy -I../Drivers/CMSIS/Device/ST/STM32F4xx/Include -I../Drivers/CMSIS/Include -I"F:/Knowledge_Update/workspace_1.19.0/RTOS_Workspace/Debug_Practice/RTOS_related_files/ThirdParty/FreeRTOS" -I"F:/Knowledge_Update/workspace_1.19.0/RTOS_Workspace/Debug_Practice/RTOS_related_files/ThirdParty/FreeRTOS/include" -I"F:/Knowledge_Update/workspace_1.19.0/RTOS_Workspace/Debug_Practice/RTOS_related_files/ThirdParty/FreeRTOS/portable/GCC/ARM_CM4F" -I"F:/Knowledge_Update/workspace_1.19.0/RTOS_Workspace/Debug_Practice/RTOS_related_files/ThirdParty/SEGGER" -I"F:/Knowledge_Update/workspace_1.19.0/RTOS_Workspace/Debug_Practice/RTOS_related_files/ThirdParty/SEGGER/Config" -I"F:/Knowledge_Update/workspace_1.19.0/RTOS_Workspace/Debug_Practice/RTOS_related_files/ThirdParty/SEGGER/OS" -I"F:/Knowledge_Update/workspace_1.19.0/RTOS_Workspace/Debug_Practice/RTOS_related_files/ThirdParty/SEGGER/SEGGER" -O0 -ffunction-sections -fdata-sections -Wall -fstack-usage -fcyclomatic-complexity -MMD -MP -MF"Drivers/STM32F4xx_HAL_Driver/Src/stm32f4xx_hal_pwr.d" -MT"Drivers/STM32F4xx_HAL_Driver/Src/stm32f4xx_hal_pwr.o" --specs=nano.specs -mfpu=fpv4-sp-d16 -mfloat-abi=hard -mthumb -o "Drivers/STM32F4xx_HAL_Driver/Src/stm32f4xx_hal_pwr.o"
arm-none-eabi-gcc "../Drivers/STM32F4xx_HAL_Driver/Src/stm32f4xx_hal_pwr_ex.c" -mcpu=cortex-m4 -std=gnu11 -g3 -DDEBUG -DUSE_HAL_DRIVER -DSTM32F446xx -c -I../Core/Inc -I../Drivers/STM32F4xx_HAL_Driver/Inc -I../Drivers/STM32F4xx_HAL_Driver/Inc/Legacy -I../Drivers/CMSIS/Device/ST/STM32F4xx/Include -I../Drivers/CMSIS/Include -I"F:/Knowledge_Update/workspace_1.19.0/RTOS_Workspace/Debug_Practice/RTOS_related_files/ThirdParty/FreeRTOS" -I"F:/Knowledge_Update/workspace_1.19.0/RTOS_Workspace/Debug_Practice/RTOS_related_files/ThirdParty/FreeRTOS/include" -I"F:/Knowledge_Update/workspace_1.19.0/RTOS_Workspace/Debug_Practice/RTOS_related_files/ThirdParty/FreeRTOS/portable/GCC/ARM_CM4F" -I"F:/Knowledge_Update/workspace_1.19.0/RTOS_Workspace/Debug_Practice/RTOS_related_files/ThirdParty/SEGGER" -I"F:/Knowledge_Update/workspace_1.19.0/RTOS_Workspace/Debug_Practice/RTOS_related_files/ThirdParty/SEGGER/Config" -I"F:/Knowledge_Update/workspace_1.19.0/RTOS_Workspace/Debug_Practice/RTOS_related_files/ThirdParty/SEGGER/OS" -I"F:/Knowledge_Update/workspace_1.19.0/RTOS_Workspace/Debug_Practice/RTOS_related_files/ThirdParty/SEGGER/SEGGER" -O0 -ffunction-sections -fdata-sections -Wall -fstack-usage -fcyclomatic-complexity -MMD -MP -MF"Drivers/STM32F4xx_HAL_Driver/Src/stm32f4xx_hal_pwr_ex.d" -MT"Drivers/STM32F4xx_HAL_Driver/Src/stm32f4xx_hal_pwr_ex.o" --specs=nano.specs -mfpu=fpv4-sp-d16 -mfloat-abi=hard -mthumb -o "Drivers/STM32F4xx_HAL_Driver/Src/stm32f4xx_hal_pwr_ex.o"
arm-none-eabi-gcc "../Drivers/STM32F4xx_HAL_Driver/Src/stm32f4xx_hal_rcc.c" -mcpu=cortex-m4 -std=gnu11 -g3 -DDEBUG -DUSE_HAL_DRIVER -DSTM32F446xx -c -I../Core/Inc -I../Drivers/STM32F4xx_HAL_Driver/Inc -I../Drivers/STM32F4xx_HAL_Driver/Inc/Legacy -I../Drivers/CMSIS/Device/ST/STM32F4xx/Include -I../Drivers/CMSIS/Include -I"F:/Knowledge_Update/workspace_1.19.0/RTOS_Workspace/Debug_Practice/RTOS_related_files/ThirdParty/FreeRTOS" -I"F:/Knowledge_Update/workspace_1.19.0/RTOS_Workspace/Debug_Practice/RTOS_related_files/ThirdParty/FreeRTOS/include" -I"F:/Knowledge_Update/workspace_1.19.0/RTOS_Workspace/Debug_Practice/RTOS_related_files/ThirdParty/FreeRTOS/portable/GCC/ARM_CM4F" -I"F:/Knowledge_Update/workspace_1.19.0/RTOS_Workspace/Debug_Practice/RTOS_related_files/ThirdParty/SEGGER" -I"F:/Knowledge_Update/workspace_1.19.0/RTOS_Workspace/Debug_Practice/RTOS_related_files/ThirdParty/SEGGER/Config" -I"F:/Knowledge_Update/workspace_1.19.0/RTOS_Workspace/Debug_Practice/RTOS_related_files/ThirdParty/SEGGER/OS" -I"F:/Knowledge_Update/workspace_1.19.0/RTOS_Workspace/Debug_Practice/RTOS_related_files/ThirdParty/SEGGER/SEGGER" -O0 -ffunction-sections -fdata-sections -Wall -fstack-usage -fcyclomatic-complexity -MMD -MP -MF"Drivers/STM32F4xx_HAL_Driver/Src/stm32f4xx_hal_rcc.d" -MT"Drivers/STM32F4xx_HAL_Driver/Src/stm32f4xx_hal_rcc.o" --specs=nano.specs -mfpu=fpv4-sp-d16 -mfloat-abi=hard -mthumb -o "Drivers/STM32F4xx_HAL_Driver/Src/stm32f4xx_hal_rcc.o"
arm-none-eabi-gcc "../Drivers/STM32F4xx_HAL_Driver/Src/stm32f4xx_hal_rcc_ex.c" -mcpu=cortex-m4 -std=gnu11 -g3 -DDEBUG -DUSE_HAL_DRIVER -DSTM32F446xx -c -I../Core/Inc -I../Drivers/STM32F4xx_HAL_Driver/Inc -I../Drivers/STM32F4xx_HAL_Driver/Inc/Legacy -I../Drivers/CMSIS/Device/ST/STM32F4xx/Include -I../Drivers/CMSIS/Include -I"F:/Knowledge_Update/workspace_1.19.0/RTOS_Workspace/Debug_Practice/RTOS_related_files/ThirdParty/FreeRTOS" -I"F:/Knowledge_Update/workspace_1.19.0/RTOS_Workspace/Debug_Practice/RTOS_related_files/ThirdParty/FreeRTOS/include" -I"F:/Knowledge_Update/workspace_1.19.0/RTOS_Workspace/Debug_Practice/RTOS_related_files/ThirdParty/FreeRTOS/portable/GCC/ARM_CM4F" -I"F:/Knowledge_Update/workspace_1.19.0/RTOS_Workspace/Debug_Practice/RTOS_related_files/ThirdParty/SEGGER" -I"F:/Knowledge_Update/workspace_1.19.0/RTOS_Workspace/Debug_Practice/RTOS_related_files/ThirdParty/SEGGER/Config" -I"F:/Knowledge_Update/workspace_1.19.0/RTOS_Workspace/Debug_Practice/RTOS_related_files/ThirdParty/SEGGER/OS" -I"F:/Knowledge_Update/workspace_1.19.0/RTOS_Workspace/Debug_Practice/RTOS_related_files/ThirdParty/SEGGER/SEGGER" -O0 -ffunction-sections -fdata-sections -Wall -fstack-usage -fcyclomatic-complexity -MMD -MP -MF"Drivers/STM32F4xx_HAL_Driver/Src/stm32f4xx_hal_rcc_ex.d" -MT"Drivers/STM32F4xx_HAL_Driver/Src/stm32f4xx_hal_rcc_ex.o" --specs=nano.specs -mfpu=fpv4-sp-d16 -mfloat-abi=hard -mthumb -o "Drivers/STM32F4xx_HAL_Driver/Src/stm32f4xx_hal_rcc_ex.o"
arm-none-eabi-gcc "../Drivers/STM32F4xx_HAL_Driver/Src/stm32f4xx_hal_uart.c" -mcpu=cortex-m4 -std=gnu11 -g3 -DDEBUG -DUSE_HAL_DRIVER -DSTM32F446xx -c -I../Core/Inc -I../Drivers/STM32F4xx_HAL_Driver/Inc -I../Drivers/STM32F4xx_HAL_Driver/Inc/Legacy -I../Drivers/CMSIS/Device/ST/STM32F4xx/Include -I../Drivers/CMSIS/Include -I"F:/Knowledge_Update/workspace_1.19.0/RTOS_Workspace/Debug_Practice/RTOS_related_files/ThirdParty/FreeRTOS" -I"F:/Knowledge_Update/workspace_1.19.0/RTOS_Workspace/Debug_Practice/RTOS_related_files/ThirdParty/FreeRTOS/include" -I"F:/Knowledge_Update/workspace_1.19.0/RTOS_Workspace/Debug_Practice/RTOS_related_files/ThirdParty/FreeRTOS/portable/GCC/ARM_CM4F" -I"F:/Knowledge_Update/workspace_1.19.0/RTOS_Workspace/Debug_Practice/RTOS_related_files/ThirdParty/SEGGER" -I"F:/Knowledge_Update/workspace_1.19.0/RTOS_Workspace/Debug_Practice/RTOS_related_files/ThirdParty/SEGGER/Config" -I"F:/Knowledge_Update/workspace_1.19.0/RTOS_Workspace/Debug_Practice/RTOS_related_files/ThirdParty/SEGGER/OS" -I"F:/Knowledge_Update/workspace_1.19.0/RTOS_Workspace/Debug_Practice/RTOS_related_files/ThirdParty/SEGGER/SEGGER" -O0 -ffunction-sections -fdata-sections -Wall -fstack-usage -fcyclomatic-complexity -MMD -MP -MF"Drivers/STM32F4xx_HAL_Driver/Src/stm32f4xx_hal_uart.d" -MT"Drivers/STM32F4xx_HAL_Driver/Src/stm32f4xx_hal_uart.o" --specs=nano.specs -mfpu=fpv4-sp-d16 -mfloat-abi=hard -mthumb -o "Drivers/STM32F4xx_HAL_Driver/Src/stm32f4xx_hal_uart.o"
arm-none-eabi-gcc -mcpu=cortex-m4 -g3 -DDEBUG -c -x assembler-with-cpp -MMD -MP -MF"Core/Startup/startup_stm32f446retx.d" -MT"Core/Startup/startup_stm32f446retx.o" --specs=nano.specs -mfpu=fpv4-sp-d16 -mfloat-abi=hard -mthumb -o "Core/Startup/startup_stm32f446retx.o" "../Core/Startup/startup_stm32f446retx.s"
arm-none-eabi-gcc "../Core/Src/main.c" -mcpu=cortex-m4 -std=gnu11 -g3 -DDEBUG -DUSE_HAL_DRIVER -DSTM32F446xx -c -I../Core/Inc -I../Drivers/STM32F4xx_HAL_Driver/Inc -I../Drivers/STM32F4xx_HAL_Driver/Inc/Legacy -I../Drivers/CMSIS/Device/ST/STM32F4xx/Include -I../Drivers/CMSIS/Include -I"F:/Knowledge_Update/workspace_1.19.0/RTOS_Workspace/Debug_Practice/RTOS_related_files/ThirdParty/FreeRTOS" -I"F:/Knowledge_Update/workspace_1.19.0/RTOS_Workspace/Debug_Practice/RTOS_related_files/ThirdParty/FreeRTOS/include" -I"F:/Knowledge_Update/workspace_1.19.0/RTOS_Workspace/Debug_Practice/RTOS_related_files/ThirdParty/FreeRTOS/portable/GCC/ARM_CM4F" -I"F:/Knowledge_Update/workspace_1.19.0/RTOS_Workspace/Debug_Practice/RTOS_related_files/ThirdParty/SEGGER" -I"F:/Knowledge_Update/workspace_1.19.0/RTOS_Workspace/Debug_Practice/RTOS_related_files/ThirdParty/SEGGER/Config" -I"F:/Knowledge_Update/workspace_1.19.0/RTOS_Workspace/Debug_Practice/RTOS_related_files/ThirdParty/SEGGER/OS" -I"F:/Knowledge_Update/workspace_1.19.0/RTOS_Workspace/Debug_Practice/RTOS_related_files/ThirdParty/SEGGER/SEGGER" -O0 -ffunction-sections -fdata-sections -Wall -fstack-usage -fcyclomatic-complexity -MMD -MP -MF"Core/Src/main.d" -MT"Core/Src/main.o" --specs=nano.specs -mfpu=fpv4-sp-d16 -mfloat-abi=hard -mthumb -o "Core/Src/main.o"
arm-none-eabi-gcc "../Core/Src/stm32f4xx_hal_msp.c" -mcpu=cortex-m4 -std=gnu11 -g3 -DDEBUG -DUSE_HAL_DRIVER -DSTM32F446xx -c -I../Core/Inc -I../Drivers/STM32F4xx_HAL_Driver/Inc -I../Drivers/STM32F4xx_HAL_Driver/Inc/Legacy -I../Drivers/CMSIS/Device/ST/STM32F4xx/Include -I../Drivers/CMSIS/Include -I"F:/Knowledge_Update/workspace_1.19.0/RTOS_Workspace/Debug_Practice/RTOS_related_files/ThirdParty/FreeRTOS" -I"F:/Knowledge_Update/workspace_1.19.0/RTOS_Workspace/Debug_Practice/RTOS_related_files/ThirdParty/FreeRTOS/include" -I"F:/Knowledge_Update/workspace_1.19.0/RTOS_Workspace/Debug_Practice/RTOS_related_files/ThirdParty/FreeRTOS/portable/GCC/ARM_CM4F" -I"F:/Knowledge_Update/workspace_1.19.0/RTOS_Workspace/Debug_Practice/RTOS_related_files/ThirdParty/SEGGER" -I"F:/Knowledge_Update/workspace_1.19.0/RTOS_Workspace/Debug_Practice/RTOS_related_files/ThirdParty/SEGGER/Config" -I"F:/Knowledge_Update/workspace_1.19.0/RTOS_Workspace/Debug_Practice/RTOS_related_files/ThirdParty/SEGGER/OS" -I"F:/Knowledge_Update/workspace_1.19.0/RTOS_Workspace/Debug_Practice/RTOS_related_files/ThirdParty/SEGGER/SEGGER" -O0 -ffunction-sections -fdata-sections -Wall -fstack-usage -fcyclomatic-complexity -MMD -MP -MF"Core/Src/stm32f4xx_hal_msp.d" -MT"Core/Src/stm32f4xx_hal_msp.o" --specs=nano.specs -mfpu=fpv4-sp-d16 -mfloat-abi=hard -mthumb -o "Core/Src/stm32f4xx_hal_msp.o"
arm-none-eabi-gcc "../Core/Src/stm32f4xx_it.c" -mcpu=cortex-m4 -std=gnu11 -g3 -DDEBUG -DUSE_HAL_DRIVER -DSTM32F446xx -c -I../Core/Inc -I../Drivers/STM32F4xx_HAL_Driver/Inc -I../Drivers/STM32F4xx_HAL_Driver/Inc/Legacy -I../Drivers/CMSIS/Device/ST/STM32F4xx/Include -I../Drivers/CMSIS/Include -I"F:/Knowledge_Update/workspace_1.19.0/RTOS_Workspace/Debug_Practice/RTOS_related_files/ThirdParty/FreeRTOS" -I"F:/Knowledge_Update/workspace_1.19.0/RTOS_Workspace/Debug_Practice/RTOS_related_files/ThirdParty/FreeRTOS/include" -I"F:/Knowledge_Update/workspace_1.19.0/RTOS_Workspace/Debug_Practice/RTOS_related_files/ThirdParty/FreeRTOS/portable/GCC/ARM_CM4F" -I"F:/Knowledge_Update/workspace_1.19.0/RTOS_Workspace/Debug_Practice/RTOS_related_files/ThirdParty/SEGGER" -I"F:/Knowledge_Update/workspace_1.19.0/RTOS_Workspace/Debug_Practice/RTOS_related_files/ThirdParty/SEGGER/Config" -I"F:/Knowledge_Update/workspace_1.19.0/RTOS_Workspace/Debug_Practice/RTOS_related_files/ThirdParty/SEGGER/OS" -I"F:/Knowledge_Update/workspace_1.19.0/RTOS_Workspace/Debug_Practice/RTOS_related_files/ThirdParty/SEGGER/SEGGER" -O0 -ffunction-sections -fdata-sections -Wall -fstack-usage -fcyclomatic-complexity -MMD -MP -MF"Core/Src/stm32f4xx_it.d" -MT"Core/Src/stm32f4xx_it.o" --specs=nano.specs -mfpu=fpv4-sp-d16 -mfloat-abi=hard -mthumb -o "Core/Src/stm32f4xx_it.o"
arm-none-eabi-gcc "../Core/Src/syscalls.c" -mcpu=cortex-m4 -std=gnu11 -g3 -DDEBUG -DUSE_HAL_DRIVER -DSTM32F446xx -c -I../Core/Inc -I../Drivers/STM32F4xx_HAL_Driver/Inc -I../Drivers/STM32F4xx_HAL_Driver/Inc/Legacy -I../Drivers/CMSIS/Device/ST/STM32F4xx/Include -I../Drivers/CMSIS/Include -I"F:/Knowledge_Update/workspace_1.19.0/RTOS_Workspace/Debug_Practice/RTOS_related_files/ThirdParty/FreeRTOS" -I"F:/Knowledge_Update/workspace_1.19.0/RTOS_Workspace/Debug_Practice/RTOS_related_files/ThirdParty/FreeRTOS/include" -I"F:/Knowledge_Update/workspace_1.19.0/RTOS_Workspace/Debug_Practice/RTOS_related_files/ThirdParty/FreeRTOS/portable/GCC/ARM_CM4F" -I"F:/Knowledge_Update/workspace_1.19.0/RTOS_Workspace/Debug_Practice/RTOS_related_files/ThirdParty/SEGGER" -I"F:/Knowledge_Update/workspace_1.19.0/RTOS_Workspace/Debug_Practice/RTOS_related_files/ThirdParty/SEGGER/Config" -I"F:/Knowledge_Update/workspace_1.19.0/RTOS_Workspace/Debug_Practice/RTOS_related_files/ThirdParty/SEGGER/OS" -I"F:/Knowledge_Update/workspace_1.19.0/RTOS_Workspace/Debug_Practice/RTOS_related_files/ThirdParty/SEGGER/SEGGER" -O0 -ffunction-sections -fdata-sections -Wall -fstack-usage -fcyclomatic-complexity -MMD -MP -MF"Core/Src/syscalls.d" -MT"Core/Src/syscalls.o" --specs=nano.specs -mfpu=fpv4-sp-d16 -mfloat-abi=hard -mthumb -o "Core/Src/syscalls.o"
arm-none-eabi-gcc "../Core/Src/sysmem.c" -mcpu=cortex-m4 -std=gnu11 -g3 -DDEBUG -DUSE_HAL_DRIVER -DSTM32F446xx -c -I../Core/Inc -I../Drivers/STM32F4xx_HAL_Driver/Inc -I../Drivers/STM32F4xx_HAL_Driver/Inc/Legacy -I../Drivers/CMSIS/Device/ST/STM32F4xx/Include -I../Drivers/CMSIS/Include -I"F:/Knowledge_Update/workspace_1.19.0/RTOS_Workspace/Debug_Practice/RTOS_related_files/ThirdParty/FreeRTOS" -I"F:/Knowledge_Update/workspace_1.19.0/RTOS_Workspace/Debug_Practice/RTOS_related_files/ThirdParty/FreeRTOS/include" -I"F:/Knowledge_Update/workspace_1.19.0/RTOS_Workspace/Debug_Practice/RTOS_related_files/ThirdParty/FreeRTOS/portable/GCC/ARM_CM4F" -I"F:/Knowledge_Update/workspace_1.19.0/RTOS_Workspace/Debug_Practice/RTOS_related_files/ThirdParty/SEGGER" -I"F:/Knowledge_Update/workspace_1.19.0/RTOS_Workspace/Debug_Practice/RTOS_related_files/ThirdParty/SEGGER/Config" -I"F:/Knowledge_Update/workspace_1.19.0/RTOS_Workspace/Debug_Practice/RTOS_related_files/ThirdParty/SEGGER/OS" -I"F:/Knowledge_Update/workspace_1.19.0/RTOS_Workspace/Debug_Practice/RTOS_related_files/ThirdParty/SEGGER/SEGGER" -O0 -ffunction-sections -fdata-sections -Wall -fstack-usage -fcyclomatic-complexity -MMD -MP -MF"Core/Src/sysmem.d" -MT"Core/Src/sysmem.o" --specs=nano.specs -mfpu=fpv4-sp-d16 -mfloat-abi=hard -mthumb -o "Core/Src/sysmem.o"
arm-none-eabi-gcc "../Core/Src/system_stm32f4xx.c" -mcpu=cortex-m4 -std=gnu11 -g3 -DDEBUG -DUSE_HAL_DRIVER -DSTM32F446xx -c -I../Core/Inc -I../Drivers/STM32F4xx_HAL_Driver/Inc -I../Drivers/STM32F4xx_HAL_Driver/Inc/Legacy -I../Drivers/CMSIS/Device/ST/STM32F4xx/Include -I../Drivers/CMSIS/Include -I"F:/Knowledge_Update/workspace_1.19.0/RTOS_Workspace/Debug_Practice/RTOS_related_files/ThirdParty/FreeRTOS" -I"F:/Knowledge_Update/workspace_1.19.0/RTOS_Workspace/Debug_Practice/RTOS_related_files/ThirdParty/FreeRTOS/include" -I"F:/Knowledge_Update/workspace_1.19.0/RTOS_Workspace/Debug_Practice/RTOS_related_files/ThirdParty/FreeRTOS/portable/GCC/ARM_CM4F" -I"F:/Knowledge_Update/workspace_1.19.0/RTOS_Workspace/Debug_Practice/RTOS_related_files/ThirdParty/SEGGER" -I"F:/Knowledge_Update/workspace_1.19.0/RTOS_Workspace/Debug_Practice/RTOS_related_files/ThirdParty/SEGGER/Config" -I"F:/Knowledge_Update/workspace_1.19.0/RTOS_Workspace/Debug_Practice/RTOS_related_files/ThirdParty/SEGGER/OS" -I"F:/Knowledge_Update/workspace_1.19.0/RTOS_Workspace/Debug_Practice/RTOS_related_files/ThirdParty/SEGGER/SEGGER" -O0 -ffunction-sections -fdata-sections -Wall -fstack-usage -fcyclomatic-complexity -MMD -MP -MF"Core/Src/system_stm32f4xx.d" -MT"Core/Src/system_stm32f4xx.o" --specs=nano.specs -mfpu=fpv4-sp-d16 -mfloat-abi=hard -mthumb -o "Core/Src/system_stm32f4xx.o"
arm-none-eabi-gcc -o "Debug_Practice.elf" @"objects.list"   -mcpu=cortex-m4 -T"F:\Knowledge_Update\workspace_1.19.0\RTOS_Workspace\Debug_Practice\STM32F446RETX_FLASH.ld" --specs=nosys.specs -Wl,-Map="Debug_Practice.map" -Wl,--gc-sections -static --specs=nano.specs -mfpu=fpv4-sp-d16 -mfloat-abi=hard -mthumb -Wl,--start-group -lc -lm -Wl,--end-group
Finished building target: Debug_Practice.elf
 
arm-none-eabi-size  Debug_Practice.elf 
arm-none-eabi-objdump -h -S Debug_Practice.elf  > "Debug_Practice.list"
   text	   data	    bss	    dec	    hex	filename
   8468	     12	   1644	  10124	   278c	Debug_Practice.elf
Finished building: default.size.stdout
 
Finished building: Debug_Practice.list
 

14:00:52 Build Finished. 0 errors, 0 warnings. (took 5s.698ms)

