12:36:13 **** Build of configuration Debug for project Queue_and_Timer ****
make -j8 all 
arm-none-eabi-gcc "../RTOS_related_files/ThirdParty/FreeRTOS/portable/MemMang/heap_4.c" -mcpu=cortex-m4 -std=gnu11 -g3 -DDEBUG -DUSE_HAL_DRIVER -DSTM32F446xx -c -I../Core/Inc -I../Drivers/STM32F4xx_HAL_Driver/Inc -I../Drivers/STM32F4xx_HAL_Driver/Inc/Legacy -I../Drivers/CMSIS/Device/ST/STM32F4xx/Include -I../Drivers/CMSIS/Include -I"F:/Knowledge_Update/workspace_1.19.0/RTOS_Workspace/RTOS_related_files/ThirdParty/FreeRTOS/include" -I"F:/Knowledge_Update/workspace_1.19.0/RTOS_Workspace/RTOS_related_files/ThirdParty/FreeRTOS/portable/GCC/ARM_CM4F" -I"F:/Knowledge_Update/workspace_1.19.0/RTOS_Workspace/RTOS_related_files/ThirdParty/SEGGER/Config" -I"F:/Knowledge_Update/workspace_1.19.0/RTOS_Workspace/RTOS_related_files/ThirdParty/SEGGER/OS" -I"F:/Knowledge_Update/workspace_1.19.0/RTOS_Workspace/RTOS_related_files/ThirdParty/SEGGER/SEGGER" -I"F:/Knowledge_Update/workspace_1.19.0/RTOS_Workspace/Queue_and_Timer/RTOS_related_files/ThirdParty/FreeRTOS" -I"F:/Knowledge_Update/workspace_1.19.0/RTOS_Workspace/Queue_and_Timer/RTOS_related_files/ThirdParty/FreeRTOS/include" -I"F:/Knowledge_Update/workspace_1.19.0/RTOS_Workspace/Queue_and_Timer/RTOS_related_files/ThirdParty/FreeRTOS/portable/GCC/ARM_CM4F" -I"F:/Knowledge_Update/workspace_1.19.0/RTOS_Workspace/Queue_and_Timer/RTOS_related_files/ThirdParty/SEGGER" -I"F:/Knowledge_Update/workspace_1.19.0/RTOS_Workspace/Queue_and_Timer/RTOS_related_files/ThirdParty/SEGGER/Config" -I"F:/Knowledge_Update/workspace_1.19.0/RTOS_Workspace/Queue_and_Timer/RTOS_related_files/ThirdParty/SEGGER/OS" -I"F:/Knowledge_Update/workspace_1.19.0/RTOS_Workspace/Queue_and_Timer/RTOS_related_files/ThirdParty/SEGGER/SEGGER" -O0 -ffunction-sections -fdata-sections -Wall -fstack-usage -fcyclomatic-complexity -MMD -MP -MF"RTOS_related_files/ThirdParty/FreeRTOS/portable/MemMang/heap_4.d" -MT"RTOS_related_files/ThirdParty/FreeRTOS/portable/MemMang/heap_4.o" --specs=nano.specs -mfpu=fpv4-sp-d16 -mfloat-abi=hard -mthumb -o "RTOS_related_files/ThirdParty/FreeRTOS/portable/MemMang/heap_4.o"
arm-none-eabi-gcc "../RTOS_related_files/ThirdParty/FreeRTOS/portable/GCC/ARM_CM4F/port.c" -mcpu=cortex-m4 -std=gnu11 -g3 -DDEBUG -DUSE_HAL_DRIVER -DSTM32F446xx -c -I../Core/Inc -I../Drivers/STM32F4xx_HAL_Driver/Inc -I../Drivers/STM32F4xx_HAL_Driver/Inc/Legacy -I../Drivers/CMSIS/Device/ST/STM32F4xx/Include -I../Drivers/CMSIS/Include -I"F:/Knowledge_Update/workspace_1.19.0/RTOS_Workspace/RTOS_related_files/ThirdParty/FreeRTOS/include" -I"F:/Knowledge_Update/workspace_1.19.0/RTOS_Workspace/RTOS_related_files/ThirdParty/FreeRTOS/portable/GCC/ARM_CM4F" -I"F:/Knowledge_Update/workspace_1.19.0/RTOS_Workspace/RTOS_related_files/ThirdParty/SEGGER/Config" -I"F:/Knowledge_Update/workspace_1.19.0/RTOS_Workspace/RTOS_related_files/ThirdParty/SEGGER/OS" -I"F:/Knowledge_Update/workspace_1.19.0/RTOS_Workspace/RTOS_related_files/ThirdParty/SEGGER/SEGGER" -I"F:/Knowledge_Update/workspace_1.19.0/RTOS_Workspace/Queue_and_Timer/RTOS_related_files/ThirdParty/FreeRTOS" -I"F:/Knowledge_Update/workspace_1.19.0/RTOS_Workspace/Queue_and_Timer/RTOS_related_files/ThirdParty/FreeRTOS/include" -I"F:/Knowledge_Update/workspace_1.19.0/RTOS_Workspace/Queue_and_Timer/RTOS_related_files/ThirdParty/FreeRTOS/portable/GCC/ARM_CM4F" -I"F:/Knowledge_Update/workspace_1.19.0/RTOS_Workspace/Queue_and_Timer/RTOS_related_files/ThirdParty/SEGGER" -I"F:/Knowledge_Update/workspace_1.19.0/RTOS_Workspace/Queue_and_Timer/RTOS_related_files/ThirdParty/SEGGER/Config" -I"F:/Knowledge_Update/workspace_1.19.0/RTOS_Workspace/Queue_and_Timer/RTOS_related_files/ThirdParty/SEGGER/OS" -I"F:/Knowledge_Update/workspace_1.19.0/RTOS_Workspace/Queue_and_Timer/RTOS_related_files/ThirdParty/SEGGER/SEGGER" -O0 -ffunction-sections -fdata-sections -Wall -fstack-usage -fcyclomatic-complexity -MMD -MP -MF"RTOS_related_files/ThirdParty/FreeRTOS/portable/GCC/ARM_CM4F/port.d" -MT"RTOS_related_files/ThirdParty/FreeRTOS/portable/GCC/ARM_CM4F/port.o" --specs=nano.specs -mfpu=fpv4-sp-d16 -mfloat-abi=hard -mthumb -o "RTOS_related_files/ThirdParty/FreeRTOS/portable/GCC/ARM_CM4F/port.o"
arm-none-eabi-gcc "../RTOS_related_files/ThirdParty/FreeRTOS/croutine.c" -mcpu=cortex-m4 -std=gnu11 -g3 -DDEBUG -DUSE_HAL_DRIVER -DSTM32F446xx -c -I../Core/Inc -I../Drivers/STM32F4xx_HAL_Driver/Inc -I../Drivers/STM32F4xx_HAL_Driver/Inc/Legacy -I../Drivers/CMSIS/Device/ST/STM32F4xx/Include -I../Drivers/CMSIS/Include -I"F:/Knowledge_Update/workspace_1.19.0/RTOS_Workspace/RTOS_related_files/ThirdParty/FreeRTOS/include" -I"F:/Knowledge_Update/workspace_1.19.0/RTOS_Workspace/RTOS_related_files/ThirdParty/FreeRTOS/portable/GCC/ARM_CM4F" -I"F:/Knowledge_Update/workspace_1.19.0/RTOS_Workspace/RTOS_related_files/ThirdParty/SEGGER/Config" -I"F:/Knowledge_Update/workspace_1.19.0/RTOS_Workspace/RTOS_related_files/ThirdParty/SEGGER/OS" -I"F:/Knowledge_Update/workspace_1.19.0/RTOS_Workspace/RTOS_related_files/ThirdParty/SEGGER/SEGGER" -I"F:/Knowledge_Update/workspace_1.19.0/RTOS_Workspace/Queue_and_Timer/RTOS_related_files/ThirdParty/FreeRTOS" -I"F:/Knowledge_Update/workspace_1.19.0/RTOS_Workspace/Queue_and_Timer/RTOS_related_files/ThirdParty/FreeRTOS/include" -I"F:/Knowledge_Update/workspace_1.19.0/RTOS_Workspace/Queue_and_Timer/RTOS_related_files/ThirdParty/FreeRTOS/portable/GCC/ARM_CM4F" -I"F:/Knowledge_Update/workspace_1.19.0/RTOS_Workspace/Queue_and_Timer/RTOS_related_files/ThirdParty/SEGGER" -I"F:/Knowledge_Update/workspace_1.19.0/RTOS_Workspace/Queue_and_Timer/RTOS_related_files/ThirdParty/SEGGER/Config" -I"F:/Knowledge_Update/workspace_1.19.0/RTOS_Workspace/Queue_and_Timer/RTOS_related_files/ThirdParty/SEGGER/OS" -I"F:/Knowledge_Update/workspace_1.19.0/RTOS_Workspace/Queue_and_Timer/RTOS_related_files/ThirdParty/SEGGER/SEGGER" -O0 -ffunction-sections -fdata-sections -Wall -fstack-usage -fcyclomatic-complexity -MMD -MP -MF"RTOS_related_files/ThirdParty/FreeRTOS/croutine.d" -MT"RTOS_related_files/ThirdParty/FreeRTOS/croutine.o" --specs=nano.specs -mfpu=fpv4-sp-d16 -mfloat-abi=hard -mthumb -o "RTOS_related_files/ThirdParty/FreeRTOS/croutine.o"
arm-none-eabi-gcc "../RTOS_related_files/ThirdParty/FreeRTOS/event_groups.c" -mcpu=cortex-m4 -std=gnu11 -g3 -DDEBUG -DUSE_HAL_DRIVER -DSTM32F446xx -c -I../Core/Inc -I../Drivers/STM32F4xx_HAL_Driver/Inc -I../Drivers/STM32F4xx_HAL_Driver/Inc/Legacy -I../Drivers/CMSIS/Device/ST/STM32F4xx/Include -I../Drivers/CMSIS/Include -I"F:/Knowledge_Update/workspace_1.19.0/RTOS_Workspace/RTOS_related_files/ThirdParty/FreeRTOS/include" -I"F:/Knowledge_Update/workspace_1.19.0/RTOS_Workspace/RTOS_related_files/ThirdParty/FreeRTOS/portable/GCC/ARM_CM4F" -I"F:/Knowledge_Update/workspace_1.19.0/RTOS_Workspace/RTOS_related_files/ThirdParty/SEGGER/Config" -I"F:/Knowledge_Update/workspace_1.19.0/RTOS_Workspace/RTOS_related_files/ThirdParty/SEGGER/OS" -I"F:/Knowledge_Update/workspace_1.19.0/RTOS_Workspace/RTOS_related_files/ThirdParty/SEGGER/SEGGER" -I"F:/Knowledge_Update/workspace_1.19.0/RTOS_Workspace/Queue_and_Timer/RTOS_related_files/ThirdParty/FreeRTOS" -I"F:/Knowledge_Update/workspace_1.19.0/RTOS_Workspace/Queue_and_Timer/RTOS_related_files/ThirdParty/FreeRTOS/include" -I"F:/Knowledge_Update/workspace_1.19.0/RTOS_Workspace/Queue_and_Timer/RTOS_related_files/ThirdParty/FreeRTOS/portable/GCC/ARM_CM4F" -I"F:/Knowledge_Update/workspace_1.19.0/RTOS_Workspace/Queue_and_Timer/RTOS_related_files/ThirdParty/SEGGER" -I"F:/Knowledge_Update/workspace_1.19.0/RTOS_Workspace/Queue_and_Timer/RTOS_related_files/ThirdParty/SEGGER/Config" -I"F:/Knowledge_Update/workspace_1.19.0/RTOS_Workspace/Queue_and_Timer/RTOS_related_files/ThirdParty/SEGGER/OS" -I"F:/Knowledge_Update/workspace_1.19.0/RTOS_Workspace/Queue_and_Timer/RTOS_related_files/ThirdParty/SEGGER/SEGGER" -O0 -ffunction-sections -fdata-sections -Wall -fstack-usage -fcyclomatic-complexity -MMD -MP -MF"RTOS_related_files/ThirdParty/FreeRTOS/event_groups.d" -MT"RTOS_related_files/ThirdParty/FreeRTOS/event_groups.o" --specs=nano.specs -mfpu=fpv4-sp-d16 -mfloat-abi=hard -mthumb -o "RTOS_related_files/ThirdParty/FreeRTOS/event_groups.o"
arm-none-eabi-gcc "../RTOS_related_files/ThirdParty/FreeRTOS/list.c" -mcpu=cortex-m4 -std=gnu11 -g3 -DDEBUG -DUSE_HAL_DRIVER -DSTM32F446xx -c -I../Core/Inc -I../Drivers/STM32F4xx_HAL_Driver/Inc -I../Drivers/STM32F4xx_HAL_Driver/Inc/Legacy -I../Drivers/CMSIS/Device/ST/STM32F4xx/Include -I../Drivers/CMSIS/Include -I"F:/Knowledge_Update/workspace_1.19.0/RTOS_Workspace/RTOS_related_files/ThirdParty/FreeRTOS/include" -I"F:/Knowledge_Update/workspace_1.19.0/RTOS_Workspace/RTOS_related_files/ThirdParty/FreeRTOS/portable/GCC/ARM_CM4F" -I"F:/Knowledge_Update/workspace_1.19.0/RTOS_Workspace/RTOS_related_files/ThirdParty/SEGGER/Config" -I"F:/Knowledge_Update/workspace_1.19.0/RTOS_Workspace/RTOS_related_files/ThirdParty/SEGGER/OS" -I"F:/Knowledge_Update/workspace_1.19.0/RTOS_Workspace/RTOS_related_files/ThirdParty/SEGGER/SEGGER" -I"F:/Knowledge_Update/workspace_1.19.0/RTOS_Workspace/Queue_and_Timer/RTOS_related_files/ThirdParty/FreeRTOS" -I"F:/Knowledge_Update/workspace_1.19.0/RTOS_Workspace/Queue_and_Timer/RTOS_related_files/ThirdParty/FreeRTOS/include" -I"F:/Knowledge_Update/workspace_1.19.0/RTOS_Workspace/Queue_and_Timer/RTOS_related_files/ThirdParty/FreeRTOS/portable/GCC/ARM_CM4F" -I"F:/Knowledge_Update/workspace_1.19.0/RTOS_Workspace/Queue_and_Timer/RTOS_related_files/ThirdParty/SEGGER" -I"F:/Knowledge_Update/workspace_1.19.0/RTOS_Workspace/Queue_and_Timer/RTOS_related_files/ThirdParty/SEGGER/Config" -I"F:/Knowledge_Update/workspace_1.19.0/RTOS_Workspace/Queue_and_Timer/RTOS_related_files/ThirdParty/SEGGER/OS" -I"F:/Knowledge_Update/workspace_1.19.0/RTOS_Workspace/Queue_and_Timer/RTOS_related_files/ThirdParty/SEGGER/SEGGER" -O0 -ffunction-sections -fdata-sections -Wall -fstack-usage -fcyclomatic-complexity -MMD -MP -MF"RTOS_related_files/ThirdParty/FreeRTOS/list.d" -MT"RTOS_related_files/ThirdParty/FreeRTOS/list.o" --specs=nano.specs -mfpu=fpv4-sp-d16 -mfloat-abi=hard -mthumb -o "RTOS_related_files/ThirdParty/FreeRTOS/list.o"
arm-none-eabi-gcc "../RTOS_related_files/ThirdParty/FreeRTOS/queue.c" -mcpu=cortex-m4 -std=gnu11 -g3 -DDEBUG -DUSE_HAL_DRIVER -DSTM32F446xx -c -I../Core/Inc -I../Drivers/STM32F4xx_HAL_Driver/Inc -I../Drivers/STM32F4xx_HAL_Driver/Inc/Legacy -I../Drivers/CMSIS/Device/ST/STM32F4xx/Include -I../Drivers/CMSIS/Include -I"F:/Knowledge_Update/workspace_1.19.0/RTOS_Workspace/RTOS_related_files/ThirdParty/FreeRTOS/include" -I"F:/Knowledge_Update/workspace_1.19.0/RTOS_Workspace/RTOS_related_files/ThirdParty/FreeRTOS/portable/GCC/ARM_CM4F" -I"F:/Knowledge_Update/workspace_1.19.0/RTOS_Workspace/RTOS_related_files/ThirdParty/SEGGER/Config" -I"F:/Knowledge_Update/workspace_1.19.0/RTOS_Workspace/RTOS_related_files/ThirdParty/SEGGER/OS" -I"F:/Knowledge_Update/workspace_1.19.0/RTOS_Workspace/RTOS_related_files/ThirdParty/SEGGER/SEGGER" -I"F:/Knowledge_Update/workspace_1.19.0/RTOS_Workspace/Queue_and_Timer/RTOS_related_files/ThirdParty/FreeRTOS" -I"F:/Knowledge_Update/workspace_1.19.0/RTOS_Workspace/Queue_and_Timer/RTOS_related_files/ThirdParty/FreeRTOS/include" -I"F:/Knowledge_Update/workspace_1.19.0/RTOS_Workspace/Queue_and_Timer/RTOS_related_files/ThirdParty/FreeRTOS/portable/GCC/ARM_CM4F" -I"F:/Knowledge_Update/workspace_1.19.0/RTOS_Workspace/Queue_and_Timer/RTOS_related_files/ThirdParty/SEGGER" -I"F:/Knowledge_Update/workspace_1.19.0/RTOS_Workspace/Queue_and_Timer/RTOS_related_files/ThirdParty/SEGGER/Config" -I"F:/Knowledge_Update/workspace_1.19.0/RTOS_Workspace/Queue_and_Timer/RTOS_related_files/ThirdParty/SEGGER/OS" -I"F:/Knowledge_Update/workspace_1.19.0/RTOS_Workspace/Queue_and_Timer/RTOS_related_files/ThirdParty/SEGGER/SEGGER" -O0 -ffunction-sections -fdata-sections -Wall -fstack-usage -fcyclomatic-complexity -MMD -MP -MF"RTOS_related_files/ThirdParty/FreeRTOS/queue.d" -MT"RTOS_related_files/ThirdParty/FreeRTOS/queue.o" --specs=nano.specs -mfpu=fpv4-sp-d16 -mfloat-abi=hard -mthumb -o "RTOS_related_files/ThirdParty/FreeRTOS/queue.o"
arm-none-eabi-gcc "../RTOS_related_files/ThirdParty/FreeRTOS/stream_buffer.c" -mcpu=cortex-m4 -std=gnu11 -g3 -DDEBUG -DUSE_HAL_DRIVER -DSTM32F446xx -c -I../Core/Inc -I../Drivers/STM32F4xx_HAL_Driver/Inc -I../Drivers/STM32F4xx_HAL_Driver/Inc/Legacy -I../Drivers/CMSIS/Device/ST/STM32F4xx/Include -I../Drivers/CMSIS/Include -I"F:/Knowledge_Update/workspace_1.19.0/RTOS_Workspace/RTOS_related_files/ThirdParty/FreeRTOS/include" -I"F:/Knowledge_Update/workspace_1.19.0/RTOS_Workspace/RTOS_related_files/ThirdParty/FreeRTOS/portable/GCC/ARM_CM4F" -I"F:/Knowledge_Update/workspace_1.19.0/RTOS_Workspace/RTOS_related_files/ThirdParty/SEGGER/Config" -I"F:/Knowledge_Update/workspace_1.19.0/RTOS_Workspace/RTOS_related_files/ThirdParty/SEGGER/OS" -I"F:/Knowledge_Update/workspace_1.19.0/RTOS_Workspace/RTOS_related_files/ThirdParty/SEGGER/SEGGER" -I"F:/Knowledge_Update/workspace_1.19.0/RTOS_Workspace/Queue_and_Timer/RTOS_related_files/ThirdParty/FreeRTOS" -I"F:/Knowledge_Update/workspace_1.19.0/RTOS_Workspace/Queue_and_Timer/RTOS_related_files/ThirdParty/FreeRTOS/include" -I"F:/Knowledge_Update/workspace_1.19.0/RTOS_Workspace/Queue_and_Timer/RTOS_related_files/ThirdParty/FreeRTOS/portable/GCC/ARM_CM4F" -I"F:/Knowledge_Update/workspace_1.19.0/RTOS_Workspace/Queue_and_Timer/RTOS_related_files/ThirdParty/SEGGER" -I"F:/Knowledge_Update/workspace_1.19.0/RTOS_Workspace/Queue_and_Timer/RTOS_related_files/ThirdParty/SEGGER/Config" -I"F:/Knowledge_Update/workspace_1.19.0/RTOS_Workspace/Queue_and_Timer/RTOS_related_files/ThirdParty/SEGGER/OS" -I"F:/Knowledge_Update/workspace_1.19.0/RTOS_Workspace/Queue_and_Timer/RTOS_related_files/ThirdParty/SEGGER/SEGGER" -O0 -ffunction-sections -fdata-sections -Wall -fstack-usage -fcyclomatic-complexity -MMD -MP -MF"RTOS_related_files/ThirdParty/FreeRTOS/stream_buffer.d" -MT"RTOS_related_files/ThirdParty/FreeRTOS/stream_buffer.o" --specs=nano.specs -mfpu=fpv4-sp-d16 -mfloat-abi=hard -mthumb -o "RTOS_related_files/ThirdParty/FreeRTOS/stream_buffer.o"
arm-none-eabi-gcc "../RTOS_related_files/ThirdParty/FreeRTOS/tasks.c" -mcpu=cortex-m4 -std=gnu11 -g3 -DDEBUG -DUSE_HAL_DRIVER -DSTM32F446xx -c -I../Core/Inc -I../Drivers/STM32F4xx_HAL_Driver/Inc -I../Drivers/STM32F4xx_HAL_Driver/Inc/Legacy -I../Drivers/CMSIS/Device/ST/STM32F4xx/Include -I../Drivers/CMSIS/Include -I"F:/Knowledge_Update/workspace_1.19.0/RTOS_Workspace/RTOS_related_files/ThirdParty/FreeRTOS/include" -I"F:/Knowledge_Update/workspace_1.19.0/RTOS_Workspace/RTOS_related_files/ThirdParty/FreeRTOS/portable/GCC/ARM_CM4F" -I"F:/Knowledge_Update/workspace_1.19.0/RTOS_Workspace/RTOS_related_files/ThirdParty/SEGGER/Config" -I"F:/Knowledge_Update/workspace_1.19.0/RTOS_Workspace/RTOS_related_files/ThirdParty/SEGGER/OS" -I"F:/Knowledge_Update/workspace_1.19.0/RTOS_Workspace/RTOS_related_files/ThirdParty/SEGGER/SEGGER" -I"F:/Knowledge_Update/workspace_1.19.0/RTOS_Workspace/Queue_and_Timer/RTOS_related_files/ThirdParty/FreeRTOS" -I"F:/Knowledge_Update/workspace_1.19.0/RTOS_Workspace/Queue_and_Timer/RTOS_related_files/ThirdParty/FreeRTOS/include" -I"F:/Knowledge_Update/workspace_1.19.0/RTOS_Workspace/Queue_and_Timer/RTOS_related_files/ThirdParty/FreeRTOS/portable/GCC/ARM_CM4F" -I"F:/Knowledge_Update/workspace_1.19.0/RTOS_Workspace/Queue_and_Timer/RTOS_related_files/ThirdParty/SEGGER" -I"F:/Knowledge_Update/workspace_1.19.0/RTOS_Workspace/Queue_and_Timer/RTOS_related_files/ThirdParty/SEGGER/Config" -I"F:/Knowledge_Update/workspace_1.19.0/RTOS_Workspace/Queue_and_Timer/RTOS_related_files/ThirdParty/SEGGER/OS" -I"F:/Knowledge_Update/workspace_1.19.0/RTOS_Workspace/Queue_and_Timer/RTOS_related_files/ThirdParty/SEGGER/SEGGER" -O0 -ffunction-sections -fdata-sections -Wall -fstack-usage -fcyclomatic-complexity -MMD -MP -MF"RTOS_related_files/ThirdParty/FreeRTOS/tasks.d" -MT"RTOS_related_files/ThirdParty/FreeRTOS/tasks.o" --specs=nano.specs -mfpu=fpv4-sp-d16 -mfloat-abi=hard -mthumb -o "RTOS_related_files/ThirdParty/FreeRTOS/tasks.o"
arm-none-eabi-gcc "../RTOS_related_files/ThirdParty/FreeRTOS/timers.c" -mcpu=cortex-m4 -std=gnu11 -g3 -DDEBUG -DUSE_HAL_DRIVER -DSTM32F446xx -c -I../Core/Inc -I../Drivers/STM32F4xx_HAL_Driver/Inc -I../Drivers/STM32F4xx_HAL_Driver/Inc/Legacy -I../Drivers/CMSIS/Device/ST/STM32F4xx/Include -I../Drivers/CMSIS/Include -I"F:/Knowledge_Update/workspace_1.19.0/RTOS_Workspace/RTOS_related_files/ThirdParty/FreeRTOS/include" -I"F:/Knowledge_Update/workspace_1.19.0/RTOS_Workspace/RTOS_related_files/ThirdParty/FreeRTOS/portable/GCC/ARM_CM4F" -I"F:/Knowledge_Update/workspace_1.19.0/RTOS_Workspace/RTOS_related_files/ThirdParty/SEGGER/Config" -I"F:/Knowledge_Update/workspace_1.19.0/RTOS_Workspace/RTOS_related_files/ThirdParty/SEGGER/OS" -I"F:/Knowledge_Update/workspace_1.19.0/RTOS_Workspace/RTOS_related_files/ThirdParty/SEGGER/SEGGER" -I"F:/Knowledge_Update/workspace_1.19.0/RTOS_Workspace/Queue_and_Timer/RTOS_related_files/ThirdParty/FreeRTOS" -I"F:/Knowledge_Update/workspace_1.19.0/RTOS_Workspace/Queue_and_Timer/RTOS_related_files/ThirdParty/FreeRTOS/include" -I"F:/Knowledge_Update/workspace_1.19.0/RTOS_Workspace/Queue_and_Timer/RTOS_related_files/ThirdParty/FreeRTOS/portable/GCC/ARM_CM4F" -I"F:/Knowledge_Update/workspace_1.19.0/RTOS_Workspace/Queue_and_Timer/RTOS_related_files/ThirdParty/SEGGER" -I"F:/Knowledge_Update/workspace_1.19.0/RTOS_Workspace/Queue_and_Timer/RTOS_related_files/ThirdParty/SEGGER/Config" -I"F:/Knowledge_Update/workspace_1.19.0/RTOS_Workspace/Queue_and_Timer/RTOS_related_files/ThirdParty/SEGGER/OS" -I"F:/Knowledge_Update/workspace_1.19.0/RTOS_Workspace/Queue_and_Timer/RTOS_related_files/ThirdParty/SEGGER/SEGGER" -O0 -ffunction-sections -fdata-sections -Wall -fstack-usage -fcyclomatic-complexity -MMD -MP -MF"RTOS_related_files/ThirdParty/FreeRTOS/timers.d" -MT"RTOS_related_files/ThirdParty/FreeRTOS/timers.o" --specs=nano.specs -mfpu=fpv4-sp-d16 -mfloat-abi=hard -mthumb -o "RTOS_related_files/ThirdParty/FreeRTOS/timers.o"
arm-none-eabi-gcc "../Drivers/STM32F4xx_HAL_Driver/Src/stm32f4xx_hal.c" -mcpu=cortex-m4 -std=gnu11 -g3 -DDEBUG -DUSE_HAL_DRIVER -DSTM32F446xx -c -I../Core/Inc -I../Drivers/STM32F4xx_HAL_Driver/Inc -I../Drivers/STM32F4xx_HAL_Driver/Inc/Legacy -I../Drivers/CMSIS/Device/ST/STM32F4xx/Include -I../Drivers/CMSIS/Include -I"F:/Knowledge_Update/workspace_1.19.0/RTOS_Workspace/RTOS_related_files/ThirdParty/FreeRTOS/include" -I"F:/Knowledge_Update/workspace_1.19.0/RTOS_Workspace/RTOS_related_files/ThirdParty/FreeRTOS/portable/GCC/ARM_CM4F" -I"F:/Knowledge_Update/workspace_1.19.0/RTOS_Workspace/RTOS_related_files/ThirdParty/SEGGER/Config" -I"F:/Knowledge_Update/workspace_1.19.0/RTOS_Workspace/RTOS_related_files/ThirdParty/SEGGER/OS" -I"F:/Knowledge_Update/workspace_1.19.0/RTOS_Workspace/RTOS_related_files/ThirdParty/SEGGER/SEGGER" -I"F:/Knowledge_Update/workspace_1.19.0/RTOS_Workspace/Queue_and_Timer/RTOS_related_files/ThirdParty/FreeRTOS" -I"F:/Knowledge_Update/workspace_1.19.0/RTOS_Workspace/Queue_and_Timer/RTOS_related_files/ThirdParty/FreeRTOS/include" -I"F:/Knowledge_Update/workspace_1.19.0/RTOS_Workspace/Queue_and_Timer/RTOS_related_files/ThirdParty/FreeRTOS/portable/GCC/ARM_CM4F" -I"F:/Knowledge_Update/workspace_1.19.0/RTOS_Workspace/Queue_and_Timer/RTOS_related_files/ThirdParty/SEGGER" -I"F:/Knowledge_Update/workspace_1.19.0/RTOS_Workspace/Queue_and_Timer/RTOS_related_files/ThirdParty/SEGGER/Config" -I"F:/Knowledge_Update/workspace_1.19.0/RTOS_Workspace/Queue_and_Timer/RTOS_related_files/ThirdParty/SEGGER/OS" -I"F:/Knowledge_Update/workspace_1.19.0/RTOS_Workspace/Queue_and_Timer/RTOS_related_files/ThirdParty/SEGGER/SEGGER" -O0 -ffunction-sections -fdata-sections -Wall -fstack-usage -fcyclomatic-complexity -MMD -MP -MF"Drivers/STM32F4xx_HAL_Driver/Src/stm32f4xx_hal.d" -MT"Drivers/STM32F4xx_HAL_Driver/Src/stm32f4xx_hal.o" --specs=nano.specs -mfpu=fpv4-sp-d16 -mfloat-abi=hard -mthumb -o "Drivers/STM32F4xx_HAL_Driver/Src/stm32f4xx_hal.o"
arm-none-eabi-gcc "../Drivers/STM32F4xx_HAL_Driver/Src/stm32f4xx_hal_cortex.c" -mcpu=cortex-m4 -std=gnu11 -g3 -DDEBUG -DUSE_HAL_DRIVER -DSTM32F446xx -c -I../Core/Inc -I../Drivers/STM32F4xx_HAL_Driver/Inc -I../Drivers/STM32F4xx_HAL_Driver/Inc/Legacy -I../Drivers/CMSIS/Device/ST/STM32F4xx/Include -I../Drivers/CMSIS/Include -I"F:/Knowledge_Update/workspace_1.19.0/RTOS_Workspace/RTOS_related_files/ThirdParty/FreeRTOS/include" -I"F:/Knowledge_Update/workspace_1.19.0/RTOS_Workspace/RTOS_related_files/ThirdParty/FreeRTOS/portable/GCC/ARM_CM4F" -I"F:/Knowledge_Update/workspace_1.19.0/RTOS_Workspace/RTOS_related_files/ThirdParty/SEGGER/Config" -I"F:/Knowledge_Update/workspace_1.19.0/RTOS_Workspace/RTOS_related_files/ThirdParty/SEGGER/OS" -I"F:/Knowledge_Update/workspace_1.19.0/RTOS_Workspace/RTOS_related_files/ThirdParty/SEGGER/SEGGER" -I"F:/Knowledge_Update/workspace_1.19.0/RTOS_Workspace/Queue_and_Timer/RTOS_related_files/ThirdParty/FreeRTOS" -I"F:/Knowledge_Update/workspace_1.19.0/RTOS_Workspace/Queue_and_Timer/RTOS_related_files/ThirdParty/FreeRTOS/include" -I"F:/Knowledge_Update/workspace_1.19.0/RTOS_Workspace/Queue_and_Timer/RTOS_related_files/ThirdParty/FreeRTOS/portable/GCC/ARM_CM4F" -I"F:/Knowledge_Update/workspace_1.19.0/RTOS_Workspace/Queue_and_Timer/RTOS_related_files/ThirdParty/SEGGER" -I"F:/Knowledge_Update/workspace_1.19.0/RTOS_Workspace/Queue_and_Timer/RTOS_related_files/ThirdParty/SEGGER/Config" -I"F:/Knowledge_Update/workspace_1.19.0/RTOS_Workspace/Queue_and_Timer/RTOS_related_files/ThirdParty/SEGGER/OS" -I"F:/Knowledge_Update/workspace_1.19.0/RTOS_Workspace/Queue_and_Timer/RTOS_related_files/ThirdParty/SEGGER/SEGGER" -O0 -ffunction-sections -fdata-sections -Wall -fstack-usage -fcyclomatic-complexity -MMD -MP -MF"Drivers/STM32F4xx_HAL_Driver/Src/stm32f4xx_hal_cortex.d" -MT"Drivers/STM32F4xx_HAL_Driver/Src/stm32f4xx_hal_cortex.o" --specs=nano.specs -mfpu=fpv4-sp-d16 -mfloat-abi=hard -mthumb -o "Drivers/STM32F4xx_HAL_Driver/Src/stm32f4xx_hal_cortex.o"
arm-none-eabi-gcc "../Drivers/STM32F4xx_HAL_Driver/Src/stm32f4xx_hal_dma.c" -mcpu=cortex-m4 -std=gnu11 -g3 -DDEBUG -DUSE_HAL_DRIVER -DSTM32F446xx -c -I../Core/Inc -I../Drivers/STM32F4xx_HAL_Driver/Inc -I../Drivers/STM32F4xx_HAL_Driver/Inc/Legacy -I../Drivers/CMSIS/Device/ST/STM32F4xx/Include -I../Drivers/CMSIS/Include -I"F:/Knowledge_Update/workspace_1.19.0/RTOS_Workspace/RTOS_related_files/ThirdParty/FreeRTOS/include" -I"F:/Knowledge_Update/workspace_1.19.0/RTOS_Workspace/RTOS_related_files/ThirdParty/FreeRTOS/portable/GCC/ARM_CM4F" -I"F:/Knowledge_Update/workspace_1.19.0/RTOS_Workspace/RTOS_related_files/ThirdParty/SEGGER/Config" -I"F:/Knowledge_Update/workspace_1.19.0/RTOS_Workspace/RTOS_related_files/ThirdParty/SEGGER/OS" -I"F:/Knowledge_Update/workspace_1.19.0/RTOS_Workspace/RTOS_related_files/ThirdParty/SEGGER/SEGGER" -I"F:/Knowledge_Update/workspace_1.19.0/RTOS_Workspace/Queue_and_Timer/RTOS_related_files/ThirdParty/FreeRTOS" -I"F:/Knowledge_Update/workspace_1.19.0/RTOS_Workspace/Queue_and_Timer/RTOS_related_files/ThirdParty/FreeRTOS/include" -I"F:/Knowledge_Update/workspace_1.19.0/RTOS_Workspace/Queue_and_Timer/RTOS_related_files/ThirdParty/FreeRTOS/portable/GCC/ARM_CM4F" -I"F:/Knowledge_Update/workspace_1.19.0/RTOS_Workspace/Queue_and_Timer/RTOS_related_files/ThirdParty/SEGGER" -I"F:/Knowledge_Update/workspace_1.19.0/RTOS_Workspace/Queue_and_Timer/RTOS_related_files/ThirdParty/SEGGER/Config" -I"F:/Knowledge_Update/workspace_1.19.0/RTOS_Workspace/Queue_and_Timer/RTOS_related_files/ThirdParty/SEGGER/OS" -I"F:/Knowledge_Update/workspace_1.19.0/RTOS_Workspace/Queue_and_Timer/RTOS_related_files/ThirdParty/SEGGER/SEGGER" -O0 -ffunction-sections -fdata-sections -Wall -fstack-usage -fcyclomatic-complexity -MMD -MP -MF"Drivers/STM32F4xx_HAL_Driver/Src/stm32f4xx_hal_dma.d" -MT"Drivers/STM32F4xx_HAL_Driver/Src/stm32f4xx_hal_dma.o" --specs=nano.specs -mfpu=fpv4-sp-d16 -mfloat-abi=hard -mthumb -o "Drivers/STM32F4xx_HAL_Driver/Src/stm32f4xx_hal_dma.o"
arm-none-eabi-gcc "../Drivers/STM32F4xx_HAL_Driver/Src/stm32f4xx_hal_dma_ex.c" -mcpu=cortex-m4 -std=gnu11 -g3 -DDEBUG -DUSE_HAL_DRIVER -DSTM32F446xx -c -I../Core/Inc -I../Drivers/STM32F4xx_HAL_Driver/Inc -I../Drivers/STM32F4xx_HAL_Driver/Inc/Legacy -I../Drivers/CMSIS/Device/ST/STM32F4xx/Include -I../Drivers/CMSIS/Include -I"F:/Knowledge_Update/workspace_1.19.0/RTOS_Workspace/RTOS_related_files/ThirdParty/FreeRTOS/include" -I"F:/Knowledge_Update/workspace_1.19.0/RTOS_Workspace/RTOS_related_files/ThirdParty/FreeRTOS/portable/GCC/ARM_CM4F" -I"F:/Knowledge_Update/workspace_1.19.0/RTOS_Workspace/RTOS_related_files/ThirdParty/SEGGER/Config" -I"F:/Knowledge_Update/workspace_1.19.0/RTOS_Workspace/RTOS_related_files/ThirdParty/SEGGER/OS" -I"F:/Knowledge_Update/workspace_1.19.0/RTOS_Workspace/RTOS_related_files/ThirdParty/SEGGER/SEGGER" -I"F:/Knowledge_Update/workspace_1.19.0/RTOS_Workspace/Queue_and_Timer/RTOS_related_files/ThirdParty/FreeRTOS" -I"F:/Knowledge_Update/workspace_1.19.0/RTOS_Workspace/Queue_and_Timer/RTOS_related_files/ThirdParty/FreeRTOS/include" -I"F:/Knowledge_Update/workspace_1.19.0/RTOS_Workspace/Queue_and_Timer/RTOS_related_files/ThirdParty/FreeRTOS/portable/GCC/ARM_CM4F" -I"F:/Knowledge_Update/workspace_1.19.0/RTOS_Workspace/Queue_and_Timer/RTOS_related_files/ThirdParty/SEGGER" -I"F:/Knowledge_Update/workspace_1.19.0/RTOS_Workspace/Queue_and_Timer/RTOS_related_files/ThirdParty/SEGGER/Config" -I"F:/Knowledge_Update/workspace_1.19.0/RTOS_Workspace/Queue_and_Timer/RTOS_related_files/ThirdParty/SEGGER/OS" -I"F:/Knowledge_Update/workspace_1.19.0/RTOS_Workspace/Queue_and_Timer/RTOS_related_files/ThirdParty/SEGGER/SEGGER" -O0 -ffunction-sections -fdata-sections -Wall -fstack-usage -fcyclomatic-complexity -MMD -MP -MF"Drivers/STM32F4xx_HAL_Driver/Src/stm32f4xx_hal_dma_ex.d" -MT"Drivers/STM32F4xx_HAL_Driver/Src/stm32f4xx_hal_dma_ex.o" --specs=nano.specs -mfpu=fpv4-sp-d16 -mfloat-abi=hard -mthumb -o "Drivers/STM32F4xx_HAL_Driver/Src/stm32f4xx_hal_dma_ex.o"
arm-none-eabi-gcc "../Drivers/STM32F4xx_HAL_Driver/Src/stm32f4xx_hal_exti.c" -mcpu=cortex-m4 -std=gnu11 -g3 -DDEBUG -DUSE_HAL_DRIVER -DSTM32F446xx -c -I../Core/Inc -I../Drivers/STM32F4xx_HAL_Driver/Inc -I../Drivers/STM32F4xx_HAL_Driver/Inc/Legacy -I../Drivers/CMSIS/Device/ST/STM32F4xx/Include -I../Drivers/CMSIS/Include -I"F:/Knowledge_Update/workspace_1.19.0/RTOS_Workspace/RTOS_related_files/ThirdParty/FreeRTOS/include" -I"F:/Knowledge_Update/workspace_1.19.0/RTOS_Workspace/RTOS_related_files/ThirdParty/FreeRTOS/portable/GCC/ARM_CM4F" -I"F:/Knowledge_Update/workspace_1.19.0/RTOS_Workspace/RTOS_related_files/ThirdParty/SEGGER/Config" -I"F:/Knowledge_Update/workspace_1.19.0/RTOS_Workspace/RTOS_related_files/ThirdParty/SEGGER/OS" -I"F:/Knowledge_Update/workspace_1.19.0/RTOS_Workspace/RTOS_related_files/ThirdParty/SEGGER/SEGGER" -I"F:/Knowledge_Update/workspace_1.19.0/RTOS_Workspace/Queue_and_Timer/RTOS_related_files/ThirdParty/FreeRTOS" -I"F:/Knowledge_Update/workspace_1.19.0/RTOS_Workspace/Queue_and_Timer/RTOS_related_files/ThirdParty/FreeRTOS/include" -I"F:/Knowledge_Update/workspace_1.19.0/RTOS_Workspace/Queue_and_Timer/RTOS_related_files/ThirdParty/FreeRTOS/portable/GCC/ARM_CM4F" -I"F:/Knowledge_Update/workspace_1.19.0/RTOS_Workspace/Queue_and_Timer/RTOS_related_files/ThirdParty/SEGGER" -I"F:/Knowledge_Update/workspace_1.19.0/RTOS_Workspace/Queue_and_Timer/RTOS_related_files/ThirdParty/SEGGER/Config" -I"F:/Knowledge_Update/workspace_1.19.0/RTOS_Workspace/Queue_and_Timer/RTOS_related_files/ThirdParty/SEGGER/OS" -I"F:/Knowledge_Update/workspace_1.19.0/RTOS_Workspace/Queue_and_Timer/RTOS_related_files/ThirdParty/SEGGER/SEGGER" -O0 -ffunction-sections -fdata-sections -Wall -fstack-usage -fcyclomatic-complexity -MMD -MP -MF"Drivers/STM32F4xx_HAL_Driver/Src/stm32f4xx_hal_exti.d" -MT"Drivers/STM32F4xx_HAL_Driver/Src/stm32f4xx_hal_exti.o" --specs=nano.specs -mfpu=fpv4-sp-d16 -mfloat-abi=hard -mthumb -o "Drivers/STM32F4xx_HAL_Driver/Src/stm32f4xx_hal_exti.o"
arm-none-eabi-gcc "../Drivers/STM32F4xx_HAL_Driver/Src/stm32f4xx_hal_flash.c" -mcpu=cortex-m4 -std=gnu11 -g3 -DDEBUG -DUSE_HAL_DRIVER -DSTM32F446xx -c -I../Core/Inc -I../Drivers/STM32F4xx_HAL_Driver/Inc -I../Drivers/STM32F4xx_HAL_Driver/Inc/Legacy -I../Drivers/CMSIS/Device/ST/STM32F4xx/Include -I../Drivers/CMSIS/Include -I"F:/Knowledge_Update/workspace_1.19.0/RTOS_Workspace/RTOS_related_files/ThirdParty/FreeRTOS/include" -I"F:/Knowledge_Update/workspace_1.19.0/RTOS_Workspace/RTOS_related_files/ThirdParty/FreeRTOS/portable/GCC/ARM_CM4F" -I"F:/Knowledge_Update/workspace_1.19.0/RTOS_Workspace/RTOS_related_files/ThirdParty/SEGGER/Config" -I"F:/Knowledge_Update/workspace_1.19.0/RTOS_Workspace/RTOS_related_files/ThirdParty/SEGGER/OS" -I"F:/Knowledge_Update/workspace_1.19.0/RTOS_Workspace/RTOS_related_files/ThirdParty/SEGGER/SEGGER" -I"F:/Knowledge_Update/workspace_1.19.0/RTOS_Workspace/Queue_and_Timer/RTOS_related_files/ThirdParty/FreeRTOS" -I"F:/Knowledge_Update/workspace_1.19.0/RTOS_Workspace/Queue_and_Timer/RTOS_related_files/ThirdParty/FreeRTOS/include" -I"F:/Knowledge_Update/workspace_1.19.0/RTOS_Workspace/Queue_and_Timer/RTOS_related_files/ThirdParty/FreeRTOS/portable/GCC/ARM_CM4F" -I"F:/Knowledge_Update/workspace_1.19.0/RTOS_Workspace/Queue_and_Timer/RTOS_related_files/ThirdParty/SEGGER" -I"F:/Knowledge_Update/workspace_1.19.0/RTOS_Workspace/Queue_and_Timer/RTOS_related_files/ThirdParty/SEGGER/Config" -I"F:/Knowledge_Update/workspace_1.19.0/RTOS_Workspace/Queue_and_Timer/RTOS_related_files/ThirdParty/SEGGER/OS" -I"F:/Knowledge_Update/workspace_1.19.0/RTOS_Workspace/Queue_and_Timer/RTOS_related_files/ThirdParty/SEGGER/SEGGER" -O0 -ffunction-sections -fdata-sections -Wall -fstack-usage -fcyclomatic-complexity -MMD -MP -MF"Drivers/STM32F4xx_HAL_Driver/Src/stm32f4xx_hal_flash.d" -MT"Drivers/STM32F4xx_HAL_Driver/Src/stm32f4xx_hal_flash.o" --specs=nano.specs -mfpu=fpv4-sp-d16 -mfloat-abi=hard -mthumb -o "Drivers/STM32F4xx_HAL_Driver/Src/stm32f4xx_hal_flash.o"
arm-none-eabi-gcc "../Drivers/STM32F4xx_HAL_Driver/Src/stm32f4xx_hal_flash_ex.c" -mcpu=cortex-m4 -std=gnu11 -g3 -DDEBUG -DUSE_HAL_DRIVER -DSTM32F446xx -c -I../Core/Inc -I../Drivers/STM32F4xx_HAL_Driver/Inc -I../Drivers/STM32F4xx_HAL_Driver/Inc/Legacy -I../Drivers/CMSIS/Device/ST/STM32F4xx/Include -I../Drivers/CMSIS/Include -I"F:/Knowledge_Update/workspace_1.19.0/RTOS_Workspace/RTOS_related_files/ThirdParty/FreeRTOS/include" -I"F:/Knowledge_Update/workspace_1.19.0/RTOS_Workspace/RTOS_related_files/ThirdParty/FreeRTOS/portable/GCC/ARM_CM4F" -I"F:/Knowledge_Update/workspace_1.19.0/RTOS_Workspace/RTOS_related_files/ThirdParty/SEGGER/Config" -I"F:/Knowledge_Update/workspace_1.19.0/RTOS_Workspace/RTOS_related_files/ThirdParty/SEGGER/OS" -I"F:/Knowledge_Update/workspace_1.19.0/RTOS_Workspace/RTOS_related_files/ThirdParty/SEGGER/SEGGER" -I"F:/Knowledge_Update/workspace_1.19.0/RTOS_Workspace/Queue_and_Timer/RTOS_related_files/ThirdParty/FreeRTOS" -I"F:/Knowledge_Update/workspace_1.19.0/RTOS_Workspace/Queue_and_Timer/RTOS_related_files/ThirdParty/FreeRTOS/include" -I"F:/Knowledge_Update/workspace_1.19.0/RTOS_Workspace/Queue_and_Timer/RTOS_related_files/ThirdParty/FreeRTOS/portable/GCC/ARM_CM4F" -I"F:/Knowledge_Update/workspace_1.19.0/RTOS_Workspace/Queue_and_Timer/RTOS_related_files/ThirdParty/SEGGER" -I"F:/Knowledge_Update/workspace_1.19.0/RTOS_Workspace/Queue_and_Timer/RTOS_related_files/ThirdParty/SEGGER/Config" -I"F:/Knowledge_Update/workspace_1.19.0/RTOS_Workspace/Queue_and_Timer/RTOS_related_files/ThirdParty/SEGGER/OS" -I"F:/Knowledge_Update/workspace_1.19.0/RTOS_Workspace/Queue_and_Timer/RTOS_related_files/ThirdParty/SEGGER/SEGGER" -O0 -ffunction-sections -fdata-sections -Wall -fstack-usage -fcyclomatic-complexity -MMD -MP -MF"Drivers/STM32F4xx_HAL_Driver/Src/stm32f4xx_hal_flash_ex.d" -MT"Drivers/STM32F4xx_HAL_Driver/Src/stm32f4xx_hal_flash_ex.o" --specs=nano.specs -mfpu=fpv4-sp-d16 -mfloat-abi=hard -mthumb -o "Drivers/STM32F4xx_HAL_Driver/Src/stm32f4xx_hal_flash_ex.o"
arm-none-eabi-gcc "../Drivers/STM32F4xx_HAL_Driver/Src/stm32f4xx_hal_flash_ramfunc.c" -mcpu=cortex-m4 -std=gnu11 -g3 -DDEBUG -DUSE_HAL_DRIVER -DSTM32F446xx -c -I../Core/Inc -I../Drivers/STM32F4xx_HAL_Driver/Inc -I../Drivers/STM32F4xx_HAL_Driver/Inc/Legacy -I../Drivers/CMSIS/Device/ST/STM32F4xx/Include -I../Drivers/CMSIS/Include -I"F:/Knowledge_Update/workspace_1.19.0/RTOS_Workspace/RTOS_related_files/ThirdParty/FreeRTOS/include" -I"F:/Knowledge_Update/workspace_1.19.0/RTOS_Workspace/RTOS_related_files/ThirdParty/FreeRTOS/portable/GCC/ARM_CM4F" -I"F:/Knowledge_Update/workspace_1.19.0/RTOS_Workspace/RTOS_related_files/ThirdParty/SEGGER/Config" -I"F:/Knowledge_Update/workspace_1.19.0/RTOS_Workspace/RTOS_related_files/ThirdParty/SEGGER/OS" -I"F:/Knowledge_Update/workspace_1.19.0/RTOS_Workspace/RTOS_related_files/ThirdParty/SEGGER/SEGGER" -I"F:/Knowledge_Update/workspace_1.19.0/RTOS_Workspace/Queue_and_Timer/RTOS_related_files/ThirdParty/FreeRTOS" -I"F:/Knowledge_Update/workspace_1.19.0/RTOS_Workspace/Queue_and_Timer/RTOS_related_files/ThirdParty/FreeRTOS/include" -I"F:/Knowledge_Update/workspace_1.19.0/RTOS_Workspace/Queue_and_Timer/RTOS_related_files/ThirdParty/FreeRTOS/portable/GCC/ARM_CM4F" -I"F:/Knowledge_Update/workspace_1.19.0/RTOS_Workspace/Queue_and_Timer/RTOS_related_files/ThirdParty/SEGGER" -I"F:/Knowledge_Update/workspace_1.19.0/RTOS_Workspace/Queue_and_Timer/RTOS_related_files/ThirdParty/SEGGER/Config" -I"F:/Knowledge_Update/workspace_1.19.0/RTOS_Workspace/Queue_and_Timer/RTOS_related_files/ThirdParty/SEGGER/OS" -I"F:/Knowledge_Update/workspace_1.19.0/RTOS_Workspace/Queue_and_Timer/RTOS_related_files/ThirdParty/SEGGER/SEGGER" -O0 -ffunction-sections -fdata-sections -Wall -fstack-usage -fcyclomatic-complexity -MMD -MP -MF"Drivers/STM32F4xx_HAL_Driver/Src/stm32f4xx_hal_flash_ramfunc.d" -MT"Drivers/STM32F4xx_HAL_Driver/Src/stm32f4xx_hal_flash_ramfunc.o" --specs=nano.specs -mfpu=fpv4-sp-d16 -mfloat-abi=hard -mthumb -o "Drivers/STM32F4xx_HAL_Driver/Src/stm32f4xx_hal_flash_ramfunc.o"
arm-none-eabi-gcc "../Drivers/STM32F4xx_HAL_Driver/Src/stm32f4xx_hal_gpio.c" -mcpu=cortex-m4 -std=gnu11 -g3 -DDEBUG -DUSE_HAL_DRIVER -DSTM32F446xx -c -I../Core/Inc -I../Drivers/STM32F4xx_HAL_Driver/Inc -I../Drivers/STM32F4xx_HAL_Driver/Inc/Legacy -I../Drivers/CMSIS/Device/ST/STM32F4xx/Include -I../Drivers/CMSIS/Include -I"F:/Knowledge_Update/workspace_1.19.0/RTOS_Workspace/RTOS_related_files/ThirdParty/FreeRTOS/include" -I"F:/Knowledge_Update/workspace_1.19.0/RTOS_Workspace/RTOS_related_files/ThirdParty/FreeRTOS/portable/GCC/ARM_CM4F" -I"F:/Knowledge_Update/workspace_1.19.0/RTOS_Workspace/RTOS_related_files/ThirdParty/SEGGER/Config" -I"F:/Knowledge_Update/workspace_1.19.0/RTOS_Workspace/RTOS_related_files/ThirdParty/SEGGER/OS" -I"F:/Knowledge_Update/workspace_1.19.0/RTOS_Workspace/RTOS_related_files/ThirdParty/SEGGER/SEGGER" -I"F:/Knowledge_Update/workspace_1.19.0/RTOS_Workspace/Queue_and_Timer/RTOS_related_files/ThirdParty/FreeRTOS" -I"F:/Knowledge_Update/workspace_1.19.0/RTOS_Workspace/Queue_and_Timer/RTOS_related_files/ThirdParty/FreeRTOS/include" -I"F:/Knowledge_Update/workspace_1.19.0/RTOS_Workspace/Queue_and_Timer/RTOS_related_files/ThirdParty/FreeRTOS/portable/GCC/ARM_CM4F" -I"F:/Knowledge_Update/workspace_1.19.0/RTOS_Workspace/Queue_and_Timer/RTOS_related_files/ThirdParty/SEGGER" -I"F:/Knowledge_Update/workspace_1.19.0/RTOS_Workspace/Queue_and_Timer/RTOS_related_files/ThirdParty/SEGGER/Config" -I"F:/Knowledge_Update/workspace_1.19.0/RTOS_Workspace/Queue_and_Timer/RTOS_related_files/ThirdParty/SEGGER/OS" -I"F:/Knowledge_Update/workspace_1.19.0/RTOS_Workspace/Queue_and_Timer/RTOS_related_files/ThirdParty/SEGGER/SEGGER" -O0 -ffunction-sections -fdata-sections -Wall -fstack-usage -fcyclomatic-complexity -MMD -MP -MF"Drivers/STM32F4xx_HAL_Driver/Src/stm32f4xx_hal_gpio.d" -MT"Drivers/STM32F4xx_HAL_Driver/Src/stm32f4xx_hal_gpio.o" --specs=nano.specs -mfpu=fpv4-sp-d16 -mfloat-abi=hard -mthumb -o "Drivers/STM32F4xx_HAL_Driver/Src/stm32f4xx_hal_gpio.o"
arm-none-eabi-gcc "../Drivers/STM32F4xx_HAL_Driver/Src/stm32f4xx_hal_pwr.c" -mcpu=cortex-m4 -std=gnu11 -g3 -DDEBUG -DUSE_HAL_DRIVER -DSTM32F446xx -c -I../Core/Inc -I../Drivers/STM32F4xx_HAL_Driver/Inc -I../Drivers/STM32F4xx_HAL_Driver/Inc/Legacy -I../Drivers/CMSIS/Device/ST/STM32F4xx/Include -I../Drivers/CMSIS/Include -I"F:/Knowledge_Update/workspace_1.19.0/RTOS_Workspace/RTOS_related_files/ThirdParty/FreeRTOS/include" -I"F:/Knowledge_Update/workspace_1.19.0/RTOS_Workspace/RTOS_related_files/ThirdParty/FreeRTOS/portable/GCC/ARM_CM4F" -I"F:/Knowledge_Update/workspace_1.19.0/RTOS_Workspace/RTOS_related_files/ThirdParty/SEGGER/Config" -I"F:/Knowledge_Update/workspace_1.19.0/RTOS_Workspace/RTOS_related_files/ThirdParty/SEGGER/OS" -I"F:/Knowledge_Update/workspace_1.19.0/RTOS_Workspace/RTOS_related_files/ThirdParty/SEGGER/SEGGER" -I"F:/Knowledge_Update/workspace_1.19.0/RTOS_Workspace/Queue_and_Timer/RTOS_related_files/ThirdParty/FreeRTOS" -I"F:/Knowledge_Update/workspace_1.19.0/RTOS_Workspace/Queue_and_Timer/RTOS_related_files/ThirdParty/FreeRTOS/include" -I"F:/Knowledge_Update/workspace_1.19.0/RTOS_Workspace/Queue_and_Timer/RTOS_related_files/ThirdParty/FreeRTOS/portable/GCC/ARM_CM4F" -I"F:/Knowledge_Update/workspace_1.19.0/RTOS_Workspace/Queue_and_Timer/RTOS_related_files/ThirdParty/SEGGER" -I"F:/Knowledge_Update/workspace_1.19.0/RTOS_Workspace/Queue_and_Timer/RTOS_related_files/ThirdParty/SEGGER/Config" -I"F:/Knowledge_Update/workspace_1.19.0/RTOS_Workspace/Queue_and_Timer/RTOS_related_files/ThirdParty/SEGGER/OS" -I"F:/Knowledge_Update/workspace_1.19.0/RTOS_Workspace/Queue_and_Timer/RTOS_related_files/ThirdParty/SEGGER/SEGGER" -O0 -ffunction-sections -fdata-sections -Wall -fstack-usage -fcyclomatic-complexity -MMD -MP -MF"Drivers/STM32F4xx_HAL_Driver/Src/stm32f4xx_hal_pwr.d" -MT"Drivers/STM32F4xx_HAL_Driver/Src/stm32f4xx_hal_pwr.o" --specs=nano.specs -mfpu=fpv4-sp-d16 -mfloat-abi=hard -mthumb -o "Drivers/STM32F4xx_HAL_Driver/Src/stm32f4xx_hal_pwr.o"
arm-none-eabi-gcc "../Drivers/STM32F4xx_HAL_Driver/Src/stm32f4xx_hal_pwr_ex.c" -mcpu=cortex-m4 -std=gnu11 -g3 -DDEBUG -DUSE_HAL_DRIVER -DSTM32F446xx -c -I../Core/Inc -I../Drivers/STM32F4xx_HAL_Driver/Inc -I../Drivers/STM32F4xx_HAL_Driver/Inc/Legacy -I../Drivers/CMSIS/Device/ST/STM32F4xx/Include -I../Drivers/CMSIS/Include -I"F:/Knowledge_Update/workspace_1.19.0/RTOS_Workspace/RTOS_related_files/ThirdParty/FreeRTOS/include" -I"F:/Knowledge_Update/workspace_1.19.0/RTOS_Workspace/RTOS_related_files/ThirdParty/FreeRTOS/portable/GCC/ARM_CM4F" -I"F:/Knowledge_Update/workspace_1.19.0/RTOS_Workspace/RTOS_related_files/ThirdParty/SEGGER/Config" -I"F:/Knowledge_Update/workspace_1.19.0/RTOS_Workspace/RTOS_related_files/ThirdParty/SEGGER/OS" -I"F:/Knowledge_Update/workspace_1.19.0/RTOS_Workspace/RTOS_related_files/ThirdParty/SEGGER/SEGGER" -I"F:/Knowledge_Update/workspace_1.19.0/RTOS_Workspace/Queue_and_Timer/RTOS_related_files/ThirdParty/FreeRTOS" -I"F:/Knowledge_Update/workspace_1.19.0/RTOS_Workspace/Queue_and_Timer/RTOS_related_files/ThirdParty/FreeRTOS/include" -I"F:/Knowledge_Update/workspace_1.19.0/RTOS_Workspace/Queue_and_Timer/RTOS_related_files/ThirdParty/FreeRTOS/portable/GCC/ARM_CM4F" -I"F:/Knowledge_Update/workspace_1.19.0/RTOS_Workspace/Queue_and_Timer/RTOS_related_files/ThirdParty/SEGGER" -I"F:/Knowledge_Update/workspace_1.19.0/RTOS_Workspace/Queue_and_Timer/RTOS_related_files/ThirdParty/SEGGER/Config" -I"F:/Knowledge_Update/workspace_1.19.0/RTOS_Workspace/Queue_and_Timer/RTOS_related_files/ThirdParty/SEGGER/OS" -I"F:/Knowledge_Update/workspace_1.19.0/RTOS_Workspace/Queue_and_Timer/RTOS_related_files/ThirdParty/SEGGER/SEGGER" -O0 -ffunction-sections -fdata-sections -Wall -fstack-usage -fcyclomatic-complexity -MMD -MP -MF"Drivers/STM32F4xx_HAL_Driver/Src/stm32f4xx_hal_pwr_ex.d" -MT"Drivers/STM32F4xx_HAL_Driver/Src/stm32f4xx_hal_pwr_ex.o" --specs=nano.specs -mfpu=fpv4-sp-d16 -mfloat-abi=hard -mthumb -o "Drivers/STM32F4xx_HAL_Driver/Src/stm32f4xx_hal_pwr_ex.o"
arm-none-eabi-gcc "../Drivers/STM32F4xx_HAL_Driver/Src/stm32f4xx_hal_rcc.c" -mcpu=cortex-m4 -std=gnu11 -g3 -DDEBUG -DUSE_HAL_DRIVER -DSTM32F446xx -c -I../Core/Inc -I../Drivers/STM32F4xx_HAL_Driver/Inc -I../Drivers/STM32F4xx_HAL_Driver/Inc/Legacy -I../Drivers/CMSIS/Device/ST/STM32F4xx/Include -I../Drivers/CMSIS/Include -I"F:/Knowledge_Update/workspace_1.19.0/RTOS_Workspace/RTOS_related_files/ThirdParty/FreeRTOS/include" -I"F:/Knowledge_Update/workspace_1.19.0/RTOS_Workspace/RTOS_related_files/ThirdParty/FreeRTOS/portable/GCC/ARM_CM4F" -I"F:/Knowledge_Update/workspace_1.19.0/RTOS_Workspace/RTOS_related_files/ThirdParty/SEGGER/Config" -I"F:/Knowledge_Update/workspace_1.19.0/RTOS_Workspace/RTOS_related_files/ThirdParty/SEGGER/OS" -I"F:/Knowledge_Update/workspace_1.19.0/RTOS_Workspace/RTOS_related_files/ThirdParty/SEGGER/SEGGER" -I"F:/Knowledge_Update/workspace_1.19.0/RTOS_Workspace/Queue_and_Timer/RTOS_related_files/ThirdParty/FreeRTOS" -I"F:/Knowledge_Update/workspace_1.19.0/RTOS_Workspace/Queue_and_Timer/RTOS_related_files/ThirdParty/FreeRTOS/include" -I"F:/Knowledge_Update/workspace_1.19.0/RTOS_Workspace/Queue_and_Timer/RTOS_related_files/ThirdParty/FreeRTOS/portable/GCC/ARM_CM4F" -I"F:/Knowledge_Update/workspace_1.19.0/RTOS_Workspace/Queue_and_Timer/RTOS_related_files/ThirdParty/SEGGER" -I"F:/Knowledge_Update/workspace_1.19.0/RTOS_Workspace/Queue_and_Timer/RTOS_related_files/ThirdParty/SEGGER/Config" -I"F:/Knowledge_Update/workspace_1.19.0/RTOS_Workspace/Queue_and_Timer/RTOS_related_files/ThirdParty/SEGGER/OS" -I"F:/Knowledge_Update/workspace_1.19.0/RTOS_Workspace/Queue_and_Timer/RTOS_related_files/ThirdParty/SEGGER/SEGGER" -O0 -ffunction-sections -fdata-sections -Wall -fstack-usage -fcyclomatic-complexity -MMD -MP -MF"Drivers/STM32F4xx_HAL_Driver/Src/stm32f4xx_hal_rcc.d" -MT"Drivers/STM32F4xx_HAL_Driver/Src/stm32f4xx_hal_rcc.o" --specs=nano.specs -mfpu=fpv4-sp-d16 -mfloat-abi=hard -mthumb -o "Drivers/STM32F4xx_HAL_Driver/Src/stm32f4xx_hal_rcc.o"
arm-none-eabi-gcc "../Drivers/STM32F4xx_HAL_Driver/Src/stm32f4xx_hal_rcc_ex.c" -mcpu=cortex-m4 -std=gnu11 -g3 -DDEBUG -DUSE_HAL_DRIVER -DSTM32F446xx -c -I../Core/Inc -I../Drivers/STM32F4xx_HAL_Driver/Inc -I../Drivers/STM32F4xx_HAL_Driver/Inc/Legacy -I../Drivers/CMSIS/Device/ST/STM32F4xx/Include -I../Drivers/CMSIS/Include -I"F:/Knowledge_Update/workspace_1.19.0/RTOS_Workspace/RTOS_related_files/ThirdParty/FreeRTOS/include" -I"F:/Knowledge_Update/workspace_1.19.0/RTOS_Workspace/RTOS_related_files/ThirdParty/FreeRTOS/portable/GCC/ARM_CM4F" -I"F:/Knowledge_Update/workspace_1.19.0/RTOS_Workspace/RTOS_related_files/ThirdParty/SEGGER/Config" -I"F:/Knowledge_Update/workspace_1.19.0/RTOS_Workspace/RTOS_related_files/ThirdParty/SEGGER/OS" -I"F:/Knowledge_Update/workspace_1.19.0/RTOS_Workspace/RTOS_related_files/ThirdParty/SEGGER/SEGGER" -I"F:/Knowledge_Update/workspace_1.19.0/RTOS_Workspace/Queue_and_Timer/RTOS_related_files/ThirdParty/FreeRTOS" -I"F:/Knowledge_Update/workspace_1.19.0/RTOS_Workspace/Queue_and_Timer/RTOS_related_files/ThirdParty/FreeRTOS/include" -I"F:/Knowledge_Update/workspace_1.19.0/RTOS_Workspace/Queue_and_Timer/RTOS_related_files/ThirdParty/FreeRTOS/portable/GCC/ARM_CM4F" -I"F:/Knowledge_Update/workspace_1.19.0/RTOS_Workspace/Queue_and_Timer/RTOS_related_files/ThirdParty/SEGGER" -I"F:/Knowledge_Update/workspace_1.19.0/RTOS_Workspace/Queue_and_Timer/RTOS_related_files/ThirdParty/SEGGER/Config" -I"F:/Knowledge_Update/workspace_1.19.0/RTOS_Workspace/Queue_and_Timer/RTOS_related_files/ThirdParty/SEGGER/OS" -I"F:/Knowledge_Update/workspace_1.19.0/RTOS_Workspace/Queue_and_Timer/RTOS_related_files/ThirdParty/SEGGER/SEGGER" -O0 -ffunction-sections -fdata-sections -Wall -fstack-usage -fcyclomatic-complexity -MMD -MP -MF"Drivers/STM32F4xx_HAL_Driver/Src/stm32f4xx_hal_rcc_ex.d" -MT"Drivers/STM32F4xx_HAL_Driver/Src/stm32f4xx_hal_rcc_ex.o" --specs=nano.specs -mfpu=fpv4-sp-d16 -mfloat-abi=hard -mthumb -o "Drivers/STM32F4xx_HAL_Driver/Src/stm32f4xx_hal_rcc_ex.o"
arm-none-eabi-gcc "../Drivers/STM32F4xx_HAL_Driver/Src/stm32f4xx_hal_rtc.c" -mcpu=cortex-m4 -std=gnu11 -g3 -DDEBUG -DUSE_HAL_DRIVER -DSTM32F446xx -c -I../Core/Inc -I../Drivers/STM32F4xx_HAL_Driver/Inc -I../Drivers/STM32F4xx_HAL_Driver/Inc/Legacy -I../Drivers/CMSIS/Device/ST/STM32F4xx/Include -I../Drivers/CMSIS/Include -I"F:/Knowledge_Update/workspace_1.19.0/RTOS_Workspace/RTOS_related_files/ThirdParty/FreeRTOS/include" -I"F:/Knowledge_Update/workspace_1.19.0/RTOS_Workspace/RTOS_related_files/ThirdParty/FreeRTOS/portable/GCC/ARM_CM4F" -I"F:/Knowledge_Update/workspace_1.19.0/RTOS_Workspace/RTOS_related_files/ThirdParty/SEGGER/Config" -I"F:/Knowledge_Update/workspace_1.19.0/RTOS_Workspace/RTOS_related_files/ThirdParty/SEGGER/OS" -I"F:/Knowledge_Update/workspace_1.19.0/RTOS_Workspace/RTOS_related_files/ThirdParty/SEGGER/SEGGER" -I"F:/Knowledge_Update/workspace_1.19.0/RTOS_Workspace/Queue_and_Timer/RTOS_related_files/ThirdParty/FreeRTOS" -I"F:/Knowledge_Update/workspace_1.19.0/RTOS_Workspace/Queue_and_Timer/RTOS_related_files/ThirdParty/FreeRTOS/include" -I"F:/Knowledge_Update/workspace_1.19.0/RTOS_Workspace/Queue_and_Timer/RTOS_related_files/ThirdParty/FreeRTOS/portable/GCC/ARM_CM4F" -I"F:/Knowledge_Update/workspace_1.19.0/RTOS_Workspace/Queue_and_Timer/RTOS_related_files/ThirdParty/SEGGER" -I"F:/Knowledge_Update/workspace_1.19.0/RTOS_Workspace/Queue_and_Timer/RTOS_related_files/ThirdParty/SEGGER/Config" -I"F:/Knowledge_Update/workspace_1.19.0/RTOS_Workspace/Queue_and_Timer/RTOS_related_files/ThirdParty/SEGGER/OS" -I"F:/Knowledge_Update/workspace_1.19.0/RTOS_Workspace/Queue_and_Timer/RTOS_related_files/ThirdParty/SEGGER/SEGGER" -O0 -ffunction-sections -fdata-sections -Wall -fstack-usage -fcyclomatic-complexity -MMD -MP -MF"Drivers/STM32F4xx_HAL_Driver/Src/stm32f4xx_hal_rtc.d" -MT"Drivers/STM32F4xx_HAL_Driver/Src/stm32f4xx_hal_rtc.o" --specs=nano.specs -mfpu=fpv4-sp-d16 -mfloat-abi=hard -mthumb -o "Drivers/STM32F4xx_HAL_Driver/Src/stm32f4xx_hal_rtc.o"
arm-none-eabi-gcc "../Drivers/STM32F4xx_HAL_Driver/Src/stm32f4xx_hal_rtc_ex.c" -mcpu=cortex-m4 -std=gnu11 -g3 -DDEBUG -DUSE_HAL_DRIVER -DSTM32F446xx -c -I../Core/Inc -I../Drivers/STM32F4xx_HAL_Driver/Inc -I../Drivers/STM32F4xx_HAL_Driver/Inc/Legacy -I../Drivers/CMSIS/Device/ST/STM32F4xx/Include -I../Drivers/CMSIS/Include -I"F:/Knowledge_Update/workspace_1.19.0/RTOS_Workspace/RTOS_related_files/ThirdParty/FreeRTOS/include" -I"F:/Knowledge_Update/workspace_1.19.0/RTOS_Workspace/RTOS_related_files/ThirdParty/FreeRTOS/portable/GCC/ARM_CM4F" -I"F:/Knowledge_Update/workspace_1.19.0/RTOS_Workspace/RTOS_related_files/ThirdParty/SEGGER/Config" -I"F:/Knowledge_Update/workspace_1.19.0/RTOS_Workspace/RTOS_related_files/ThirdParty/SEGGER/OS" -I"F:/Knowledge_Update/workspace_1.19.0/RTOS_Workspace/RTOS_related_files/ThirdParty/SEGGER/SEGGER" -I"F:/Knowledge_Update/workspace_1.19.0/RTOS_Workspace/Queue_and_Timer/RTOS_related_files/ThirdParty/FreeRTOS" -I"F:/Knowledge_Update/workspace_1.19.0/RTOS_Workspace/Queue_and_Timer/RTOS_related_files/ThirdParty/FreeRTOS/include" -I"F:/Knowledge_Update/workspace_1.19.0/RTOS_Workspace/Queue_and_Timer/RTOS_related_files/ThirdParty/FreeRTOS/portable/GCC/ARM_CM4F" -I"F:/Knowledge_Update/workspace_1.19.0/RTOS_Workspace/Queue_and_Timer/RTOS_related_files/ThirdParty/SEGGER" -I"F:/Knowledge_Update/workspace_1.19.0/RTOS_Workspace/Queue_and_Timer/RTOS_related_files/ThirdParty/SEGGER/Config" -I"F:/Knowledge_Update/workspace_1.19.0/RTOS_Workspace/Queue_and_Timer/RTOS_related_files/ThirdParty/SEGGER/OS" -I"F:/Knowledge_Update/workspace_1.19.0/RTOS_Workspace/Queue_and_Timer/RTOS_related_files/ThirdParty/SEGGER/SEGGER" -O0 -ffunction-sections -fdata-sections -Wall -fstack-usage -fcyclomatic-complexity -MMD -MP -MF"Drivers/STM32F4xx_HAL_Driver/Src/stm32f4xx_hal_rtc_ex.d" -MT"Drivers/STM32F4xx_HAL_Driver/Src/stm32f4xx_hal_rtc_ex.o" --specs=nano.specs -mfpu=fpv4-sp-d16 -mfloat-abi=hard -mthumb -o "Drivers/STM32F4xx_HAL_Driver/Src/stm32f4xx_hal_rtc_ex.o"
arm-none-eabi-gcc "../Drivers/STM32F4xx_HAL_Driver/Src/stm32f4xx_hal_tim.c" -mcpu=cortex-m4 -std=gnu11 -g3 -DDEBUG -DUSE_HAL_DRIVER -DSTM32F446xx -c -I../Core/Inc -I../Drivers/STM32F4xx_HAL_Driver/Inc -I../Drivers/STM32F4xx_HAL_Driver/Inc/Legacy -I../Drivers/CMSIS/Device/ST/STM32F4xx/Include -I../Drivers/CMSIS/Include -I"F:/Knowledge_Update/workspace_1.19.0/RTOS_Workspace/RTOS_related_files/ThirdParty/FreeRTOS/include" -I"F:/Knowledge_Update/workspace_1.19.0/RTOS_Workspace/RTOS_related_files/ThirdParty/FreeRTOS/portable/GCC/ARM_CM4F" -I"F:/Knowledge_Update/workspace_1.19.0/RTOS_Workspace/RTOS_related_files/ThirdParty/SEGGER/Config" -I"F:/Knowledge_Update/workspace_1.19.0/RTOS_Workspace/RTOS_related_files/ThirdParty/SEGGER/OS" -I"F:/Knowledge_Update/workspace_1.19.0/RTOS_Workspace/RTOS_related_files/ThirdParty/SEGGER/SEGGER" -I"F:/Knowledge_Update/workspace_1.19.0/RTOS_Workspace/Queue_and_Timer/RTOS_related_files/ThirdParty/FreeRTOS" -I"F:/Knowledge_Update/workspace_1.19.0/RTOS_Workspace/Queue_and_Timer/RTOS_related_files/ThirdParty/FreeRTOS/include" -I"F:/Knowledge_Update/workspace_1.19.0/RTOS_Workspace/Queue_and_Timer/RTOS_related_files/ThirdParty/FreeRTOS/portable/GCC/ARM_CM4F" -I"F:/Knowledge_Update/workspace_1.19.0/RTOS_Workspace/Queue_and_Timer/RTOS_related_files/ThirdParty/SEGGER" -I"F:/Knowledge_Update/workspace_1.19.0/RTOS_Workspace/Queue_and_Timer/RTOS_related_files/ThirdParty/SEGGER/Config" -I"F:/Knowledge_Update/workspace_1.19.0/RTOS_Workspace/Queue_and_Timer/RTOS_related_files/ThirdParty/SEGGER/OS" -I"F:/Knowledge_Update/workspace_1.19.0/RTOS_Workspace/Queue_and_Timer/RTOS_related_files/ThirdParty/SEGGER/SEGGER" -O0 -ffunction-sections -fdata-sections -Wall -fstack-usage -fcyclomatic-complexity -MMD -MP -MF"Drivers/STM32F4xx_HAL_Driver/Src/stm32f4xx_hal_tim.d" -MT"Drivers/STM32F4xx_HAL_Driver/Src/stm32f4xx_hal_tim.o" --specs=nano.specs -mfpu=fpv4-sp-d16 -mfloat-abi=hard -mthumb -o "Drivers/STM32F4xx_HAL_Driver/Src/stm32f4xx_hal_tim.o"
arm-none-eabi-gcc "../Drivers/STM32F4xx_HAL_Driver/Src/stm32f4xx_hal_tim_ex.c" -mcpu=cortex-m4 -std=gnu11 -g3 -DDEBUG -DUSE_HAL_DRIVER -DSTM32F446xx -c -I../Core/Inc -I../Drivers/STM32F4xx_HAL_Driver/Inc -I../Drivers/STM32F4xx_HAL_Driver/Inc/Legacy -I../Drivers/CMSIS/Device/ST/STM32F4xx/Include -I../Drivers/CMSIS/Include -I"F:/Knowledge_Update/workspace_1.19.0/RTOS_Workspace/RTOS_related_files/ThirdParty/FreeRTOS/include" -I"F:/Knowledge_Update/workspace_1.19.0/RTOS_Workspace/RTOS_related_files/ThirdParty/FreeRTOS/portable/GCC/ARM_CM4F" -I"F:/Knowledge_Update/workspace_1.19.0/RTOS_Workspace/RTOS_related_files/ThirdParty/SEGGER/Config" -I"F:/Knowledge_Update/workspace_1.19.0/RTOS_Workspace/RTOS_related_files/ThirdParty/SEGGER/OS" -I"F:/Knowledge_Update/workspace_1.19.0/RTOS_Workspace/RTOS_related_files/ThirdParty/SEGGER/SEGGER" -I"F:/Knowledge_Update/workspace_1.19.0/RTOS_Workspace/Queue_and_Timer/RTOS_related_files/ThirdParty/FreeRTOS" -I"F:/Knowledge_Update/workspace_1.19.0/RTOS_Workspace/Queue_and_Timer/RTOS_related_files/ThirdParty/FreeRTOS/include" -I"F:/Knowledge_Update/workspace_1.19.0/RTOS_Workspace/Queue_and_Timer/RTOS_related_files/ThirdParty/FreeRTOS/portable/GCC/ARM_CM4F" -I"F:/Knowledge_Update/workspace_1.19.0/RTOS_Workspace/Queue_and_Timer/RTOS_related_files/ThirdParty/SEGGER" -I"F:/Knowledge_Update/workspace_1.19.0/RTOS_Workspace/Queue_and_Timer/RTOS_related_files/ThirdParty/SEGGER/Config" -I"F:/Knowledge_Update/workspace_1.19.0/RTOS_Workspace/Queue_and_Timer/RTOS_related_files/ThirdParty/SEGGER/OS" -I"F:/Knowledge_Update/workspace_1.19.0/RTOS_Workspace/Queue_and_Timer/RTOS_related_files/ThirdParty/SEGGER/SEGGER" -O0 -ffunction-sections -fdata-sections -Wall -fstack-usage -fcyclomatic-complexity -MMD -MP -MF"Drivers/STM32F4xx_HAL_Driver/Src/stm32f4xx_hal_tim_ex.d" -MT"Drivers/STM32F4xx_HAL_Driver/Src/stm32f4xx_hal_tim_ex.o" --specs=nano.specs -mfpu=fpv4-sp-d16 -mfloat-abi=hard -mthumb -o "Drivers/STM32F4xx_HAL_Driver/Src/stm32f4xx_hal_tim_ex.o"
arm-none-eabi-gcc "../Drivers/STM32F4xx_HAL_Driver/Src/stm32f4xx_hal_uart.c" -mcpu=cortex-m4 -std=gnu11 -g3 -DDEBUG -DUSE_HAL_DRIVER -DSTM32F446xx -c -I../Core/Inc -I../Drivers/STM32F4xx_HAL_Driver/Inc -I../Drivers/STM32F4xx_HAL_Driver/Inc/Legacy -I../Drivers/CMSIS/Device/ST/STM32F4xx/Include -I../Drivers/CMSIS/Include -I"F:/Knowledge_Update/workspace_1.19.0/RTOS_Workspace/RTOS_related_files/ThirdParty/FreeRTOS/include" -I"F:/Knowledge_Update/workspace_1.19.0/RTOS_Workspace/RTOS_related_files/ThirdParty/FreeRTOS/portable/GCC/ARM_CM4F" -I"F:/Knowledge_Update/workspace_1.19.0/RTOS_Workspace/RTOS_related_files/ThirdParty/SEGGER/Config" -I"F:/Knowledge_Update/workspace_1.19.0/RTOS_Workspace/RTOS_related_files/ThirdParty/SEGGER/OS" -I"F:/Knowledge_Update/workspace_1.19.0/RTOS_Workspace/RTOS_related_files/ThirdParty/SEGGER/SEGGER" -I"F:/Knowledge_Update/workspace_1.19.0/RTOS_Workspace/Queue_and_Timer/RTOS_related_files/ThirdParty/FreeRTOS" -I"F:/Knowledge_Update/workspace_1.19.0/RTOS_Workspace/Queue_and_Timer/RTOS_related_files/ThirdParty/FreeRTOS/include" -I"F:/Knowledge_Update/workspace_1.19.0/RTOS_Workspace/Queue_and_Timer/RTOS_related_files/ThirdParty/FreeRTOS/portable/GCC/ARM_CM4F" -I"F:/Knowledge_Update/workspace_1.19.0/RTOS_Workspace/Queue_and_Timer/RTOS_related_files/ThirdParty/SEGGER" -I"F:/Knowledge_Update/workspace_1.19.0/RTOS_Workspace/Queue_and_Timer/RTOS_related_files/ThirdParty/SEGGER/Config" -I"F:/Knowledge_Update/workspace_1.19.0/RTOS_Workspace/Queue_and_Timer/RTOS_related_files/ThirdParty/SEGGER/OS" -I"F:/Knowledge_Update/workspace_1.19.0/RTOS_Workspace/Queue_and_Timer/RTOS_related_files/ThirdParty/SEGGER/SEGGER" -O0 -ffunction-sections -fdata-sections -Wall -fstack-usage -fcyclomatic-complexity -MMD -MP -MF"Drivers/STM32F4xx_HAL_Driver/Src/stm32f4xx_hal_uart.d" -MT"Drivers/STM32F4xx_HAL_Driver/Src/stm32f4xx_hal_uart.o" --specs=nano.specs -mfpu=fpv4-sp-d16 -mfloat-abi=hard -mthumb -o "Drivers/STM32F4xx_HAL_Driver/Src/stm32f4xx_hal_uart.o"
arm-none-eabi-gcc -mcpu=cortex-m4 -g3 -DDEBUG -c -I"F:/Knowledge_Update/workspace_1.19.0/RTOS_Workspace/RTOS_related_files/ThirdParty/SEGGER/Config" -I"F:/Knowledge_Update/workspace_1.19.0/RTOS_Workspace/RTOS_related_files/ThirdParty/SEGGER/SEGGER" -x assembler-with-cpp -MMD -MP -MF"Core/Startup/startup_stm32f446retx.d" -MT"Core/Startup/startup_stm32f446retx.o" --specs=nano.specs -mfpu=fpv4-sp-d16 -mfloat-abi=hard -mthumb -o "Core/Startup/startup_stm32f446retx.o" "../Core/Startup/startup_stm32f446retx.s"
arm-none-eabi-gcc "../Core/Src/led_effects.c" -mcpu=cortex-m4 -std=gnu11 -g3 -DDEBUG -DUSE_HAL_DRIVER -DSTM32F446xx -c -I../Core/Inc -I../Drivers/STM32F4xx_HAL_Driver/Inc -I../Drivers/STM32F4xx_HAL_Driver/Inc/Legacy -I../Drivers/CMSIS/Device/ST/STM32F4xx/Include -I../Drivers/CMSIS/Include -I"F:/Knowledge_Update/workspace_1.19.0/RTOS_Workspace/RTOS_related_files/ThirdParty/FreeRTOS/include" -I"F:/Knowledge_Update/workspace_1.19.0/RTOS_Workspace/RTOS_related_files/ThirdParty/FreeRTOS/portable/GCC/ARM_CM4F" -I"F:/Knowledge_Update/workspace_1.19.0/RTOS_Workspace/RTOS_related_files/ThirdParty/SEGGER/Config" -I"F:/Knowledge_Update/workspace_1.19.0/RTOS_Workspace/RTOS_related_files/ThirdParty/SEGGER/OS" -I"F:/Knowledge_Update/workspace_1.19.0/RTOS_Workspace/RTOS_related_files/ThirdParty/SEGGER/SEGGER" -I"F:/Knowledge_Update/workspace_1.19.0/RTOS_Workspace/Queue_and_Timer/RTOS_related_files/ThirdParty/FreeRTOS" -I"F:/Knowledge_Update/workspace_1.19.0/RTOS_Workspace/Queue_and_Timer/RTOS_related_files/ThirdParty/FreeRTOS/include" -I"F:/Knowledge_Update/workspace_1.19.0/RTOS_Workspace/Queue_and_Timer/RTOS_related_files/ThirdParty/FreeRTOS/portable/GCC/ARM_CM4F" -I"F:/Knowledge_Update/workspace_1.19.0/RTOS_Workspace/Queue_and_Timer/RTOS_related_files/ThirdParty/SEGGER" -I"F:/Knowledge_Update/workspace_1.19.0/RTOS_Workspace/Queue_and_Timer/RTOS_related_files/ThirdParty/SEGGER/Config" -I"F:/Knowledge_Update/workspace_1.19.0/RTOS_Workspace/Queue_and_Timer/RTOS_related_files/ThirdParty/SEGGER/OS" -I"F:/Knowledge_Update/workspace_1.19.0/RTOS_Workspace/Queue_and_Timer/RTOS_related_files/ThirdParty/SEGGER/SEGGER" -O0 -ffunction-sections -fdata-sections -Wall -fstack-usage -fcyclomatic-complexity -MMD -MP -MF"Core/Src/led_effects.d" -MT"Core/Src/led_effects.o" --specs=nano.specs -mfpu=fpv4-sp-d16 -mfloat-abi=hard -mthumb -o "Core/Src/led_effects.o"
arm-none-eabi-gcc "../Core/Src/main.c" -mcpu=cortex-m4 -std=gnu11 -g3 -DDEBUG -DUSE_HAL_DRIVER -DSTM32F446xx -c -I../Core/Inc -I../Drivers/STM32F4xx_HAL_Driver/Inc -I../Drivers/STM32F4xx_HAL_Driver/Inc/Legacy -I../Drivers/CMSIS/Device/ST/STM32F4xx/Include -I../Drivers/CMSIS/Include -I"F:/Knowledge_Update/workspace_1.19.0/RTOS_Workspace/RTOS_related_files/ThirdParty/FreeRTOS/include" -I"F:/Knowledge_Update/workspace_1.19.0/RTOS_Workspace/RTOS_related_files/ThirdParty/FreeRTOS/portable/GCC/ARM_CM4F" -I"F:/Knowledge_Update/workspace_1.19.0/RTOS_Workspace/RTOS_related_files/ThirdParty/SEGGER/Config" -I"F:/Knowledge_Update/workspace_1.19.0/RTOS_Workspace/RTOS_related_files/ThirdParty/SEGGER/OS" -I"F:/Knowledge_Update/workspace_1.19.0/RTOS_Workspace/RTOS_related_files/ThirdParty/SEGGER/SEGGER" -I"F:/Knowledge_Update/workspace_1.19.0/RTOS_Workspace/Queue_and_Timer/RTOS_related_files/ThirdParty/FreeRTOS" -I"F:/Knowledge_Update/workspace_1.19.0/RTOS_Workspace/Queue_and_Timer/RTOS_related_files/ThirdParty/FreeRTOS/include" -I"F:/Knowledge_Update/workspace_1.19.0/RTOS_Workspace/Queue_and_Timer/RTOS_related_files/ThirdParty/FreeRTOS/portable/GCC/ARM_CM4F" -I"F:/Knowledge_Update/workspace_1.19.0/RTOS_Workspace/Queue_and_Timer/RTOS_related_files/ThirdParty/SEGGER" -I"F:/Knowledge_Update/workspace_1.19.0/RTOS_Workspace/Queue_and_Timer/RTOS_related_files/ThirdParty/SEGGER/Config" -I"F:/Knowledge_Update/workspace_1.19.0/RTOS_Workspace/Queue_and_Timer/RTOS_related_files/ThirdParty/SEGGER/OS" -I"F:/Knowledge_Update/workspace_1.19.0/RTOS_Workspace/Queue_and_Timer/RTOS_related_files/ThirdParty/SEGGER/SEGGER" -O0 -ffunction-sections -fdata-sections -Wall -fstack-usage -fcyclomatic-complexity -MMD -MP -MF"Core/Src/main.d" -MT"Core/Src/main.o" --specs=nano.specs -mfpu=fpv4-sp-d16 -mfloat-abi=hard -mthumb -o "Core/Src/main.o"
arm-none-eabi-gcc "../Core/Src/rtc.c" -mcpu=cortex-m4 -std=gnu11 -g3 -DDEBUG -DUSE_HAL_DRIVER -DSTM32F446xx -c -I../Core/Inc -I../Drivers/STM32F4xx_HAL_Driver/Inc -I../Drivers/STM32F4xx_HAL_Driver/Inc/Legacy -I../Drivers/CMSIS/Device/ST/STM32F4xx/Include -I../Drivers/CMSIS/Include -I"F:/Knowledge_Update/workspace_1.19.0/RTOS_Workspace/RTOS_related_files/ThirdParty/FreeRTOS/include" -I"F:/Knowledge_Update/workspace_1.19.0/RTOS_Workspace/RTOS_related_files/ThirdParty/FreeRTOS/portable/GCC/ARM_CM4F" -I"F:/Knowledge_Update/workspace_1.19.0/RTOS_Workspace/RTOS_related_files/ThirdParty/SEGGER/Config" -I"F:/Knowledge_Update/workspace_1.19.0/RTOS_Workspace/RTOS_related_files/ThirdParty/SEGGER/OS" -I"F:/Knowledge_Update/workspace_1.19.0/RTOS_Workspace/RTOS_related_files/ThirdParty/SEGGER/SEGGER" -I"F:/Knowledge_Update/workspace_1.19.0/RTOS_Workspace/Queue_and_Timer/RTOS_related_files/ThirdParty/FreeRTOS" -I"F:/Knowledge_Update/workspace_1.19.0/RTOS_Workspace/Queue_and_Timer/RTOS_related_files/ThirdParty/FreeRTOS/include" -I"F:/Knowledge_Update/workspace_1.19.0/RTOS_Workspace/Queue_and_Timer/RTOS_related_files/ThirdParty/FreeRTOS/portable/GCC/ARM_CM4F" -I"F:/Knowledge_Update/workspace_1.19.0/RTOS_Workspace/Queue_and_Timer/RTOS_related_files/ThirdParty/SEGGER" -I"F:/Knowledge_Update/workspace_1.19.0/RTOS_Workspace/Queue_and_Timer/RTOS_related_files/ThirdParty/SEGGER/Config" -I"F:/Knowledge_Update/workspace_1.19.0/RTOS_Workspace/Queue_and_Timer/RTOS_related_files/ThirdParty/SEGGER/OS" -I"F:/Knowledge_Update/workspace_1.19.0/RTOS_Workspace/Queue_and_Timer/RTOS_related_files/ThirdParty/SEGGER/SEGGER" -O0 -ffunction-sections -fdata-sections -Wall -fstack-usage -fcyclomatic-complexity -MMD -MP -MF"Core/Src/rtc.d" -MT"Core/Src/rtc.o" --specs=nano.specs -mfpu=fpv4-sp-d16 -mfloat-abi=hard -mthumb -o "Core/Src/rtc.o"
arm-none-eabi-gcc "../Core/Src/stm32f4xx_hal_msp.c" -mcpu=cortex-m4 -std=gnu11 -g3 -DDEBUG -DUSE_HAL_DRIVER -DSTM32F446xx -c -I../Core/Inc -I../Drivers/STM32F4xx_HAL_Driver/Inc -I../Drivers/STM32F4xx_HAL_Driver/Inc/Legacy -I../Drivers/CMSIS/Device/ST/STM32F4xx/Include -I../Drivers/CMSIS/Include -I"F:/Knowledge_Update/workspace_1.19.0/RTOS_Workspace/RTOS_related_files/ThirdParty/FreeRTOS/include" -I"F:/Knowledge_Update/workspace_1.19.0/RTOS_Workspace/RTOS_related_files/ThirdParty/FreeRTOS/portable/GCC/ARM_CM4F" -I"F:/Knowledge_Update/workspace_1.19.0/RTOS_Workspace/RTOS_related_files/ThirdParty/SEGGER/Config" -I"F:/Knowledge_Update/workspace_1.19.0/RTOS_Workspace/RTOS_related_files/ThirdParty/SEGGER/OS" -I"F:/Knowledge_Update/workspace_1.19.0/RTOS_Workspace/RTOS_related_files/ThirdParty/SEGGER/SEGGER" -I"F:/Knowledge_Update/workspace_1.19.0/RTOS_Workspace/Queue_and_Timer/RTOS_related_files/ThirdParty/FreeRTOS" -I"F:/Knowledge_Update/workspace_1.19.0/RTOS_Workspace/Queue_and_Timer/RTOS_related_files/ThirdParty/FreeRTOS/include" -I"F:/Knowledge_Update/workspace_1.19.0/RTOS_Workspace/Queue_and_Timer/RTOS_related_files/ThirdParty/FreeRTOS/portable/GCC/ARM_CM4F" -I"F:/Knowledge_Update/workspace_1.19.0/RTOS_Workspace/Queue_and_Timer/RTOS_related_files/ThirdParty/SEGGER" -I"F:/Knowledge_Update/workspace_1.19.0/RTOS_Workspace/Queue_and_Timer/RTOS_related_files/ThirdParty/SEGGER/Config" -I"F:/Knowledge_Update/workspace_1.19.0/RTOS_Workspace/Queue_and_Timer/RTOS_related_files/ThirdParty/SEGGER/OS" -I"F:/Knowledge_Update/workspace_1.19.0/RTOS_Workspace/Queue_and_Timer/RTOS_related_files/ThirdParty/SEGGER/SEGGER" -O0 -ffunction-sections -fdata-sections -Wall -fstack-usage -fcyclomatic-complexity -MMD -MP -MF"Core/Src/stm32f4xx_hal_msp.d" -MT"Core/Src/stm32f4xx_hal_msp.o" --specs=nano.specs -mfpu=fpv4-sp-d16 -mfloat-abi=hard -mthumb -o "Core/Src/stm32f4xx_hal_msp.o"
arm-none-eabi-gcc "../Core/Src/stm32f4xx_hal_timebase_tim.c" -mcpu=cortex-m4 -std=gnu11 -g3 -DDEBUG -DUSE_HAL_DRIVER -DSTM32F446xx -c -I../Core/Inc -I../Drivers/STM32F4xx_HAL_Driver/Inc -I../Drivers/STM32F4xx_HAL_Driver/Inc/Legacy -I../Drivers/CMSIS/Device/ST/STM32F4xx/Include -I../Drivers/CMSIS/Include -I"F:/Knowledge_Update/workspace_1.19.0/RTOS_Workspace/RTOS_related_files/ThirdParty/FreeRTOS/include" -I"F:/Knowledge_Update/workspace_1.19.0/RTOS_Workspace/RTOS_related_files/ThirdParty/FreeRTOS/portable/GCC/ARM_CM4F" -I"F:/Knowledge_Update/workspace_1.19.0/RTOS_Workspace/RTOS_related_files/ThirdParty/SEGGER/Config" -I"F:/Knowledge_Update/workspace_1.19.0/RTOS_Workspace/RTOS_related_files/ThirdParty/SEGGER/OS" -I"F:/Knowledge_Update/workspace_1.19.0/RTOS_Workspace/RTOS_related_files/ThirdParty/SEGGER/SEGGER" -I"F:/Knowledge_Update/workspace_1.19.0/RTOS_Workspace/Queue_and_Timer/RTOS_related_files/ThirdParty/FreeRTOS" -I"F:/Knowledge_Update/workspace_1.19.0/RTOS_Workspace/Queue_and_Timer/RTOS_related_files/ThirdParty/FreeRTOS/include" -I"F:/Knowledge_Update/workspace_1.19.0/RTOS_Workspace/Queue_and_Timer/RTOS_related_files/ThirdParty/FreeRTOS/portable/GCC/ARM_CM4F" -I"F:/Knowledge_Update/workspace_1.19.0/RTOS_Workspace/Queue_and_Timer/RTOS_related_files/ThirdParty/SEGGER" -I"F:/Knowledge_Update/workspace_1.19.0/RTOS_Workspace/Queue_and_Timer/RTOS_related_files/ThirdParty/SEGGER/Config" -I"F:/Knowledge_Update/workspace_1.19.0/RTOS_Workspace/Queue_and_Timer/RTOS_related_files/ThirdParty/SEGGER/OS" -I"F:/Knowledge_Update/workspace_1.19.0/RTOS_Workspace/Queue_and_Timer/RTOS_related_files/ThirdParty/SEGGER/SEGGER" -O0 -ffunction-sections -fdata-sections -Wall -fstack-usage -fcyclomatic-complexity -MMD -MP -MF"Core/Src/stm32f4xx_hal_timebase_tim.d" -MT"Core/Src/stm32f4xx_hal_timebase_tim.o" --specs=nano.specs -mfpu=fpv4-sp-d16 -mfloat-abi=hard -mthumb -o "Core/Src/stm32f4xx_hal_timebase_tim.o"
../Core/Src/led_effects.c: In function 'led_effect_stop':
../Core/Src/led_effects.c:14:39: warning: assignment to 'TimerHandle_t' {aka 'struct tmrTimerControl *'} from 'BaseType_t' {aka 'long int'} makes pointer from integer without a cast [-Wint-conversion]
   14 |                    handle_led_timer[i]=xTimerStop(handle_led_timer[i-1],portMAX_DELAY);
      |                                       ^
arm-none-eabi-gcc "../Core/Src/stm32f4xx_it.c" -mcpu=cortex-m4 -std=gnu11 -g3 -DDEBUG -DUSE_HAL_DRIVER -DSTM32F446xx -c -I../Core/Inc -I../Drivers/STM32F4xx_HAL_Driver/Inc -I../Drivers/STM32F4xx_HAL_Driver/Inc/Legacy -I../Drivers/CMSIS/Device/ST/STM32F4xx/Include -I../Drivers/CMSIS/Include -I"F:/Knowledge_Update/workspace_1.19.0/RTOS_Workspace/RTOS_related_files/ThirdParty/FreeRTOS/include" -I"F:/Knowledge_Update/workspace_1.19.0/RTOS_Workspace/RTOS_related_files/ThirdParty/FreeRTOS/portable/GCC/ARM_CM4F" -I"F:/Knowledge_Update/workspace_1.19.0/RTOS_Workspace/RTOS_related_files/ThirdParty/SEGGER/Config" -I"F:/Knowledge_Update/workspace_1.19.0/RTOS_Workspace/RTOS_related_files/ThirdParty/SEGGER/OS" -I"F:/Knowledge_Update/workspace_1.19.0/RTOS_Workspace/RTOS_related_files/ThirdParty/SEGGER/SEGGER" -I"F:/Knowledge_Update/workspace_1.19.0/RTOS_Workspace/Queue_and_Timer/RTOS_related_files/ThirdParty/FreeRTOS" -I"F:/Knowledge_Update/workspace_1.19.0/RTOS_Workspace/Queue_and_Timer/RTOS_related_files/ThirdParty/FreeRTOS/include" -I"F:/Knowledge_Update/workspace_1.19.0/RTOS_Workspace/Queue_and_Timer/RTOS_related_files/ThirdParty/FreeRTOS/portable/GCC/ARM_CM4F" -I"F:/Knowledge_Update/workspace_1.19.0/RTOS_Workspace/Queue_and_Timer/RTOS_related_files/ThirdParty/SEGGER" -I"F:/Knowledge_Update/workspace_1.19.0/RTOS_Workspace/Queue_and_Timer/RTOS_related_files/ThirdParty/SEGGER/Config" -I"F:/Knowledge_Update/workspace_1.19.0/RTOS_Workspace/Queue_and_Timer/RTOS_related_files/ThirdParty/SEGGER/OS" -I"F:/Knowledge_Update/workspace_1.19.0/RTOS_Workspace/Queue_and_Timer/RTOS_related_files/ThirdParty/SEGGER/SEGGER" -O0 -ffunction-sections -fdata-sections -Wall -fstack-usage -fcyclomatic-complexity -MMD -MP -MF"Core/Src/stm32f4xx_it.d" -MT"Core/Src/stm32f4xx_it.o" --specs=nano.specs -mfpu=fpv4-sp-d16 -mfloat-abi=hard -mthumb -o "Core/Src/stm32f4xx_it.o"
arm-none-eabi-gcc "../Core/Src/syscalls.c" -mcpu=cortex-m4 -std=gnu11 -g3 -DDEBUG -DUSE_HAL_DRIVER -DSTM32F446xx -c -I../Core/Inc -I../Drivers/STM32F4xx_HAL_Driver/Inc -I../Drivers/STM32F4xx_HAL_Driver/Inc/Legacy -I../Drivers/CMSIS/Device/ST/STM32F4xx/Include -I../Drivers/CMSIS/Include -I"F:/Knowledge_Update/workspace_1.19.0/RTOS_Workspace/RTOS_related_files/ThirdParty/FreeRTOS/include" -I"F:/Knowledge_Update/workspace_1.19.0/RTOS_Workspace/RTOS_related_files/ThirdParty/FreeRTOS/portable/GCC/ARM_CM4F" -I"F:/Knowledge_Update/workspace_1.19.0/RTOS_Workspace/RTOS_related_files/ThirdParty/SEGGER/Config" -I"F:/Knowledge_Update/workspace_1.19.0/RTOS_Workspace/RTOS_related_files/ThirdParty/SEGGER/OS" -I"F:/Knowledge_Update/workspace_1.19.0/RTOS_Workspace/RTOS_related_files/ThirdParty/SEGGER/SEGGER" -I"F:/Knowledge_Update/workspace_1.19.0/RTOS_Workspace/Queue_and_Timer/RTOS_related_files/ThirdParty/FreeRTOS" -I"F:/Knowledge_Update/workspace_1.19.0/RTOS_Workspace/Queue_and_Timer/RTOS_related_files/ThirdParty/FreeRTOS/include" -I"F:/Knowledge_Update/workspace_1.19.0/RTOS_Workspace/Queue_and_Timer/RTOS_related_files/ThirdParty/FreeRTOS/portable/GCC/ARM_CM4F" -I"F:/Knowledge_Update/workspace_1.19.0/RTOS_Workspace/Queue_and_Timer/RTOS_related_files/ThirdParty/SEGGER" -I"F:/Knowledge_Update/workspace_1.19.0/RTOS_Workspace/Queue_and_Timer/RTOS_related_files/ThirdParty/SEGGER/Config" -I"F:/Knowledge_Update/workspace_1.19.0/RTOS_Workspace/Queue_and_Timer/RTOS_related_files/ThirdParty/SEGGER/OS" -I"F:/Knowledge_Update/workspace_1.19.0/RTOS_Workspace/Queue_and_Timer/RTOS_related_files/ThirdParty/SEGGER/SEGGER" -O0 -ffunction-sections -fdata-sections -Wall -fstack-usage -fcyclomatic-complexity -MMD -MP -MF"Core/Src/syscalls.d" -MT"Core/Src/syscalls.o" --specs=nano.specs -mfpu=fpv4-sp-d16 -mfloat-abi=hard -mthumb -o "Core/Src/syscalls.o"
arm-none-eabi-gcc "../Core/Src/system_stm32f4xx.c" -mcpu=cortex-m4 -std=gnu11 -g3 -DDEBUG -DUSE_HAL_DRIVER -DSTM32F446xx -c -I../Core/Inc -I../Drivers/STM32F4xx_HAL_Driver/Inc -I../Drivers/STM32F4xx_HAL_Driver/Inc/Legacy -I../Drivers/CMSIS/Device/ST/STM32F4xx/Include -I../Drivers/CMSIS/Include -I"F:/Knowledge_Update/workspace_1.19.0/RTOS_Workspace/RTOS_related_files/ThirdParty/FreeRTOS/include" -I"F:/Knowledge_Update/workspace_1.19.0/RTOS_Workspace/RTOS_related_files/ThirdParty/FreeRTOS/portable/GCC/ARM_CM4F" -I"F:/Knowledge_Update/workspace_1.19.0/RTOS_Workspace/RTOS_related_files/ThirdParty/SEGGER/Config" -I"F:/Knowledge_Update/workspace_1.19.0/RTOS_Workspace/RTOS_related_files/ThirdParty/SEGGER/OS" -I"F:/Knowledge_Update/workspace_1.19.0/RTOS_Workspace/RTOS_related_files/ThirdParty/SEGGER/SEGGER" -I"F:/Knowledge_Update/workspace_1.19.0/RTOS_Workspace/Queue_and_Timer/RTOS_related_files/ThirdParty/FreeRTOS" -I"F:/Knowledge_Update/workspace_1.19.0/RTOS_Workspace/Queue_and_Timer/RTOS_related_files/ThirdParty/FreeRTOS/include" -I"F:/Knowledge_Update/workspace_1.19.0/RTOS_Workspace/Queue_and_Timer/RTOS_related_files/ThirdParty/FreeRTOS/portable/GCC/ARM_CM4F" -I"F:/Knowledge_Update/workspace_1.19.0/RTOS_Workspace/Queue_and_Timer/RTOS_related_files/ThirdParty/SEGGER" -I"F:/Knowledge_Update/workspace_1.19.0/RTOS_Workspace/Queue_and_Timer/RTOS_related_files/ThirdParty/SEGGER/Config" -I"F:/Knowledge_Update/workspace_1.19.0/RTOS_Workspace/Queue_and_Timer/RTOS_related_files/ThirdParty/SEGGER/OS" -I"F:/Knowledge_Update/workspace_1.19.0/RTOS_Workspace/Queue_and_Timer/RTOS_related_files/ThirdParty/SEGGER/SEGGER" -O0 -ffunction-sections -fdata-sections -Wall -fstack-usage -fcyclomatic-complexity -MMD -MP -MF"Core/Src/system_stm32f4xx.d" -MT"Core/Src/system_stm32f4xx.o" --specs=nano.specs -mfpu=fpv4-sp-d16 -mfloat-abi=hard -mthumb -o "Core/Src/system_stm32f4xx.o"
arm-none-eabi-gcc "../Core/Src/task_handler.c" -mcpu=cortex-m4 -std=gnu11 -g3 -DDEBUG -DUSE_HAL_DRIVER -DSTM32F446xx -c -I../Core/Inc -I../Drivers/STM32F4xx_HAL_Driver/Inc -I../Drivers/STM32F4xx_HAL_Driver/Inc/Legacy -I../Drivers/CMSIS/Device/ST/STM32F4xx/Include -I../Drivers/CMSIS/Include -I"F:/Knowledge_Update/workspace_1.19.0/RTOS_Workspace/RTOS_related_files/ThirdParty/FreeRTOS/include" -I"F:/Knowledge_Update/workspace_1.19.0/RTOS_Workspace/RTOS_related_files/ThirdParty/FreeRTOS/portable/GCC/ARM_CM4F" -I"F:/Knowledge_Update/workspace_1.19.0/RTOS_Workspace/RTOS_related_files/ThirdParty/SEGGER/Config" -I"F:/Knowledge_Update/workspace_1.19.0/RTOS_Workspace/RTOS_related_files/ThirdParty/SEGGER/OS" -I"F:/Knowledge_Update/workspace_1.19.0/RTOS_Workspace/RTOS_related_files/ThirdParty/SEGGER/SEGGER" -I"F:/Knowledge_Update/workspace_1.19.0/RTOS_Workspace/Queue_and_Timer/RTOS_related_files/ThirdParty/FreeRTOS" -I"F:/Knowledge_Update/workspace_1.19.0/RTOS_Workspace/Queue_and_Timer/RTOS_related_files/ThirdParty/FreeRTOS/include" -I"F:/Knowledge_Update/workspace_1.19.0/RTOS_Workspace/Queue_and_Timer/RTOS_related_files/ThirdParty/FreeRTOS/portable/GCC/ARM_CM4F" -I"F:/Knowledge_Update/workspace_1.19.0/RTOS_Workspace/Queue_and_Timer/RTOS_related_files/ThirdParty/SEGGER" -I"F:/Knowledge_Update/workspace_1.19.0/RTOS_Workspace/Queue_and_Timer/RTOS_related_files/ThirdParty/SEGGER/Config" -I"F:/Knowledge_Update/workspace_1.19.0/RTOS_Workspace/Queue_and_Timer/RTOS_related_files/ThirdParty/SEGGER/OS" -I"F:/Knowledge_Update/workspace_1.19.0/RTOS_Workspace/Queue_and_Timer/RTOS_related_files/ThirdParty/SEGGER/SEGGER" -O0 -ffunction-sections -fdata-sections -Wall -fstack-usage -fcyclomatic-complexity -MMD -MP -MF"Core/Src/task_handler.d" -MT"Core/Src/task_handler.o" --specs=nano.specs -mfpu=fpv4-sp-d16 -mfloat-abi=hard -mthumb -o "Core/Src/task_handler.o"
../Core/Src/task_handler.c: In function 'menu_task':
../Core/Src/task_handler.c:20:17: warning: variable 'curr_state' set but not used [-Wunused-but-set-variable]
   20 |         state_t curr_state=sMainMenu;
      |                 ^~~~~~~~~~
../Core/Src/task_handler.c: In function 'led_task':
../Core/Src/task_handler.c:103:33: warning: variable 'curr_state' set but not used [-Wunused-but-set-variable]
  103 |                         state_t curr_state=sMainMenu;
      |                                 ^~~~~~~~~~
../Core/Src/task_handler.c: In function 'process_command':
../Core/Src/task_handler.c:158:9: warning: 'curr_state' is used uninitialized [-Wuninitialized]
  158 |         switch(curr_state)               // based on the state do the further processing
      |         ^~~~~~
../Core/Src/task_handler.c:157:13: note: 'curr_state' was declared here
  157 |     state_t curr_state;
      |             ^~~~~~~~~~
arm-none-eabi-gcc -o "Queue_and_Timer.elf" @"objects.list"   -mcpu=cortex-m4 -T"F:\Knowledge_Update\workspace_1.19.0\RTOS_Workspace\Queue_and_Timer\STM32F446RETX_FLASH.ld" --specs=nosys.specs -Wl,-Map="Queue_and_Timer.map" -Wl,--gc-sections -static --specs=nano.specs -mfpu=fpv4-sp-d16 -mfloat-abi=hard -mthumb -Wl,--start-group -lc -lm -Wl,--end-group
Finished building target: Queue_and_Timer.elf
 
arm-none-eabi-size  Queue_and_Timer.elf 
arm-none-eabi-objdump -h -S Queue_and_Timer.elf  > "Queue_and_Timer.list"
   text	   data	    bss	    dec	    hex	filename
  25348	     36	  79020	 104404	  197d4	Queue_and_Timer.elf
Finished building: default.size.stdout
 
Finished building: Queue_and_Timer.list
 
