../Core/Src/main.c:84:5:main	48	static,ignoring_inline_asm
../Core/Src/main.c:164:6:SystemClock_Config	88	static
../Core/Src/main.c:214:13:MX_RTC_Init	8	static
../Core/Src/main.c:249:13:MX_USART2_UART_Init	8	static
../Core/Src/main.c:282:13:MX_GPIO_Init	48	static
../Core/Src/main.c:308:6:led_effect_callback	24	static
../Core/Src/main.c:329:6:HAL_UART_RxCpltCallback	32	static
../Core/Src/main.c:374:6:HAL_TIM_PeriodElapsedCallback	16	static
../Core/Src/main.c:392:6:Error_Handler	4	static,ignoring_inline_asm
